../source/inspectorRTOS.c:137:6:userSelectMode	16	static
../source/inspectorRTOS.c:178:6:UARTsend	32	static
../source/inspectorRTOS.c:201:6:moveXStepperMotor	32	static
../source/inspectorRTOS.c:228:6:moveYStepperMotor	32	static
../source/inspectorRTOS.c:256:6:returnToOrigin	16	static
../source/inspectorRTOS.c:264:6:calcStepperIns	16	static
../source/inspectorRTOS.c:307:6:errorTaskStop	16	static
../source/inspectorRTOS.c:334:6:LCDprinter	80	static
../source/inspectorRTOS.c:359:6:loadRowIns	16	static
../source/inspectorRTOS.c:374:6:loadAllIns	16	static
../source/inspectorRTOS.c:406:6:displayResults	16	static
../source/inspectorRTOS.c:443:6:blinkRedLED	16	static
../source/inspectorRTOS.c:460:6:blinkYellowLED	16	static
../source/inspectorRTOS.c:477:6:blinkBlueLED	16	static
../source/inspectorRTOS.c:494:6:blinkGreenLED	16	static
../source/inspectorRTOS.c:515:6:configPORTA_IRQ	8	static
../source/inspectorRTOS.c:542:6:PORTA_IRQHandler	8	static
../source/inspectorRTOS.c:568:5:main	112	static
