../board/RGB.c:4:6:LED_On	16	static
../board/RGB.c:7:6:LED_Off	16	static
../board/RGB.c:10:6:LED_Toggle	16	static
../board/RGB.c:13:6:RGB_On	8	static
../board/RGB.c:20:6:RGB_Off	8	static
../board/RGB.c:29:6:GreenOn	8	static
../board/RGB.c:31:6:BlueOn	8	static
../board/RGB.c:33:6:RedOn	8	static
../board/RGB.c:35:6:WhiteOn	8	static
../board/RGB.c:37:6:YellowOn	8	static
../board/RGB.c:42:6:PurpleOn	8	static
../board/RGB.c:50:6:GreenOff	8	static
../board/RGB.c:52:6:BlueOff	8	static
../board/RGB.c:54:6:RedOff	8	static
../board/RGB.c:56:6:WhiteOff	8	static
../board/RGB.c:58:6:YellowOff	8	static
../board/RGB.c:63:6:PurpleOff	8	static
../board/RGB.c:71:6:GreenToggle	8	static
../board/RGB.c:73:6:BlueToggle	8	static
../board/RGB.c:75:6:RedToggle	8	static
../board/RGB.c:77:6:WhiteToggle	8	static
../board/RGB.c:83:6:YellowToggle	8	static
../board/RGB.c:87:6:PurpleToggle	8	static
