Archive member included to satisfy reference by file (symbol)

/usr/local/mcuxpressoide-11.9.0_2144/ide/plugins/com.nxp.mcuxpresso.tools.linux_11.9.0.202307121226/tools/bin/../lib/gcc/arm-none-eabi/12.3.1/../../../../arm-none-eabi/lib/thumb/v6-m/nofp/libcr_nohost_nf.a(_cr__main.o)
                              ./startup/startup_mkl25z4.o (__main)
/usr/local/mcuxpressoide-11.9.0_2144/ide/plugins/com.nxp.mcuxpresso.tools.linux_11.9.0.202307121226/tools/bin/../lib/gcc/arm-none-eabi/12.3.1/../../../../arm-none-eabi/lib/thumb/v6-m/nofp/libcr_c.a(memcpy.o)
                              ./source/inspectorRTOS.o (memcpy)
/usr/local/mcuxpressoide-11.9.0_2144/ide/plugins/com.nxp.mcuxpresso.tools.linux_11.9.0.202307121226/tools/bin/../lib/gcc/arm-none-eabi/12.3.1/../../../../arm-none-eabi/lib/thumb/v6-m/nofp/libcr_c.a(memmove.o)
                              ./utilities/fsl_shell.o (memmove)
/usr/local/mcuxpressoide-11.9.0_2144/ide/plugins/com.nxp.mcuxpresso.tools.linux_11.9.0.202307121226/tools/bin/../lib/gcc/arm-none-eabi/12.3.1/../../../../arm-none-eabi/lib/thumb/v6-m/nofp/libcr_c.a(memset.o)
                              ./utilities/fsl_shell.o (memset)
/usr/local/mcuxpressoide-11.9.0_2144/ide/plugins/com.nxp.mcuxpresso.tools.linux_11.9.0.202307121226/tools/bin/../lib/gcc/arm-none-eabi/12.3.1/../../../../arm-none-eabi/lib/thumb/v6-m/nofp/libcr_c.a(initio.o)
                              /usr/local/mcuxpressoide-11.9.0_2144/ide/plugins/com.nxp.mcuxpresso.tools.linux_11.9.0.202307121226/tools/bin/../lib/gcc/arm-none-eabi/12.3.1/../../../../arm-none-eabi/lib/thumb/v6-m/nofp/libcr_nohost_nf.a(_cr__main.o) (_initio)
/usr/local/mcuxpressoide-11.9.0_2144/ide/plugins/com.nxp.mcuxpresso.tools.linux_11.9.0.202307121226/tools/bin/../lib/gcc/arm-none-eabi/12.3.1/../../../../arm-none-eabi/lib/thumb/v6-m/nofp/libcr_c.a(setvbuf.o)
                              /usr/local/mcuxpressoide-11.9.0_2144/ide/plugins/com.nxp.mcuxpresso.tools.linux_11.9.0.202307121226/tools/bin/../lib/gcc/arm-none-eabi/12.3.1/../../../../arm-none-eabi/lib/thumb/v6-m/nofp/libcr_c.a(initio.o) (setvbuf)
/usr/local/mcuxpressoide-11.9.0_2144/ide/plugins/com.nxp.mcuxpresso.tools.linux_11.9.0.202307121226/tools/bin/../lib/gcc/arm-none-eabi/12.3.1/../../../../arm-none-eabi/lib/thumb/v6-m/nofp/libcr_c.a(strcmp.o)
                              ./board/mainSystem.o (strcmp)
/usr/local/mcuxpressoide-11.9.0_2144/ide/plugins/com.nxp.mcuxpresso.tools.linux_11.9.0.202307121226/tools/bin/../lib/gcc/arm-none-eabi/12.3.1/../../../../arm-none-eabi/lib/thumb/v6-m/nofp/libcr_c.a(strcpy.o)
                              ./board/mainSystem.o (strcpy)
/usr/local/mcuxpressoide-11.9.0_2144/ide/plugins/com.nxp.mcuxpresso.tools.linux_11.9.0.202307121226/tools/bin/../lib/gcc/arm-none-eabi/12.3.1/../../../../arm-none-eabi/lib/thumb/v6-m/nofp/libcr_c.a(strlen.o)
                              ./utilities/fsl_debug_console.o (strlen)
/usr/local/mcuxpressoide-11.9.0_2144/ide/plugins/com.nxp.mcuxpresso.tools.linux_11.9.0.202307121226/tools/bin/../lib/gcc/arm-none-eabi/12.3.1/../../../../arm-none-eabi/lib/thumb/v6-m/nofp/libcr_c.a(_fdopen.o)
                              /usr/local/mcuxpressoide-11.9.0_2144/ide/plugins/com.nxp.mcuxpresso.tools.linux_11.9.0.202307121226/tools/bin/../lib/gcc/arm-none-eabi/12.3.1/../../../../arm-none-eabi/lib/thumb/v6-m/nofp/libcr_c.a(initio.o) (_fdopen)
/usr/local/mcuxpressoide-11.9.0_2144/ide/plugins/com.nxp.mcuxpresso.tools.linux_11.9.0.202307121226/tools/bin/../lib/gcc/arm-none-eabi/12.3.1/../../../../arm-none-eabi/lib/thumb/v6-m/nofp/libcr_c.a(fclose.o)
                              /usr/local/mcuxpressoide-11.9.0_2144/ide/plugins/com.nxp.mcuxpresso.tools.linux_11.9.0.202307121226/tools/bin/../lib/gcc/arm-none-eabi/12.3.1/../../../../arm-none-eabi/lib/thumb/v6-m/nofp/libcr_c.a(initio.o) (fclose)
/usr/local/mcuxpressoide-11.9.0_2144/ide/plugins/com.nxp.mcuxpresso.tools.linux_11.9.0.202307121226/tools/bin/../lib/gcc/arm-none-eabi/12.3.1/../../../../arm-none-eabi/lib/thumb/v6-m/nofp/libcr_c.a(fflush.o)
                              /usr/local/mcuxpressoide-11.9.0_2144/ide/plugins/com.nxp.mcuxpresso.tools.linux_11.9.0.202307121226/tools/bin/../lib/gcc/arm-none-eabi/12.3.1/../../../../arm-none-eabi/lib/thumb/v6-m/nofp/libcr_c.a(fclose.o) (fflush)
/usr/local/mcuxpressoide-11.9.0_2144/ide/plugins/com.nxp.mcuxpresso.tools.linux_11.9.0.202307121226/tools/bin/../lib/gcc/arm-none-eabi/12.3.1/../../../../arm-none-eabi/lib/thumb/v6-m/nofp/libcr_c.a(fseek.o)
                              /usr/local/mcuxpressoide-11.9.0_2144/ide/plugins/com.nxp.mcuxpresso.tools.linux_11.9.0.202307121226/tools/bin/../lib/gcc/arm-none-eabi/12.3.1/../../../../arm-none-eabi/lib/thumb/v6-m/nofp/libcr_c.a(_fdopen.o) (fseek)
/usr/local/mcuxpressoide-11.9.0_2144/ide/plugins/com.nxp.mcuxpresso.tools.linux_11.9.0.202307121226/tools/bin/../lib/gcc/arm-none-eabi/12.3.1/../../../../arm-none-eabi/lib/thumb/v6-m/nofp/libcr_c.a(ftell.o)
[...]
Memory Configuration

Name             Origin             Length             Attributes
PROGRAM_FLASH    0x00000000         0x00020000         xr
SRAM             0x1ffff000         0x00004000         xrw
*default*        0x00000000         0xffffffff

Linker script and memory map

LOAD ./utilities/fsl_debug_console.o
LOAD ./utilities/fsl_shell.o
LOAD ./startup/startup_mkl25z4.o
LOAD ./source/inspectorRTOS.o
LOAD ./source/mtb.o
LOAD ./source/semihost_hardfault.o
LOAD ./freertos/croutine.o
LOAD ./freertos/event_groups.o
LOAD ./freertos/fsl_tickless_lptmr.o
LOAD ./freertos/fsl_tickless_systick.o
LOAD ./freertos/heap_4.o
LOAD ./freertos/list.o
LOAD ./freertos/port.o
LOAD ./freertos/queue.o
LOAD ./freertos/tasks.o
LOAD ./freertos/timers.o
LOAD ./drivers/fsl_clock.o
LOAD ./drivers/fsl_common.o
LOAD ./drivers/fsl_flash.o
LOAD ./drivers/fsl_gpio.o
LOAD ./drivers/fsl_i2c.o
LOAD ./drivers/fsl_i2c_freertos.o
LOAD ./drivers/fsl_lpsci.o
LOAD ./drivers/fsl_lpsci_freertos.o
LOAD ./drivers/fsl_smc.o
LOAD ./drivers/fsl_uart.o
LOAD ./drivers/fsl_uart_freertos.o
LOAD ./board/LCD_8BIT.o
LOAD ./board/RGB.o
LOAD ./board/board.o
LOAD ./board/clock_config.o
LOAD ./board/common.o
LOAD ./board/i2cdisplay.o
LOAD ./board/keypad.o
LOAD ./board/mainSystem.o
LOAD ./board/peripherals.o
LOAD ./board/pin_mux.o
LOAD ./board/stepper.o
LOAD ./CMSIS/system_MKL25Z4.o
START GROUP
LOAD /usr/local/mcuxpressoide-11.9.0_2144/ide/plugins/com.nxp.mcuxpresso.tools.linux_11.9.0.202307121226/tools/bin/../lib/gcc/arm-none-eabi/12.3.1/../../../../arm-none-eabi/lib/thumb/v6-m/nofp/libcr_nohost_nf.a
LOAD /usr/local/mcuxpressoide-11.9.0_2144/ide/plugins/com.nxp.mcuxpresso.tools.linux_11.9.0.202307121226/tools/bin/../lib/gcc/arm-none-eabi/12.3.1/../../../../arm-none-eabi/lib/thumb/v6-m/nofp/libcr_c.a
LOAD /usr/local/mcuxpressoide-11.9.0_2144/ide/plugins/com.nxp.mcuxpresso.tools.linux_11.9.0.202307121226/tools/bin/../lib/gcc/arm-none-eabi/12.3.1/thumb/v6-m/nofp/libcr_eabihelpers.a
LOAD /usr/local/mcuxpressoide-11.9.0_2144/ide/plugins/com.nxp.mcuxpresso.tools.linux_11.9.0.202307121226/tools/bin/../lib/gcc/arm-none-eabi/12.3.1/thumb/v6-m/nofp/libgcc.a
END GROUP
                0x00000000                        __base_PROGRAM_FLASH = 0x0
                0x00000000                        __base_Flash = 0x0
                0x00020000                        __top_PROGRAM_FLASH = 0x20000
                0x00020000                        __top_Flash = 0x20000
                0x1ffff000                        __base_SRAM = 0x1ffff000
                0x1ffff000                        __base_RAM = 0x1ffff000
                0x20003000                        __top_SRAM = 0x20003000
                0x20003000                        __top_RAM = 0x20003000

.text           0x00000000     0x4e54
 FILL mask 0xff
                0x00000000                        __vectors_start__ = ABSOLUTE (.)
 *(SORT_BY_ALIGNMENT(.isr_vector))
 .isr_vector    0x00000000       0xc0 ./startup/startup_mkl25z4.o
                0x00000000                __Vectors
                0x00000000                g_pfnVectors
                0x000000c0                        . = ALIGN (0x4)
                0x000000c0                        __section_table_start = .
                0x000000c0                        __data_section_table = .
                0x000000c0        0x4 LONG 0x4e54 LOADADDR (.data)
                0x000000c4        0x4 LONG 0x1ffff080 ADDR (.data)
                0x000000c8        0x4 LONG 0x60 SIZEOF (.data)
                0x000000cc                        __data_section_table_end = .
                0x000000cc                        __bss_section_table = .
                0x000000cc        0x4 LONG 0x1ffff0e0 ADDR (.bss)
                0x000000d0        0x4 LONG 0x2bb4 SIZEOF (.bss)
                0x000000d4                        __bss_section_table_end = .
                0x000000d4                        __section_table_end = .
 *(SORT_BY_ALIGNMENT(.after_vectors*))
 .after_vectors.reset
                0x000000d4       0x4c ./startup/startup_mkl25z4.o
                0x000000d4                ResetISR
 .after_vectors.init_data
                0x00000120       0x12 ./startup/startup_mkl25z4.o
                0x00000120                data_init
 .after_vectors.init_bss
                0x00000132       0x10 ./startup/startup_mkl25z4.o
                0x00000132                bss_init
 .after_vectors
                0x00000142      0x10c ./startup/startup_mkl25z4.o
                0x00000142                NMI_Handler
                0x0000014c                PIT_DriverIRQHandler
                0x0000014c                Reserved39_DriverIRQHandler
                0x0000014c                DMA0_DriverIRQHandler
                0x0000014c                SPI1_DriverIRQHandler
                0x0000014c                LPTMR0_DriverIRQHandler
                0x0000014c                TPM2_DriverIRQHandler
                0x0000014c                TSI0_DriverIRQHandler
                0x0000014c                RTC_Seconds_DriverIRQHandler
                0x0000014c                LLWU_DriverIRQHandler
                0x0000014c                MCG_DriverIRQHandler
                0x0000014c                FTFA_DriverIRQHandler
                0x0000014c                IntDefaultHandler
                0x0000014c                USB0_DriverIRQHandler
                0x0000014c                DAC0_DriverIRQHandler
                0x0000014c                LVD_LVW_DriverIRQHandler
                0x0000014c                TPM0_DriverIRQHandler
                0x0000014c                Reserved20_DriverIRQHandler
                0x0000014c                DMA3_DriverIRQHandler
                0x0000014c                Reserved45_DriverIRQHandler
                0x0000014c                PORTA_DriverIRQHandler
                0x0000014c                TPM1_DriverIRQHandler
                0x0000014c                RTC_DriverIRQHandler
                0x0000014c                DMA1_DriverIRQHandler
                0x0000014c                SPI0_DriverIRQHandler
                0x0000014c                ADC0_DriverIRQHandler
                0x0000014c                CMP0_DriverIRQHandler
                0x0000014c                DMA2_DriverIRQHandler
                0x0000014c                PORTD_DriverIRQHandler
                0x0000014e                DMA0_IRQHandler
                0x00000156                DMA1_IRQHandler
                0x0000015e                DMA2_IRQHandler
                0x00000166                DMA3_IRQHandler
                0x0000016e                Reserved20_IRQHandler
                0x00000176                FTFA_IRQHandler
                0x0000017e                LVD_LVW_IRQHandler
                0x00000186                LLWU_IRQHandler
                0x0000018e                I2C0_IRQHandler
                0x00000196                I2C1_IRQHandler
                0x0000019e                SPI0_IRQHandler
                0x000001a6                SPI1_IRQHandler
                0x000001ae                UART0_IRQHandler
                0x000001b6                UART1_IRQHandler
                0x000001be                UART2_IRQHandler
                0x000001c6                ADC0_IRQHandler
                0x000001ce                CMP0_IRQHandler
                0x000001d6                TPM0_IRQHandler
                0x000001de                TPM1_IRQHandler
                0x000001e6                TPM2_IRQHandler
                0x000001ee                RTC_IRQHandler
                0x000001f6                RTC_Seconds_IRQHandler
                0x000001fe                PIT_IRQHandler
                0x00000206                Reserved39_IRQHandler
                0x0000020e                USB0_IRQHandler
                0x00000216                DAC0_IRQHandler
                0x0000021e                TSI0_IRQHandler
                0x00000226                MCG_IRQHandler
                0x0000022e                LPTMR0_IRQHandler
                0x00000236                Reserved45_IRQHandler
                0x00000246                PORTD_IRQHandler
                0x00000400                        . = 0x400
 *fill*         0x0000024e      0x1b2 ff
                0x00000400                        PROVIDE (__FLASH_CONFIG_START__ = .)
 *(SORT_BY_ALIGNMENT(.FlashConfig))
 .FlashConfig   0x00000400       0x10 ./startup/startup_mkl25z4.o
                0x00000400                Flash_Config
                0x00000410                        PROVIDE (__FLASH_CONFIG_END__ = .)
                0x00000001                        ASSERT (! ((__FLASH_CONFIG_START__ == __FLASH_CONFIG_END__)), Linker Flash Config Support Enabled, but no .FlashConfig section provided within application)
 *(SORT_BY_ALIGNMENT(.text*))
 .text.vPortStartFirstTask
                0x00000410       0x38 ./freertos/port.o
 *fill*         0x00000448        0x8 ff
 .text.PendSV_Handler
                0x00000450       0x48 ./freertos/port.o
                0x00000450                PendSV_Handler
 .text.main     0x00000498      0x424 ./source/inspectorRTOS.o
                0x00000498                main
 .text.HardFault_Handler
                0x000008bc       0x38 ./source/semihost_hardfault.o
                0x000008bc                HardFault_Handler
 .text.prvSetupTimerInterrupt
                0x000008f4       0x40 ./freertos/fsl_tickless_lptmr.o
                0x000008f4                prvSetupTimerInterrupt
 .text.pvPortMalloc
                0x00000934      0x150 ./freertos/heap_4.o
                0x00000934                pvPortMalloc
 .text.vPortFree
                0x00000a84       0x94 ./freertos/heap_4.o
                0x00000a84                vPortFree
 .text.prvHeapInit
                0x00000b18       0xc0 ./freertos/heap_4.o
 .text.prvInsertBlockIntoFreeList
                0x00000bd8       0xb0 ./freertos/heap_4.o
 .text.pxPortInitialiseStack
                0x00000c88       0x54 ./freertos/port.o
                0x00000c88                pxPortInitialiseStack
 .text.prvTaskExitError
                0x00000cdc       0x1c ./freertos/port.o
 .text.xPortStartScheduler
                0x00000cf8       0x44 ./freertos/port.o
                0x00000cf8                xPortStartScheduler
 .text.vPortYield
                0x00000d3c       0x20 ./freertos/port.o
                0x00000d3c                vPortYield
 .text.vPortEnterCritical
                0x00000d5c       0x24 ./freertos/port.o
                0x00000d5c                vPortEnterCritical
 .text.vPortExitCritical
                0x00000d80       0x30 ./freertos/port.o
                0x00000d80                vPortExitCritical
 .text.SysTick_Handler
                0x00000db0       0x34 ./freertos/port.o
                0x00000db0                SysTick_Handler
 .text.vQueueAddToRegistry
                0x00000de4       0x50 ./freertos/queue.o
                0x00000de4                vQueueAddToRegistry
 .text.prvInitialiseNewTask
                0x00000e34      0x124 ./freertos/tasks.o
 .text.prvAddNewTaskToReadyList
                0x00000f58       0xd0 ./freertos/tasks.o
 .text.vTaskDelay
                0x00001028       0x4c ./freertos/tasks.o
                0x00001028                vTaskDelay
 .text.vTaskSuspend
                0x00001074       0xb8 ./freertos/tasks.o
                0x00001074                vTaskSuspend
 .text.prvTaskIsTaskSuspended
                0x0000112c       0x64 ./freertos/tasks.o
 .text.vTaskResume
                0x00001190       0x9c ./freertos/tasks.o
                0x00001190                vTaskResume
 .text.vTaskStartScheduler
                0x0000122c       0x7c ./freertos/tasks.o
                0x0000122c                vTaskStartScheduler
 .text.vTaskSuspendAll
                0x000012a8       0x18 ./freertos/tasks.o
                0x000012a8                vTaskSuspendAll
 .text.xTaskResumeAll
                0x000012c0      0x118 ./freertos/tasks.o
                0x000012c0                xTaskResumeAll
 .text.xTaskGetTickCount
                0x000013d8       0x1c ./freertos/tasks.o
                0x000013d8                xTaskGetTickCount
 .text.xTaskIncrementTick
                0x000013f4      0x150 ./freertos/tasks.o
                0x000013f4                xTaskIncrementTick
 .text.vTaskSwitchContext
                0x00001544       0xa4 ./freertos/tasks.o
                0x00001544                vTaskSwitchContext
 .text.vTaskPlaceOnEventList
                0x000015e8       0x40 ./freertos/tasks.o
                0x000015e8                vTaskPlaceOnEventList
 .text.vTaskPlaceOnEventListRestricted
                0x00001628       0x50 ./freertos/tasks.o
                0x00001628                vTaskPlaceOnEventListRestricted
 .text.xTaskRemoveFromEventList
                0x00001678       0xbc ./freertos/tasks.o
                0x00001678                xTaskRemoveFromEventList
 .text.vTaskSetTimeOutState
                0x00001734       0x34 ./freertos/tasks.o
                0x00001734                vTaskSetTimeOutState
 .text.xTaskCheckForTimeOut
                0x00001768       0xa0 ./freertos/tasks.o
                0x00001768                xTaskCheckForTimeOut
 .text.vTaskMissedYield
                0x00001808       0x14 ./freertos/tasks.o
                0x00001808                vTaskMissedYield
 .text.prvIdleTask
                0x0000181c       0x20 ./freertos/tasks.o
 .text.prvInitialiseTaskLists
                0x0000183c       0x88 ./freertos/tasks.o
 .text.prvCheckTasksWaitingTermination
                0x000018c4       0x78 ./freertos/tasks.o
 .text.prvResetNextTaskUnblockTime
                0x0000193c       0x48 ./freertos/tasks.o
 .text.xTaskGetSchedulerState
                0x00001984       0x38 ./freertos/tasks.o
                0x00001984                xTaskGetSchedulerState
 .text.vTaskPriorityInherit
                0x000019bc       0xbc ./freertos/tasks.o
                0x000019bc                vTaskPriorityInherit
 .text.xTaskPriorityDisinherit
                0x00001a78       0xbc ./freertos/tasks.o
                0x00001a78                xTaskPriorityDisinherit
 .text.pvTaskIncrementMutexHeldCount
                0x00001b34       0x24 ./freertos/tasks.o
                0x00001b34                pvTaskIncrementMutexHeldCount
 .text.xTaskNotifyWait
                0x00001b58       0xa8 ./freertos/tasks.o
                0x00001b58                xTaskNotifyWait
 .text.xTaskGenericNotify
                0x00001c00      0x11c ./freertos/tasks.o
                0x00001c00                xTaskGenericNotify
 .text.xTaskGenericNotifyFromISR
                0x00001d1c      0x158 ./freertos/tasks.o
                0x00001d1c                xTaskGenericNotifyFromISR
 .text.prvAddCurrentTaskToDelayedList
                0x00001e74       0xa8 ./freertos/tasks.o
 .text.xTimerCreateTimerTask
                0x00001f1c       0x54 ./freertos/timers.o
                0x00001f1c                xTimerCreateTimerTask
 .text.xTimerGenericCommand
                0x00001f70       0x98 ./freertos/timers.o
                0x00001f70                xTimerGenericCommand
 .text.prvProcessExpiredTimer
                0x00002008       0x74 ./freertos/timers.o
 .text.prvProcessTimerOrBlockTask
                0x0000207c       0x8c ./freertos/timers.o
 .text.prvGetNextExpireTime
                0x00002108       0x40 ./freertos/timers.o
 .text.prvSampleTimeNow
                0x00002148       0x40 ./freertos/timers.o
 .text.prvInsertTimerInActiveList
                0x00002188       0x84 ./freertos/timers.o
 .text.prvProcessReceivedCommands
                0x0000220c      0x134 ./freertos/timers.o
 .text.prvSwitchTimerLists
                0x00002340       0xb8 ./freertos/timers.o
 .text.prvCheckForValidListAndQueue
                0x000023f8       0x74 ./freertos/timers.o
 .text.I2C_TransferCommonIRQHandler
                0x0000246c       0x58 ./drivers/fsl_i2c.o
 .text.I2C0_DriverIRQHandler
                0x000024c4       0x20 ./drivers/fsl_i2c.o
                0x000024c4                I2C0_DriverIRQHandler
 .text.I2C1_DriverIRQHandler
                0x000024e4       0x20 ./drivers/fsl_i2c.o
                0x000024e4                I2C1_DriverIRQHandler
 .text.UART0_DriverIRQHandler
                0x00002504       0x24 ./drivers/fsl_lpsci.o
                0x00002504                UART0_DriverIRQHandler
 .text.UART1_DriverIRQHandler
                0x00002528       0x24 ./drivers/fsl_uart.o
                0x00002528                UART1_DriverIRQHandler
 .text.UART2_DriverIRQHandler
                0x0000254c       0x24 ./drivers/fsl_uart.o
                0x0000254c                UART2_DriverIRQHandler
 .text.LCD8_Config
                0x00002570      0x10c ./board/LCD_8BIT.o
                0x00002570                LCD8_Config
 .text.LCD8_Command
                0x0000267c       0x68 ./board/LCD_8BIT.o
                0x0000267c                LCD8_Command
 .text.LCD8_CommandNoWait
                0x000026e4       0x64 ./board/LCD_8BIT.o
                0x000026e4                LCD8_CommandNoWait
 .text.LCD8_Ready
                0x00002748       0x78 ./board/LCD_8BIT.o
                0x00002748                LCD8_Ready
 .text.SetGPIOs
                0x000027c0       0xec ./board/LCD_8BIT.o
 .text.ConfigureGPIO
                0x000028ac       0xd8 ./board/LCD_8BIT.o
 .text.ConfigurePort
                0x00002984       0xac ./board/LCD_8BIT.o
 .text.IdentifyGPIO
                0x00002a30       0x68 ./board/LCD_8BIT.o
 .text.RGB_Off  0x00002a98       0x38 ./board/RGB.o
                0x00002a98                RGB_Off
 .text.GreenToggle
                0x00002ad0       0x1c ./board/RGB.o
                0x00002ad0                GreenToggle
 .text.BlueToggle
                0x00002aec       0x18 ./board/RGB.o
                0x00002aec                BlueToggle
 .text.RedToggle
                0x00002b04       0x1c ./board/RGB.o
                0x00002b04                RedToggle
 .text.ADC_Config
                0x00002b20       0x68 ./board/common.o
                0x00002b20                ADC_Config
 .text.UART_Config
                0x00002b88       0xa0 ./board/common.o
                0x00002b88                UART_Config
 .text.I2C_Config
                0x00002c28       0x78 ./board/common.o
                0x00002c28                I2C_Config
 .text.Steppers_Config
                0x00002ca0      0x19c ./board/common.o
                0x00002ca0                Steppers_Config
 .text.Keypad_Config
                0x00002e3c       0x74 ./board/common.o
                0x00002e3c                Keypad_Config
 .text.RGB_Config
                0x00002eb0       0x8c ./board/common.o
                0x00002eb0                RGB_Config
 .text.userSelectMode
                0x00002f3c      0x100 ./board/mainSystem.o
                0x00002f3c                userSelectMode
 .text.UARTsend
                0x0000303c       0xbc ./board/mainSystem.o
                0x0000303c                UARTsend
 .text.moveXStepperMotor
                0x000030f8       0xc8 ./board/mainSystem.o
                0x000030f8                moveXStepperMotor
 .text.moveYStepperMotor
                0x000031c0       0xc8 ./board/mainSystem.o
                0x000031c0                moveYStepperMotor
 .text.calcStepperIns
                0x00003288       0xf8 ./board/mainSystem.o
                0x00003288                calcStepperIns
 .text.errorTaskStop
                0x00003380       0x9c ./board/mainSystem.o
                0x00003380                errorTaskStop
 .text.loadRowIns
                0x0000341c       0x4c ./board/mainSystem.o
                0x0000341c                loadRowIns
 .text.loadAllIns
                0x00003468       0xcc ./board/mainSystem.o
                0x00003468                loadAllIns
 .text.displayResults
                0x00003534       0x54 ./board/mainSystem.o
                0x00003534                displayResults
 .text.blinkRedLED
                0x00003588       0x44 ./board/mainSystem.o
                0x00003588                blinkRedLED
 .text.blinkYellowLED
                0x000035cc       0x44 ./board/mainSystem.o
                0x000035cc                blinkYellowLED
 .text.blinkBlueLED
                0x00003610       0x44 ./board/mainSystem.o
                0x00003610                blinkBlueLED
 .text.blinkGreenLED
                0x00003654       0x44 ./board/mainSystem.o
                0x00003654                blinkGreenLED
 .text.PORTA_IRQHandler
                0x00003698       0x44 ./board/mainSystem.o
                0x00003698                PORTA_IRQHandler
 .text.IdentifyGPIO
                0x000036dc       0x68 ./board/stepper.o
 .text.GPIO_Configure
                0x00003744       0xd8 ./board/stepper.o
                0x00003744                GPIO_Configure
 .text.PortConfigure
                0x0000381c       0xac ./board/stepper.o
                0x0000381c                PortConfigure
 .text.SystemInit
                0x000038c8       0x18 ./CMSIS/system_MKL25Z4.o
                0x000038c8                SystemInit
 .text._initio  0x000038e0       0x7c /usr/local/mcuxpressoide-11.9.0_2144/ide/plugins/com.nxp.mcuxpresso.tools.linux_11.9.0.202307121226/tools/bin/../lib/gcc/arm-none-eabi/12.3.1/../../../../arm-none-eabi/lib/thumb/v6-m/nofp/libcr_c.a(initio.o)
                0x000038e0                _initio
 .text.setvbuf  0x0000395c       0x4c /usr/local/mcuxpressoide-11.9.0_2144/ide/plugins/com.nxp.mcuxpresso.tools.linux_11.9.0.202307121226/tools/bin/../lib/gcc/arm-none-eabi/12.3.1/../../../../arm-none-eabi/lib/thumb/v6-m/nofp/libcr_c.a(setvbuf.o)
                0x0000395c                setvbuf
 .text.strcpy   0x000039a8       0x44 /usr/local/mcuxpressoide-11.9.0_2144/ide/plugins/com.nxp.mcuxpresso.tools.linux_11.9.0.202307121226/tools/bin/../lib/gcc/arm-none-eabi/12.3.1/../../../../arm-none-eabi/lib/thumb/v6-m/nofp/libcr_c.a(strcpy.o)
                0x000039a8                strcpy
 .text.strlen   0x000039ec       0x5c /usr/local/mcuxpressoide-11.9.0_2144/ide/plugins/com.nxp.mcuxpresso.tools.linux_11.9.0.202307121226/tools/bin/../lib/gcc/arm-none-eabi/12.3.1/../../../../arm-none-eabi/lib/thumb/v6-m/nofp/libcr_c.a(strlen.o)
                0x000039ec                strlen
 .text._fdopen  0x00003a48       0x74 /usr/local/mcuxpressoide-11.9.0_2144/ide/plugins/com.nxp.mcuxpresso.tools.linux_11.9.0.202307121226/tools/bin/../lib/gcc/arm-none-eabi/12.3.1/../../../../arm-none-eabi/lib/thumb/v6-m/nofp/libcr_c.a(_fdopen.o)
                0x00003a48                _fdopen
 .text.fclose   0x00003abc       0x5c /usr/local/mcuxpressoide-11.9.0_2144/ide/plugins/com.nxp.mcuxpresso.tools.linux_11.9.0.202307121226/tools/bin/../lib/gcc/arm-none-eabi/12.3.1/../../../../arm-none-eabi/lib/thumb/v6-m/nofp/libcr_c.a(fclose.o)
                0x00003abc                fclose
 .text.fflush   0x00003b18       0x40 /usr/local/mcuxpressoide-11.9.0_2144/ide/plugins/com.nxp.mcuxpresso.tools.linux_11.9.0.202307121226/tools/bin/../lib/gcc/arm-none-eabi/12.3.1/../../../../arm-none-eabi/lib/thumb/v6-m/nofp/libcr_c.a(fflush.o)
                0x00003b18                fflush
 .text.fseek    0x00003b58       0xec /usr/local/mcuxpressoide-11.9.0_2144/ide/plugins/com.nxp.mcuxpresso.tools.linux_11.9.0.202307121226/tools/bin/../lib/gcc/arm-none-eabi/12.3.1/../../../../arm-none-eabi/lib/thumb/v6-m/nofp/libcr_c.a(fseek.o)
                0x00003b58                fseek
 .text.ftell    0x00003c44       0x4c /usr/local/mcuxpressoide-11.9.0_2144/ide/plugins/com.nxp.mcuxpresso.tools.linux_11.9.0.202307121226/tools/bin/../lib/gcc/arm-none-eabi/12.3.1/../../../../arm-none-eabi/lib/thumb/v6-m/nofp/libcr_c.a(ftell.o)
                0x00003c44                ftell
 .text._do_fflush
                0x00003c90       0x48 /usr/local/mcuxpressoide-11.9.0_2144/ide/plugins/com.nxp.mcuxpresso.tools.linux_11.9.0.202307121226/tools/bin/../lib/gcc/arm-none-eabi/12.3.1/../../../../arm-none-eabi/lib/thumb/v6-m/nofp/libcr_c.a(_do_fflush.o)
                0x00003c90                _do_fflush
 .text._fflush  0x00003cd8       0x5c /usr/local/mcuxpressoide-11.9.0_2144/ide/plugins/com.nxp.mcuxpresso.tools.linux_11.9.0.202307121226/tools/bin/../lib/gcc/arm-none-eabi/12.3.1/../../../../arm-none-eabi/lib/thumb/v6-m/nofp/libcr_c.a(_fflush.o)
                0x00003cd8                _fflush
 .text._Cwritebuf
                0x00003d34       0x68 /usr/local/mcuxpressoide-11.9.0_2144/ide/plugins/com.nxp.mcuxpresso.tools.linux_11.9.0.202307121226/tools/bin/../lib/gcc/arm-none-eabi/12.3.1/../../../../arm-none-eabi/lib/thumb/v6-m/nofp/libcr_c.a(_writebuf.o)
                0x00003d34                _Cwritebuf
 .text._deferredlazyseek
                0x00003d9c       0x40 /usr/local/mcuxpressoide-11.9.0_2144/ide/plugins/com.nxp.mcuxpresso.tools.linux_11.9.0.202307121226/tools/bin/../lib/gcc/arm-none-eabi/12.3.1/../../../../arm-none-eabi/lib/thumb/v6-m/nofp/libcr_c.a(_deferredlazyseek.o)
                0x00003d9c                _deferredlazyseek
 .text.vListInitialise
                0x00003ddc       0x3c ./freertos/list.o
                0x00003ddc                vListInitialise
 .text.vListInitialiseItem
                0x00003e18       0x16 ./freertos/list.o
                0x00003e18                vListInitialiseItem
 .text.vListInsertEnd
                0x00003e2e       0x44 ./freertos/list.o
                0x00003e2e                vListInsertEnd
 .text.vListInsert
                0x00003e72       0x6c ./freertos/list.o
                0x00003e72                vListInsert
 .text.uxListRemove
                0x00003ede       0x50 ./freertos/list.o
                0x00003ede                uxListRemove
 .text.SVC_Handler
                0x00003f2e        0xa ./freertos/port.o
                0x00003f2e                SVC_Handler
 .text.ulSetInterruptMaskFromISR
                0x00003f38        0xc ./freertos/port.o
                0x00003f38                ulSetInterruptMaskFromISR
 .text.vClearInterruptMaskFromISR
                0x00003f44        0x8 ./freertos/port.o
                0x00003f44                vClearInterruptMaskFromISR
 .text.xQueueGenericReset
                0x00003f4c       0xaa ./freertos/queue.o
                0x00003f4c                xQueueGenericReset
 .text.xQueueGenericCreate
                0x00003ff6       0x66 ./freertos/queue.o
                0x00003ff6                xQueueGenericCreate
 .text.prvInitialiseNewQueue
                0x0000405c       0x4e ./freertos/queue.o
 .text.xQueueGenericSend
                0x000040aa      0x190 ./freertos/queue.o
                0x000040aa                xQueueGenericSend
 .text.xQueueGenericSendFromISR
                0x0000423a       0xe8 ./freertos/queue.o
                0x0000423a                xQueueGenericSendFromISR
 .text.xQueueGenericReceive
                0x00004322      0x1ce ./freertos/queue.o
                0x00004322                xQueueGenericReceive
 .text.prvCopyDataToQueue
                0x000044f0       0xd6 ./freertos/queue.o
 .text.prvCopyDataFromQueue
                0x000045c6       0x4c ./freertos/queue.o
 .text.prvUnlockQueue
                0x00004612       0xbc ./freertos/queue.o
 .text.prvIsQueueEmpty
                0x000046ce       0x2c ./freertos/queue.o
 .text.prvIsQueueFull
                0x000046fa       0x30 ./freertos/queue.o
 .text.vQueueWaitForMessageRestricted
                0x0000472a       0x66 ./freertos/queue.o
                0x0000472a                vQueueWaitForMessageRestricted
 .text.xTaskCreate
                0x00004790       0x90 ./freertos/tasks.o
                0x00004790                xTaskCreate
 .text.prvDeleteTCB
                0x00004820       0x22 ./freertos/tasks.o
 .text.prvTimerTask
                0x00004842       0x2a ./freertos/timers.o
 .text.ToBinaryGPIO
                0x0000486c       0x18 ./board/LCD_8BIT.o
 .text.LED_Off  0x00004884       0x1e ./board/RGB.o
                0x00004884                LED_Off
 .text.LED_Toggle
                0x000048a2       0x1e ./board/RGB.o
                0x000048a2                LED_Toggle
 .text.YellowToggle
                0x000048c0       0x12 ./board/RGB.o
                0x000048c0                YellowToggle
 .text.InitAll  0x000048d2       0x30 ./board/common.o
                0x000048d2                InitAll
 .text.returnToOrigin
                0x00004902       0x10 ./board/mainSystem.o
                0x00004902                returnToOrigin
 .text.CreateStepper
                0x00004912       0x58 ./board/stepper.o
                0x00004912                CreateStepper
 .text.SetStepperDirection
                0x0000496a       0x62 ./board/stepper.o
                0x0000496a                SetStepperDirection
 .text.SetStepperDelay
                0x000049cc       0x18 ./board/stepper.o
                0x000049cc                SetStepperDelay
 .text.StepperInit
                0x000049e4       0x58 ./board/stepper.o
                0x000049e4                StepperInit
 .text.RunStepper
                0x00004a3c       0x76 ./board/stepper.o
                0x00004a3c                RunStepper
 .text.SetPinHigh
                0x00004ab2       0x1e ./board/stepper.o
                0x00004ab2                SetPinHigh
 .text.SetPinLow
                0x00004ad0       0x20 ./board/stepper.o
                0x00004ad0                SetPinLow
 .text.ToBinaryGPIO
                0x00004af0       0x18 ./board/stepper.o
 .text.__main   0x00004b08        0xc /usr/local/mcuxpressoide-11.9.0_2144/ide/plugins/com.nxp.mcuxpresso.tools.linux_11.9.0.202307121226/tools/bin/../lib/gcc/arm-none-eabi/12.3.1/../../../../arm-none-eabi/lib/thumb/v6-m/nofp/libcr_nohost_nf.a(_cr__main.o)
                0x00004b08                __main
 .text.memcpy   0x00004b14        0x8 /usr/local/mcuxpressoide-11.9.0_2144/ide/plugins/com.nxp.mcuxpresso.tools.linux_11.9.0.202307121226/tools/bin/../lib/gcc/arm-none-eabi/12.3.1/../../../../arm-none-eabi/lib/thumb/v6-m/nofp/libcr_c.a(memcpy.o)
                0x00004b14                memcpy
 .text.memset   0x00004b1c        0x8 /usr/local/mcuxpressoide-11.9.0_2144/ide/plugins/com.nxp.mcuxpresso.tools.linux_11.9.0.202307121226/tools/bin/../lib/gcc/arm-none-eabi/12.3.1/../../../../arm-none-eabi/lib/thumb/v6-m/nofp/libcr_c.a(memset.o)
                0x00004b1c                memset
 .text.remove   0x00004b24       0x12 /usr/local/mcuxpressoide-11.9.0_2144/ide/plugins/com.nxp.mcuxpresso.tools.linux_11.9.0.202307121226/tools/bin/../lib/gcc/arm-none-eabi/12.3.1/../../../../arm-none-eabi/lib/thumb/v6-m/nofp/libcr_c.a(remove.o)
                0x00004b24                remove
 .text.free     0x00004b36       0x2c /usr/local/mcuxpressoide-11.9.0_2144/ide/plugins/com.nxp.mcuxpresso.tools.linux_11.9.0.202307121226/tools/bin/../lib/gcc/arm-none-eabi/12.3.1/../../../../arm-none-eabi/lib/thumb/v6-m/nofp/libcr_c.a(alloc.o)
                0x00004b36                free
 .text.__aeabi_division_idivmod
                0x00004b62       0x78 /usr/local/mcuxpressoide-11.9.0_2144/ide/plugins/com.nxp.mcuxpresso.tools.linux_11.9.0.202307121226/tools/bin/../lib/gcc/arm-none-eabi/12.3.1/thumb/v6-m/nofp/libcr_eabihelpers.a(division_32.o)
                0x00004b62                __aeabi_idiv
                0x00004b62                __aeabi_idivmod
                0x00004b68                __aeabi_uidiv
                0x00004b68                __aeabi_uidivmod
 .text.__aeabi_division_idiv0
                0x00004bda        0x2 /usr/local/mcuxpressoide-11.9.0_2144/ide/plugins/com.nxp.mcuxpresso.tools.linux_11.9.0.202307121226/tools/bin/../lib/gcc/arm-none-eabi/12.3.1/thumb/v6-m/nofp/libcr_eabihelpers.a(division_idiv0.o)
                0x00004bda                __aeabi_idiv0
 .text.__aeabi_memcpy
                0x00004bdc       0x2c /usr/local/mcuxpressoide-11.9.0_2144/ide/plugins/com.nxp.mcuxpresso.tools.linux_11.9.0.202307121226/tools/bin/../lib/gcc/arm-none-eabi/12.3.1/thumb/v6-m/nofp/libcr_eabihelpers.a(memcpy.o)
                0x00004bdc                __aeabi_memcpy
                0x00004bdc                __aeabi_memcpy4
                0x00004bdc                __aeabi_memcpy8
 .text.__aeabi_memset_lowlevel
                0x00004c08       0x2a /usr/local/mcuxpressoide-11.9.0_2144/ide/plugins/com.nxp.mcuxpresso.tools.linux_11.9.0.202307121226/tools/bin/../lib/gcc/arm-none-eabi/12.3.1/thumb/v6-m/nofp/libcr_eabihelpers.a(memcpy.o)
                0x00004c08                __aeabi_lowlevel_memset
 .text.__sys_close
                0x00004c32        0x6 /usr/local/mcuxpressoide-11.9.0_2144/ide/plugins/com.nxp.mcuxpresso.tools.linux_11.9.0.202307121226/tools/bin/../lib/gcc/arm-none-eabi/12.3.1/../../../../arm-none-eabi/lib/thumb/v6-m/nofp/libcr_nohost_nf.a(__sys_close.o)
                0x00004c32                __sys_close
 .text.__sys_flen
                0x00004c38        0x6 /usr/local/mcuxpressoide-11.9.0_2144/ide/plugins/com.nxp.mcuxpresso.tools.linux_11.9.0.202307121226/tools/bin/../lib/gcc/arm-none-eabi/12.3.1/../../../../arm-none-eabi/lib/thumb/v6-m/nofp/libcr_nohost_nf.a(__sys_flen.o)
                0x00004c38                __sys_flen
 .text.__sys_istty
                0x00004c3e        0x6 /usr/local/mcuxpressoide-11.9.0_2144/ide/plugins/com.nxp.mcuxpresso.tools.linux_11.9.0.202307121226/tools/bin/../lib/gcc/arm-none-eabi/12.3.1/../../../../arm-none-eabi/lib/thumb/v6-m/nofp/libcr_nohost_nf.a(__sys_istty.o)
                0x00004c3e                __sys_istty
 .text.__sys_remove
                0x00004c44        0x6 /usr/local/mcuxpressoide-11.9.0_2144/ide/plugins/com.nxp.mcuxpresso.tools.linux_11.9.0.202307121226/tools/bin/../lib/gcc/arm-none-eabi/12.3.1/../../../../arm-none-eabi/lib/thumb/v6-m/nofp/libcr_nohost_nf.a(__sys_remove.o)
                0x00004c44                __sys_remove
 .text.__sys_seek
                0x00004c4a        0x6 /usr/local/mcuxpressoide-11.9.0_2144/ide/plugins/com.nxp.mcuxpresso.tools.linux_11.9.0.202307121226/tools/bin/../lib/gcc/arm-none-eabi/12.3.1/../../../../arm-none-eabi/lib/thumb/v6-m/nofp/libcr_nohost_nf.a(__sys_seek.o)
                0x00004c4a                __sys_seek
 .text.__sys_tmpnam
                0x00004c50        0x6 /usr/local/mcuxpressoide-11.9.0_2144/ide/plugins/com.nxp.mcuxpresso.tools.linux_11.9.0.202307121226/tools/bin/../lib/gcc/arm-none-eabi/12.3.1/../../../../arm-none-eabi/lib/thumb/v6-m/nofp/libcr_nohost_nf.a(__sys_tmpnam.o)
                0x00004c50                __sys_tmpnam
 .text.__sys_write
                0x00004c56        0x4 /usr/local/mcuxpressoide-11.9.0_2144/ide/plugins/com.nxp.mcuxpresso.tools.linux_11.9.0.202307121226/tools/bin/../lib/gcc/arm-none-eabi/12.3.1/../../../../arm-none-eabi/lib/thumb/v6-m/nofp/libcr_nohost_nf.a(__sys_write.o)
                0x00004c56                __sys_write
 *freertos*/tasks.o(SORT_BY_ALIGNMENT(.rodata*))
 *fill*         0x00004c5a        0x2 ff
 .rodata.vTaskStartScheduler.str1.4
                0x00004c5c        0x5 ./freertos/tasks.o
 *fill*         0x00004c61        0x3 ff
 .rodata.xTaskGenericNotify
                0x00004c64       0x14 ./freertos/tasks.o
 .rodata.xTaskGenericNotifyFromISR
                0x00004c78       0x14 ./freertos/tasks.o
 *(SORT_BY_ALIGNMENT(.rodata) SORT_BY_ALIGNMENT(.rodata.*) SORT_BY_ALIGNMENT(.constdata) SORT_BY_ALIGNMENT(.constdata.*))
 .rodata.main.str1.4
                0x00004c8c      0x11e ./source/inspectorRTOS.o
 *fill*         0x00004daa        0x2 ff
 .rodata.xTimerCreateTimerTask.str1.4
                0x00004dac        0x8 ./freertos/timers.o
 .rodata.prvProcessReceivedCommands
                0x00004db4       0x28 ./freertos/timers.o
 .rodata.prvCheckForValidListAndQueue.str1.4
                0x00004ddc        0x5 ./freertos/timers.o
 *fill*         0x00004de1        0x3 ff
 .rodata.stepperQueue_maxLen
                0x00004de4        0x4 ./board/mainSystem.o
                0x00004de4                stepperQueue_maxLen
 .rodata.blinkLEDtask_stackDepth
                0x00004de8        0x4 ./board/mainSystem.o
                0x00004de8                blinkLEDtask_stackDepth
 .rodata.displayResults_stackDepth
                0x00004dec        0x4 ./board/mainSystem.o
                0x00004dec                displayResults_stackDepth
 .rodata.simpleTasks_stackDepth
                0x00004df0        0x4 ./board/mainSystem.o
                0x00004df0                simpleTasks_stackDepth
 .rodata.complexTasks_stackDepth
                0x00004df4        0x4 ./board/mainSystem.o
                0x00004df4                complexTasks_stackDepth
 .rodata.errorTaskStop_priority
                0x00004df8        0x4 ./board/mainSystem.o
                0x00004df8                errorTaskStop_priority
 .rodata.userSelectMode_priority
                0x00004dfc        0x4 ./board/mainSystem.o
                0x00004dfc                userSelectMode_priority
 .rodata.UARTsend_priority
                0x00004e00        0x4 ./board/mainSystem.o
                0x00004e00                UARTsend_priority
 .rodata.LCDprint_priority
                0x00004e04        0x4 ./board/mainSystem.o
                0x00004e04                LCDprint_priority
 .rodata.moveStepperMotor_priority
                0x00004e08        0x4 ./board/mainSystem.o
                0x00004e08                moveStepperMotor_priority
 .rodata.calcStepperIns_priority
                0x00004e0c        0x4 ./board/mainSystem.o
                0x00004e0c                calcStepperIns_priority
 .rodata.displayResults_priority
                0x00004e10        0x4 ./board/mainSystem.o
                0x00004e10                displayResults_priority
 .rodata.blinkLED_priority
                0x00004e14        0x4 ./board/mainSystem.o
                0x00004e14                blinkLED_priority
 .rodata.userSelectMode.str1.4
                0x00004e18       0x2d ./board/mainSystem.o
 *fill*         0x00004e45        0x3 ff
 .rodata.__num_Ciob_streams
                0x00004e48        0x4 /usr/local/mcuxpressoide-11.9.0_2144/ide/plugins/com.nxp.mcuxpresso.tools.linux_11.9.0.202307121226/tools/bin/../lib/gcc/arm-none-eabi/12.3.1/../../../../arm-none-eabi/lib/thumb/v6-m/nofp/libcr_nohost_nf.a(__ciob.o)
                0x00004e48                __num_Ciob_streams
 .rodata.stpMovePos
                0x00004e4c        0x2 ./board/mainSystem.o
                0x00004e4c                stpMovePos
 .rodata.stpMoveNeg
                0x00004e4e        0x2 ./board/mainSystem.o
                0x00004e4e                stpMoveNeg
 .rodata._initio.str1.1
                0x00004e50        0x4 /usr/local/mcuxpressoide-11.9.0_2144/ide/plugins/com.nxp.mcuxpresso.tools.linux_11.9.0.202307121226/tools/bin/../lib/gcc/arm-none-eabi/12.3.1/../../../../arm-none-eabi/lib/thumb/v6-m/nofp/libcr_c.a(initio.o)
                0x00004e54                        . = ALIGN (0x4)

.glue_7         0x00004e54        0x0
 .glue_7        0x00004e54        0x0 linker stubs

.glue_7t        0x00004e54        0x0
 .glue_7t       0x00004e54        0x0 linker stubs

.vfp11_veneer   0x00004e54        0x0
 .vfp11_veneer  0x00004e54        0x0 linker stubs

.v4_bx          0x00004e54        0x0
 .v4_bx         0x00004e54        0x0 linker stubs

.iplt           0x00004e54        0x0
 .iplt          0x00004e54        0x0 ./startup/startup_mkl25z4.o

.rel.dyn        0x00004e54        0x0
 .rel.iplt      0x00004e54        0x0 ./startup/startup_mkl25z4.o

.ARM.extab
 *(SORT_BY_ALIGNMENT(.ARM.extab*) SORT_BY_ALIGNMENT(.gnu.linkonce.armextab.*))

.ARM.exidx      0x00004e54        0x0
                0x00004e54                        __exidx_start = .
 *(SORT_BY_ALIGNMENT(.ARM.exidx*) SORT_BY_ALIGNMENT(.gnu.linkonce.armexidx.*))
                0x00004e54                        __exidx_end = .
                0x00004e54                        _etext = .

.m_usb_data
 *(SORT_BY_ALIGNMENT(m_usb_bdt))

.mtb_buffer_default
                0x1ffff000       0x80
 *(SORT_BY_ALIGNMENT(.mtb*))
 .mtb.$RAM1     0x1ffff000       0x80 ./source/mtb.o
                0x1ffff000                __mtb_buffer__

.uninit_RESERVED
                0x1ffff080        0x0
                0x1ffff080                        _start_uninit_RESERVED = .
 *(SORT_BY_ALIGNMENT(.bss.$RESERVED*))
                0x1ffff080                        . = ALIGN (0x4)
                0x1ffff080                        _end_uninit_RESERVED = .

.data           0x1ffff080       0x60 load address 0x00004e54
 FILL mask 0xff
                0x1ffff080                        _data = .
                [!provide]                        PROVIDE (__start_data_RAM = .)
                [!provide]                        PROVIDE (__start_data_SRAM = .)
 *(SORT_BY_ALIGNMENT(vtable))
 *(SORT_BY_ALIGNMENT(.ramfunc*))
 *(SORT_BY_ALIGNMENT(CodeQuickAccess))
 *(SORT_BY_ALIGNMENT(DataQuickAccess))
 *(SORT_BY_ALIGNMENT(RamFunction))
 *(SORT_BY_ALIGNMENT(.data*))
 .data.uxCriticalNesting
                0x1ffff080        0x4 ./freertos/port.o
 .data.LCD8_defaultConfig
                0x1ffff084       0x58 ./board/LCD_8BIT.o
                0x1ffff084                LCD8_defaultConfig
 .data.SystemCoreClock
                0x1ffff0dc        0x4 ./CMSIS/system_MKL25Z4.o
                0x1ffff0dc                SystemCoreClock
                0x1ffff0e0                        . = ALIGN (0x4)
                0x1ffff0e0                        _edata = .
                [!provide]                        PROVIDE (__end_data_RAM = .)
                [!provide]                        PROVIDE (__end_data_SRAM = .)

.igot.plt       0x1ffff0e0        0x0 load address 0x00004eb4
 .igot.plt      0x1ffff0e0        0x0 ./startup/startup_mkl25z4.o

.bss            0x1ffff0e0     0x2bb4
                0x1ffff0e0                        _bss = .
                [!provide]                        PROVIDE (__start_bss_RAM = .)
                [!provide]                        PROVIDE (__start_bss_SRAM = .)
 *(SORT_BY_ALIGNMENT(.bss*))
 .bss.printTime_aux
                0x1ffff0e0        0x8 ./board/mainSystem.o
                0x1ffff0e0                printTime_aux
 .bss.ucHeap    0x1ffff0e8     0x2800 ./freertos/heap_4.o
 .bss.xStart    0x200018e8        0x8 ./freertos/heap_4.o
 .bss.pxEnd     0x200018f0        0x4 ./freertos/heap_4.o
 .bss.xFreeBytesRemaining
                0x200018f4        0x4 ./freertos/heap_4.o
 .bss.xMinimumEverFreeBytesRemaining
                0x200018f8        0x4 ./freertos/heap_4.o
 .bss.xBlockAllocatedBit
                0x200018fc        0x4 ./freertos/heap_4.o
 .bss.xQueueRegistry
                0x20001900       0x40 ./freertos/queue.o
                0x20001900                xQueueRegistry
 .bss.pxCurrentTCB
                0x20001940        0x4 ./freertos/tasks.o
                0x20001940                pxCurrentTCB
 .bss.pxReadyTasksLists
                0x20001944       0x64 ./freertos/tasks.o
 .bss.xDelayedTaskList1
                0x200019a8       0x14 ./freertos/tasks.o
 .bss.xDelayedTaskList2
                0x200019bc       0x14 ./freertos/tasks.o
 .bss.pxDelayedTaskList
                0x200019d0        0x4 ./freertos/tasks.o
 .bss.pxOverflowDelayedTaskList
                0x200019d4        0x4 ./freertos/tasks.o
 .bss.xPendingReadyList
                0x200019d8       0x14 ./freertos/tasks.o
 .bss.xTasksWaitingTermination
                0x200019ec       0x14 ./freertos/tasks.o
 .bss.uxDeletedTasksWaitingCleanUp
                0x20001a00        0x4 ./freertos/tasks.o
 .bss.xSuspendedTaskList
                0x20001a04       0x14 ./freertos/tasks.o
 .bss.uxCurrentNumberOfTasks
                0x20001a18        0x4 ./freertos/tasks.o
 .bss.xTickCount
                0x20001a1c        0x4 ./freertos/tasks.o
 .bss.uxTopReadyPriority
                0x20001a20        0x4 ./freertos/tasks.o
 .bss.xSchedulerRunning
                0x20001a24        0x4 ./freertos/tasks.o
 .bss.uxPendedTicks
                0x20001a28        0x4 ./freertos/tasks.o
 .bss.xYieldPending
                0x20001a2c        0x4 ./freertos/tasks.o
 .bss.xNumOfOverflows
                0x20001a30        0x4 ./freertos/tasks.o
 .bss.uxTaskNumber
                0x20001a34        0x4 ./freertos/tasks.o
 .bss.xNextTaskUnblockTime
                0x20001a38        0x4 ./freertos/tasks.o
 .bss.xIdleTaskHandle
                0x20001a3c        0x4 ./freertos/tasks.o
 .bss.uxSchedulerSuspended
                0x20001a40        0x4 ./freertos/tasks.o
 .bss.xActiveTimerList1
                0x20001a44       0x14 ./freertos/timers.o
 .bss.xActiveTimerList2
                0x20001a58       0x14 ./freertos/timers.o
 .bss.pxCurrentTimerList
                0x20001a6c        0x4 ./freertos/timers.o
 .bss.pxOverflowTimerList
                0x20001a70        0x4 ./freertos/timers.o
 .bss.xTimerQueue
                0x20001a74        0x4 ./freertos/timers.o
 .bss.xTimerTaskHandle
                0x20001a78        0x4 ./freertos/timers.o
 .bss.xLastTime.0
                0x20001a7c        0x4 ./freertos/timers.o
 .bss.s_i2cHandle
                0x20001a80        0x8 ./drivers/fsl_i2c.o
 .bss.s_i2cMasterIsr
                0x20001a88        0x4 ./drivers/fsl_i2c.o
 .bss.s_i2cSlaveIsr
                0x20001a8c        0x4 ./drivers/fsl_i2c.o
 .bss.s_lpsciHandle
                0x20001a90        0x4 ./drivers/fsl_lpsci.o
 .bss.s_lpsciIsr
                0x20001a94        0x4 ./drivers/fsl_lpsci.o
 .bss.s_uartHandle
                0x20001a98        0xc ./drivers/fsl_uart.o
 .bss.s_uartIsr
                0x20001aa4        0x4 ./drivers/fsl_uart.o
 .bss.d0_gpio   0x20001aa8        0x4 ./board/LCD_8BIT.o
                0x20001aa8                d0_gpio
 .bss.d1_gpio   0x20001aac        0x4 ./board/LCD_8BIT.o
                0x20001aac                d1_gpio
 .bss.d2_gpio   0x20001ab0        0x4 ./board/LCD_8BIT.o
                0x20001ab0                d2_gpio
 .bss.d3_gpio   0x20001ab4        0x4 ./board/LCD_8BIT.o
                0x20001ab4                d3_gpio
 .bss.d4_gpio   0x20001ab8        0x4 ./board/LCD_8BIT.o
                0x20001ab8                d4_gpio
 .bss.d5_gpio   0x20001abc        0x4 ./board/LCD_8BIT.o
                0x20001abc                d5_gpio
 .bss.d6_gpio   0x20001ac0        0x4 ./board/LCD_8BIT.o
                0x20001ac0                d6_gpio
 .bss.d7_gpio   0x20001ac4        0x4 ./board/LCD_8BIT.o
                0x20001ac4                d7_gpio
 .bss.enable_gpio
                0x20001ac8        0x4 ./board/LCD_8BIT.o
                0x20001ac8                enable_gpio
 .bss.rw_gpio   0x20001acc        0x4 ./board/LCD_8BIT.o
                0x20001acc                rw_gpio
 .bss.rs_gpio   0x20001ad0        0x4 ./board/LCD_8BIT.o
                0x20001ad0                rs_gpio
 .bss.evalResults_mux
                0x20001ad4        0x4 ./board/mainSystem.o
                0x20001ad4                evalResults_mux
 .bss.keypadInput_sem
                0x20001ad8        0x4 ./board/mainSystem.o
                0x20001ad8                keypadInput_sem
 .bss.uartOutBuffer_mux
                0x20001adc        0x4 ./board/mainSystem.o
                0x20001adc                uartOutBuffer_mux
 .bss.uartInBuffer_mux
                0x20001ae0        0x4 ./board/mainSystem.o
                0x20001ae0                uartInBuffer_mux
 .bss.LCDBuffer_mux
                0x20001ae4        0x4 ./board/mainSystem.o
                0x20001ae4                LCDBuffer_mux
 .bss.builtinLED_mux
                0x20001ae8        0x4 ./board/mainSystem.o
                0x20001ae8                builtinLED_mux
 .bss.stepperMotors
                0x20001aec       0x54 ./board/mainSystem.o
                0x20001aec                stepperMotors
 .bss.stepperXQueue
                0x20001b40        0x4 ./board/mainSystem.o
                0x20001b40                stepperXQueue
 .bss.stepperYQueue
                0x20001b44        0x4 ./board/mainSystem.o
                0x20001b44                stepperYQueue
 .bss.stepperAux_x
                0x20001b48        0x4 ./board/mainSystem.o
                0x20001b48                stepperAux_x
 .bss.stepperAux_y
                0x20001b4c        0x4 ./board/mainSystem.o
                0x20001b4c                stepperAux_y
 .bss.ADCaux    0x20001b50        0x4 ./board/mainSystem.o
                0x20001b50                ADCaux
 .bss.ulUARTnotificationVal
                0x20001b54        0x4 ./board/mainSystem.o
                0x20001b54                ulUARTnotificationVal
 .bss.ulLCDprintNotificationVal
                0x20001b58        0x4 ./board/mainSystem.o
                0x20001b58                ulLCDprintNotificationVal
 .bss.LCDBuffer
                0x20001b5c       0x32 ./board/mainSystem.o
                0x20001b5c                LCDBuffer
 *fill*         0x20001b8e        0x2 
 .bss.ulErrorNotificationVal
                0x20001b90        0x4 ./board/mainSystem.o
                0x20001b90                ulErrorNotificationVal
 .bss.ulUserSelectNotificationVal
                0x20001b94        0x4 ./board/mainSystem.o
                0x20001b94                ulUserSelectNotificationVal
 .bss.userSelectMode_handle
                0x20001b98        0x4 ./board/mainSystem.o
                0x20001b98                userSelectMode_handle
 .bss.UARTsend_handle
                0x20001b9c        0x4 ./board/mainSystem.o
                0x20001b9c                UARTsend_handle
 .bss.LCDprint_handle
                0x20001ba0        0x4 ./board/mainSystem.o
                0x20001ba0                LCDprint_handle
 .bss.moveXStepperMotor_handle
                0x20001ba4        0x4 ./board/mainSystem.o
                0x20001ba4                moveXStepperMotor_handle
 .bss.moveYStepperMotor_handle
                0x20001ba8        0x4 ./board/mainSystem.o
                0x20001ba8                moveYStepperMotor_handle
 .bss.calcStepperIns_handle
                0x20001bac        0x4 ./board/mainSystem.o
                0x20001bac                calcStepperIns_handle
 .bss.displayResults_handle
                0x20001bb0        0x4 ./board/mainSystem.o
                0x20001bb0                displayResults_handle
 .bss.errorTaskStop_handle
                0x20001bb4        0x4 ./board/mainSystem.o
                0x20001bb4                errorTaskStop_handle
 .bss.returnToOrigin_handle
                0x20001bb8        0x4 ./board/mainSystem.o
                0x20001bb8                returnToOrigin_handle
 .bss.loadRowIns_handle
                0x20001bbc        0x4 ./board/mainSystem.o
                0x20001bbc                loadRowIns_handle
 .bss.loadAllIns_handle
                0x20001bc0        0x4 ./board/mainSystem.o
                0x20001bc0                loadAllIns_handle
 .bss.blinkRedLED_handle
                0x20001bc4        0x4 ./board/mainSystem.o
                0x20001bc4                blinkRedLED_handle
 .bss.blinkYellowLED_handle
                0x20001bc8        0x4 ./board/mainSystem.o
                0x20001bc8                blinkYellowLED_handle
 .bss.blinkBlueLED_handle
                0x20001bcc        0x4 ./board/mainSystem.o
                0x20001bcc                blinkBlueLED_handle
 .bss.blinkGreenLED_handle
                0x20001bd0        0x4 ./board/mainSystem.o
                0x20001bd0                blinkGreenLED_handle
 .bss.errno     0x20001bd4        0x4 /usr/local/mcuxpressoide-11.9.0_2144/ide/plugins/com.nxp.mcuxpresso.tools.linux_11.9.0.202307121226/tools/bin/../lib/gcc/arm-none-eabi/12.3.1/../../../../arm-none-eabi/lib/thumb/v6-m/nofp/libcr_c.a(errno.o)
                0x20001bd4                errno
 .bss.__Ciob    0x20001bd8       0xb4 /usr/local/mcuxpressoide-11.9.0_2144/ide/plugins/com.nxp.mcuxpresso.tools.linux_11.9.0.202307121226/tools/bin/../lib/gcc/arm-none-eabi/12.3.1/../../../../arm-none-eabi/lib/thumb/v6-m/nofp/libcr_nohost_nf.a(__ciob.o)
                0x20001bd8                __Ciob
 .bss.ADCres1   0x20001c8c        0x2 ./board/mainSystem.o
                0x20001c8c                ADCres1
 .bss.ADCres2   0x20001c8e        0x2 ./board/mainSystem.o
                0x20001c8e                ADCres2
 .bss.uartOutCharBuffer
                0x20001c90        0x1 ./board/mainSystem.o
                0x20001c90                uartOutCharBuffer
 .bss.operationMode
                0x20001c91        0x1 ./board/mainSystem.o
                0x20001c91                operationMode
 *(SORT_BY_ALIGNMENT(COMMON))
                0x20001c94                        . = ALIGN (0x4)
 *fill*         0x20001c92        0x2 
                0x20001c94                        _ebss = .
                [!provide]                        PROVIDE (__end_bss_RAM = .)
                [!provide]                        PROVIDE (__end_bss_SRAM = .)
                [!provide]                        PROVIDE (end = .)

.noinit         0x20001c94        0x0
                0x20001c94                        _noinit = .
                [!provide]                        PROVIDE (__start_noinit_RAM = .)
                [!provide]                        PROVIDE (__start_noinit_SRAM = .)
 *(SORT_BY_ALIGNMENT(.noinit*))
                0x20001c94                        . = ALIGN (0x4)
                0x20001c94                        _end_noinit = .
                [!provide]                        PROVIDE (__end_noinit_RAM = .)
                [!provide]                        PROVIDE (__end_noinit_SRAM = .)
                0x00000400                        _HeapSize = 0x400

.heap           0x20001c94      0x400
                0x20001c94                        _pvHeapStart = .
                0x20002094                        . = (. + _HeapSize)
 *fill*         0x20001c94      0x400 
                0x20002094                        . = ALIGN (0x4)
                0x20002094                        _pvHeapLimit = .
                0x00000400                        _StackSize = 0x400

.heap2stackfill
                0x20002094      0x400
                0x20002494                        . = (. + _StackSize)
 *fill*         0x20002094      0x400 

.stack          0x20002c00        0x0
                0x20002c00                        _vStackBase = .
                0x20002c00                        . = ALIGN (0x4)
                0x20003000                        _vStackTop = (. + _StackSize)
                0x00000000                        _image_start = LOADADDR (.text)
                0x00004eb4                        _image_end = (LOADADDR (.data) + SIZEOF (.data))
                0x00004eb4                        _image_size = (_image_end - _image_start)
OUTPUT(inspectorRTOS.axf elf32-littlearm)
LOAD linker stubs

.debug_info     0x00000000     0xee0c
 .debug_info    0x00000000      0x68b ./startup/startup_mkl25z4.o
 .debug_info    0x0000068b      0x606 ./source/inspectorRTOS.o
 .debug_info    0x00000c91       0x53 ./source/mtb.o
 .debug_info    0x00000ce4       0x3c ./source/semihost_hardfault.o
 .debug_info    0x00000d20       0xb4 ./freertos/fsl_tickless_lptmr.o
 .debug_info    0x00000dd4      0x31e ./freertos/heap_4.o
 .debug_info    0x000010f2      0x2b3 ./freertos/list.o
 .debug_info    0x000013a5      0x24b ./freertos/port.o
 .debug_info    0x000015f0     0x1090 ./freertos/queue.o
 .debug_info    0x00002680     0x19a8 ./freertos/tasks.o
 .debug_info    0x00004028      0xd77 ./freertos/timers.o
 .debug_info    0x00004d9f     0x1a7d ./drivers/fsl_i2c.o
 .debug_info    0x0000681c     0x144c ./drivers/fsl_lpsci.o
 .debug_info    0x00007c68     0x13ed ./drivers/fsl_uart.o
 .debug_info    0x00009055      0x7ec ./board/LCD_8BIT.o
 .debug_info    0x00009841      0x341 ./board/RGB.o
 .debug_info    0x00009b82      0x93e ./board/common.o
 .debug_info    0x0000a4c0     0x12b5 ./board/mainSystem.o
 .debug_info    0x0000b775      0x808 ./board/stepper.o
 .debug_info    0x0000bf7d      0x401 ./CMSIS/system_MKL25Z4.o
 .debug_info    0x0000c37e       0x85 /usr/local/mcuxpressoide-11.9.0_2144/ide/plugins/com.nxp.mcuxpresso.tools.linux_11.9.0.202307121226/tools/bin/../lib/gcc/arm-none-eabi/12.3.1/../../../../arm-none-eabi/lib/thumb/v6-m/nofp/libcr_nohost_nf.a(_cr__main.o)
 .debug_info    0x0000c403      0x119 /usr/local/mcuxpressoide-11.9.0_2144/ide/plugins/com.nxp.mcuxpresso.tools.linux_11.9.0.202307121226/tools/bin/../lib/gcc/arm-none-eabi/12.3.1/../../../../arm-none-eabi/lib/thumb/v6-m/nofp/libcr_c.a(memcpy.o)
 .debug_info    0x0000c51c       0xe3 /usr/local/mcuxpressoide-11.9.0_2144/ide/plugins/com.nxp.mcuxpresso.tools.linux_11.9.0.202307121226/tools/bin/../lib/gcc/arm-none-eabi/12.3.1/../../../../arm-none-eabi/lib/thumb/v6-m/nofp/libcr_c.a(memset.o)
 .debug_info    0x0000c5ff      0x353 /usr/local/mcuxpressoide-11.9.0_2144/ide/plugins/com.nxp.mcuxpresso.tools.linux_11.9.0.202307121226/tools/bin/../lib/gcc/arm-none-eabi/12.3.1/../../../../arm-none-eabi/lib/thumb/v6-m/nofp/libcr_c.a(initio.o)
 .debug_info    0x0000c952      0x1f6 /usr/local/mcuxpressoide-11.9.0_2144/ide/plugins/com.nxp.mcuxpresso.tools.linux_11.9.0.202307121226/tools/bin/../lib/gcc/arm-none-eabi/12.3.1/../../../../arm-none-eabi/lib/thumb/v6-m/nofp/libcr_c.a(setvbuf.o)
 .debug_info    0x0000cb48       0xdc /usr/local/mcuxpressoide-11.9.0_2144/ide/plugins/com.nxp.mcuxpresso.tools.linux_11.9.0.202307121226/tools/bin/../lib/gcc/arm-none-eabi/12.3.1/../../../../arm-none-eabi/lib/thumb/v6-m/nofp/libcr_c.a(strcpy.o)
 .debug_info    0x0000cc24       0xd6 /usr/local/mcuxpressoide-11.9.0_2144/ide/plugins/com.nxp.mcuxpresso.tools.linux_11.9.0.202307121226/tools/bin/../lib/gcc/arm-none-eabi/12.3.1/../../../../arm-none-eabi/lib/thumb/v6-m/nofp/libcr_c.a(strlen.o)
 .debug_info    0x0000ccfa      0x244 /usr/local/mcuxpressoide-11.9.0_2144/ide/plugins/com.nxp.mcuxpresso.tools.linux_11.9.0.202307121226/tools/bin/../lib/gcc/arm-none-eabi/12.3.1/../../../../arm-none-eabi/lib/thumb/v6-m/nofp/libcr_c.a(_fdopen.o)
 .debug_info    0x0000cf3e      0x31e /usr/local/mcuxpressoide-11.9.0_2144/ide/plugins/com.nxp.mcuxpresso.tools.linux_11.9.0.202307121226/tools/bin/../lib/gcc/arm-none-eabi/12.3.1/../../../../arm-none-eabi/lib/thumb/v6-m/nofp/libcr_c.a(fclose.o)
 .debug_info    0x0000d25c      0x203 /usr/local/mcuxpressoide-11.9.0_2144/ide/plugins/com.nxp.mcuxpresso.tools.linux_11.9.0.202307121226/tools/bin/../lib/gcc/arm-none-eabi/12.3.1/../../../../arm-none-eabi/lib/thumb/v6-m/nofp/libcr_c.a(fflush.o)
 .debug_info    0x0000d45f      0x278 /usr/local/mcuxpressoide-11.9.0_2144/ide/plugins/com.nxp.mcuxpresso.tools.linux_11.9.0.202307121226/tools/bin/../lib/gcc/arm-none-eabi/12.3.1/../../../../arm-none-eabi/lib/thumb/v6-m/nofp/libcr_c.a(fseek.o)
 .debug_info    0x0000d6d7      0x190 /usr/local/mcuxpressoide-11.9.0_2144/ide/plugins/com.nxp.mcuxpresso.tools.linux_11.9.0.202307121226/tools/bin/../lib/gcc/arm-none-eabi/12.3.1/../../../../arm-none-eabi/lib/thumb/v6-m/nofp/libcr_c.a(ftell.o)
 .debug_info    0x0000d867      0x1c9 /usr/local/mcuxpressoide-11.9.0_2144/ide/plugins/com.nxp.mcuxpresso.tools.linux_11.9.0.202307121226/tools/bin/../lib/gcc/arm-none-eabi/12.3.1/../../../../arm-none-eabi/lib/thumb/v6-m/nofp/libcr_c.a(remove.o)
 .debug_info    0x0000da30      0x23a /usr/local/mcuxpressoide-11.9.0_2144/ide/plugins/com.nxp.mcuxpresso.tools.linux_11.9.0.202307121226/tools/bin/../lib/gcc/arm-none-eabi/12.3.1/../../../../arm-none-eabi/lib/thumb/v6-m/nofp/libcr_c.a(_do_fflush.o)
 .debug_info    0x0000dc6a      0x1e3 /usr/local/mcuxpressoide-11.9.0_2144/ide/plugins/com.nxp.mcuxpresso.tools.linux_11.9.0.202307121226/tools/bin/../lib/gcc/arm-none-eabi/12.3.1/../../../../arm-none-eabi/lib/thumb/v6-m/nofp/libcr_c.a(_fflush.o)
 .debug_info    0x0000de4d      0x283 /usr/local/mcuxpressoide-11.9.0_2144/ide/plugins/com.nxp.mcuxpresso.tools.linux_11.9.0.202307121226/tools/bin/../lib/gcc/arm-none-eabi/12.3.1/../../../../arm-none-eabi/lib/thumb/v6-m/nofp/libcr_c.a(_writebuf.o)
 .debug_info    0x0000e0d0      0x50c /usr/local/mcuxpressoide-11.9.0_2144/ide/plugins/com.nxp.mcuxpresso.tools.linux_11.9.0.202307121226/tools/bin/../lib/gcc/arm-none-eabi/12.3.1/../../../../arm-none-eabi/lib/thumb/v6-m/nofp/libcr_c.a(alloc.o)
 .debug_info    0x0000e5dc       0x44 /usr/local/mcuxpressoide-11.9.0_2144/ide/plugins/com.nxp.mcuxpresso.tools.linux_11.9.0.202307121226/tools/bin/../lib/gcc/arm-none-eabi/12.3.1/../../../../arm-none-eabi/lib/thumb/v6-m/nofp/libcr_c.a(errno.o)
 .debug_info    0x0000e620      0x35d /usr/local/mcuxpressoide-11.9.0_2144/ide/plugins/com.nxp.mcuxpresso.tools.linux_11.9.0.202307121226/tools/bin/../lib/gcc/arm-none-eabi/12.3.1/../../../../arm-none-eabi/lib/thumb/v6-m/nofp/libcr_c.a(_deferredlazyseek.o)
 .debug_info    0x0000e97d      0x18b /usr/local/mcuxpressoide-11.9.0_2144/ide/plugins/com.nxp.mcuxpresso.tools.linux_11.9.0.202307121226/tools/bin/../lib/gcc/arm-none-eabi/12.3.1/../../../../arm-none-eabi/lib/thumb/v6-m/nofp/libcr_nohost_nf.a(__ciob.o)
 .debug_info    0x0000eb08       0x5c /usr/local/mcuxpressoide-11.9.0_2144/ide/plugins/com.nxp.mcuxpresso.tools.linux_11.9.0.202307121226/tools/bin/../lib/gcc/arm-none-eabi/12.3.1/../../../../arm-none-eabi/lib/thumb/v6-m/nofp/libcr_nohost_nf.a(__sys_close.o)
 .debug_info    0x0000eb64       0x5c /usr/local/mcuxpressoide-11.9.0_2144/ide/plugins/com.nxp.mcuxpresso.tools.linux_11.9.0.202307121226/tools/bin/../lib/gcc/arm-none-eabi/12.3.1/../../../../arm-none-eabi/lib/thumb/v6-m/nofp/libcr_nohost_nf.a(__sys_flen.o)
 .debug_info    0x0000ebc0       0x5c /usr/local/mcuxpressoide-11.9.0_2144/ide/plugins/com.nxp.mcuxpresso.tools.linux_11.9.0.202307121226/tools/bin/../lib/gcc/arm-none-eabi/12.3.1/../../../../arm-none-eabi/lib/thumb/v6-m/nofp/libcr_nohost_nf.a(__sys_istty.o)
 .debug_info    0x0000ec1c       0x7c /usr/local/mcuxpressoide-11.9.0_2144/ide/plugins/com.nxp.mcuxpresso.tools.linux_11.9.0.202307121226/tools/bin/../lib/gcc/arm-none-eabi/12.3.1/../../../../arm-none-eabi/lib/thumb/v6-m/nofp/libcr_nohost_nf.a(__sys_remove.o)
 .debug_info    0x0000ec98       0x6a /usr/local/mcuxpressoide-11.9.0_2144/ide/plugins/com.nxp.mcuxpresso.tools.linux_11.9.0.202307121226/tools/bin/../lib/gcc/arm-none-eabi/12.3.1/../../../../arm-none-eabi/lib/thumb/v6-m/nofp/libcr_nohost_nf.a(__sys_seek.o)
 .debug_info    0x0000ed02       0x85 /usr/local/mcuxpressoide-11.9.0_2144/ide/plugins/com.nxp.mcuxpresso.tools.linux_11.9.0.202307121226/tools/bin/../lib/gcc/arm-none-eabi/12.3.1/../../../../arm-none-eabi/lib/thumb/v6-m/nofp/libcr_nohost_nf.a(__sys_tmpnam.o)
 .debug_info    0x0000ed87       0x85 /usr/local/mcuxpressoide-11.9.0_2144/ide/plugins/com.nxp.mcuxpresso.tools.linux_11.9.0.202307121226/tools/bin/../lib/gcc/arm-none-eabi/12.3.1/../../../../arm-none-eabi/lib/thumb/v6-m/nofp/libcr_nohost_nf.a(__sys_write.o)

.debug_abbrev   0x00000000     0x3b65
 .debug_abbrev  0x00000000      0x17a ./startup/startup_mkl25z4.o
 .debug_abbrev  0x0000017a      0x18a ./source/inspectorRTOS.o
 .debug_abbrev  0x00000304       0x46 ./source/mtb.o
 .debug_abbrev  0x0000034a       0x31 ./source/semihost_hardfault.o
 .debug_abbrev  0x0000037b       0x69 ./freertos/fsl_tickless_lptmr.o
 .debug_abbrev  0x000003e4      0x19d ./freertos/heap_4.o
 .debug_abbrev  0x00000581       0xeb ./freertos/list.o
 .debug_abbrev  0x0000066c      0x1a0 ./freertos/port.o
 .debug_abbrev  0x0000080c      0x298 ./freertos/queue.o
 .debug_abbrev  0x00000aa4      0x326 ./freertos/tasks.o
 .debug_abbrev  0x00000dca      0x282 ./freertos/timers.o
 .debug_abbrev  0x0000104c      0x36b ./drivers/fsl_i2c.o
 .debug_abbrev  0x000013b7      0x306 ./drivers/fsl_lpsci.o
 .debug_abbrev  0x000016bd      0x320 ./drivers/fsl_uart.o
 .debug_abbrev  0x000019dd      0x210 ./board/LCD_8BIT.o
 .debug_abbrev  0x00001bed      0x124 ./board/RGB.o
 .debug_abbrev  0x00001d11      0x1f4 ./board/common.o
 .debug_abbrev  0x00001f05      0x30f ./board/mainSystem.o
 .debug_abbrev  0x00002214      0x1d8 ./board/stepper.o
 .debug_abbrev  0x000023ec      0x12e ./CMSIS/system_MKL25Z4.o
 .debug_abbrev  0x0000251a       0x62 /usr/local/mcuxpressoide-11.9.0_2144/ide/plugins/com.nxp.mcuxpresso.tools.linux_11.9.0.202307121226/tools/bin/../lib/gcc/arm-none-eabi/12.3.1/../../../../arm-none-eabi/lib/thumb/v6-m/nofp/libcr_nohost_nf.a(_cr__main.o)
 .debug_abbrev  0x0000257c       0xb3 /usr/local/mcuxpressoide-11.9.0_2144/ide/plugins/com.nxp.mcuxpresso.tools.linux_11.9.0.202307121226/tools/bin/../lib/gcc/arm-none-eabi/12.3.1/../../../../arm-none-eabi/lib/thumb/v6-m/nofp/libcr_c.a(memcpy.o)
 .debug_abbrev  0x0000262f       0xa5 /usr/local/mcuxpressoide-11.9.0_2144/ide/plugins/com.nxp.mcuxpresso.tools.linux_11.9.0.202307121226/tools/bin/../lib/gcc/arm-none-eabi/12.3.1/../../../../arm-none-eabi/lib/thumb/v6-m/nofp/libcr_c.a(memset.o)
 .debug_abbrev  0x000026d4      0x14b /usr/local/mcuxpressoide-11.9.0_2144/ide/plugins/com.nxp.mcuxpresso.tools.linux_11.9.0.202307121226/tools/bin/../lib/gcc/arm-none-eabi/12.3.1/../../../../arm-none-eabi/lib/thumb/v6-m/nofp/libcr_c.a(initio.o)
 .debug_abbrev  0x0000281f       0xe1 /usr/local/mcuxpressoide-11.9.0_2144/ide/plugins/com.nxp.mcuxpresso.tools.linux_11.9.0.202307121226/tools/bin/../lib/gcc/arm-none-eabi/12.3.1/../../../../arm-none-eabi/lib/thumb/v6-m/nofp/libcr_c.a(setvbuf.o)
 .debug_abbrev  0x00002900       0xa7 /usr/local/mcuxpressoide-11.9.0_2144/ide/plugins/com.nxp.mcuxpresso.tools.linux_11.9.0.202307121226/tools/bin/../lib/gcc/arm-none-eabi/12.3.1/../../../../arm-none-eabi/lib/thumb/v6-m/nofp/libcr_c.a(strcpy.o)
 .debug_abbrev  0x000029a7       0xa5 /usr/local/mcuxpressoide-11.9.0_2144/ide/plugins/com.nxp.mcuxpresso.tools.linux_11.9.0.202307121226/tools/bin/../lib/gcc/arm-none-eabi/12.3.1/../../../../arm-none-eabi/lib/thumb/v6-m/nofp/libcr_c.a(strlen.o)
 .debug_abbrev  0x00002a4c      0x119 /usr/local/mcuxpressoide-11.9.0_2144/ide/plugins/com.nxp.mcuxpresso.tools.linux_11.9.0.202307121226/tools/bin/../lib/gcc/arm-none-eabi/12.3.1/../../../../arm-none-eabi/lib/thumb/v6-m/nofp/libcr_c.a(_fdopen.o)
 .debug_abbrev  0x00002b65      0x158 /usr/local/mcuxpressoide-11.9.0_2144/ide/plugins/com.nxp.mcuxpresso.tools.linux_11.9.0.202307121226/tools/bin/../lib/gcc/arm-none-eabi/12.3.1/../../../../arm-none-eabi/lib/thumb/v6-m/nofp/libcr_c.a(fclose.o)
 .debug_abbrev  0x00002cbd      0x122 /usr/local/mcuxpressoide-11.9.0_2144/ide/plugins/com.nxp.mcuxpresso.tools.linux_11.9.0.202307121226/tools/bin/../lib/gcc/arm-none-eabi/12.3.1/../../../../arm-none-eabi/lib/thumb/v6-m/nofp/libcr_c.a(fflush.o)
 .debug_abbrev  0x00002ddf      0x11b /usr/local/mcuxpressoide-11.9.0_2144/ide/plugins/com.nxp.mcuxpresso.tools.linux_11.9.0.202307121226/tools/bin/../lib/gcc/arm-none-eabi/12.3.1/../../../../arm-none-eabi/lib/thumb/v6-m/nofp/libcr_c.a(fseek.o)
 .debug_abbrev  0x00002efa       0xc2 /usr/local/mcuxpressoide-11.9.0_2144/ide/plugins/com.nxp.mcuxpresso.tools.linux_11.9.0.202307121226/tools/bin/../lib/gcc/arm-none-eabi/12.3.1/../../../../arm-none-eabi/lib/thumb/v6-m/nofp/libcr_c.a(ftell.o)
 .debug_abbrev  0x00002fbc       0xed /usr/local/mcuxpressoide-11.9.0_2144/ide/plugins/com.nxp.mcuxpresso.tools.linux_11.9.0.202307121226/tools/bin/../lib/gcc/arm-none-eabi/12.3.1/../../../../arm-none-eabi/lib/thumb/v6-m/nofp/libcr_c.a(remove.o)
 .debug_abbrev  0x000030a9      0x12c /usr/local/mcuxpressoide-11.9.0_2144/ide/plugins/com.nxp.mcuxpresso.tools.linux_11.9.0.202307121226/tools/bin/../lib/gcc/arm-none-eabi/12.3.1/../../../../arm-none-eabi/lib/thumb/v6-m/nofp/libcr_c.a(_do_fflush.o)
 .debug_abbrev  0x000031d5       0xf1 /usr/local/mcuxpressoide-11.9.0_2144/ide/plugins/com.nxp.mcuxpresso.tools.linux_11.9.0.202307121226/tools/bin/../lib/gcc/arm-none-eabi/12.3.1/../../../../arm-none-eabi/lib/thumb/v6-m/nofp/libcr_c.a(_fflush.o)
 .debug_abbrev  0x000032c6      0x126 /usr/local/mcuxpressoide-11.9.0_2144/ide/plugins/com.nxp.mcuxpresso.tools.linux_11.9.0.202307121226/tools/bin/../lib/gcc/arm-none-eabi/12.3.1/../../../../arm-none-eabi/lib/thumb/v6-m/nofp/libcr_c.a(_writebuf.o)
 .debug_abbrev  0x000033ec      0x27b /usr/local/mcuxpressoide-11.9.0_2144/ide/plugins/com.nxp.mcuxpresso.tools.linux_11.9.0.202307121226/tools/bin/../lib/gcc/arm-none-eabi/12.3.1/../../../../arm-none-eabi/lib/thumb/v6-m/nofp/libcr_c.a(alloc.o)
 .debug_abbrev  0x00003667       0x44 /usr/local/mcuxpressoide-11.9.0_2144/ide/plugins/com.nxp.mcuxpresso.tools.linux_11.9.0.202307121226/tools/bin/../lib/gcc/arm-none-eabi/12.3.1/../../../../arm-none-eabi/lib/thumb/v6-m/nofp/libcr_c.a(errno.o)
 .debug_abbrev  0x000036ab      0x147 /usr/local/mcuxpressoide-11.9.0_2144/ide/plugins/com.nxp.mcuxpresso.tools.linux_11.9.0.202307121226/tools/bin/../lib/gcc/arm-none-eabi/12.3.1/../../../../arm-none-eabi/lib/thumb/v6-m/nofp/libcr_c.a(_deferredlazyseek.o)
 .debug_abbrev  0x000037f2       0xb5 /usr/local/mcuxpressoide-11.9.0_2144/ide/plugins/com.nxp.mcuxpresso.tools.linux_11.9.0.202307121226/tools/bin/../lib/gcc/arm-none-eabi/12.3.1/../../../../arm-none-eabi/lib/thumb/v6-m/nofp/libcr_nohost_nf.a(__ciob.o)
 .debug_abbrev  0x000038a7       0x51 /usr/local/mcuxpressoide-11.9.0_2144/ide/plugins/com.nxp.mcuxpresso.tools.linux_11.9.0.202307121226/tools/bin/../lib/gcc/arm-none-eabi/12.3.1/../../../../arm-none-eabi/lib/thumb/v6-m/nofp/libcr_nohost_nf.a(__sys_close.o)
 .debug_abbrev  0x000038f8       0x51 /usr/local/mcuxpressoide-11.9.0_2144/ide/plugins/com.nxp.mcuxpresso.tools.linux_11.9.0.202307121226/tools/bin/../lib/gcc/arm-none-eabi/12.3.1/../../../../arm-none-eabi/lib/thumb/v6-m/nofp/libcr_nohost_nf.a(__sys_flen.o)
 .debug_abbrev  0x00003949       0x51 /usr/local/mcuxpressoide-11.9.0_2144/ide/plugins/com.nxp.mcuxpresso.tools.linux_11.9.0.202307121226/tools/bin/../lib/gcc/arm-none-eabi/12.3.1/../../../../arm-none-eabi/lib/thumb/v6-m/nofp/libcr_nohost_nf.a(__sys_istty.o)
 .debug_abbrev  0x0000399a       0x7d /usr/local/mcuxpressoide-11.9.0_2144/ide/plugins/com.nxp.mcuxpresso.tools.linux_11.9.0.202307121226/tools/bin/../lib/gcc/arm-none-eabi/12.3.1/../../../../arm-none-eabi/lib/thumb/v6-m/nofp/libcr_nohost_nf.a(__sys_remove.o)
 .debug_abbrev  0x00003a17       0x62 /usr/local/mcuxpressoide-11.9.0_2144/ide/plugins/com.nxp.mcuxpresso.tools.linux_11.9.0.202307121226/tools/bin/../lib/gcc/arm-none-eabi/12.3.1/../../../../arm-none-eabi/lib/thumb/v6-m/nofp/libcr_nohost_nf.a(__sys_seek.o)
 .debug_abbrev  0x00003a79       0x76 /usr/local/mcuxpressoide-11.9.0_2144/ide/plugins/com.nxp.mcuxpresso.tools.linux_11.9.0.202307121226/tools/bin/../lib/gcc/arm-none-eabi/12.3.1/../../../../arm-none-eabi/lib/thumb/v6-m/nofp/libcr_nohost_nf.a(__sys_tmpnam.o)
 .debug_abbrev  0x00003aef       0x76 /usr/local/mcuxpressoide-11.9.0_2144/ide/plugins/com.nxp.mcuxpresso.tools.linux_11.9.0.202307121226/tools/bin/../lib/gcc/arm-none-eabi/12.3.1/../../../../arm-none-eabi/lib/thumb/v6-m/nofp/libcr_nohost_nf.a(__sys_write.o)

.debug_loc      0x00000000     0x18ac
 .debug_loc     0x00000000      0x1cc ./startup/startup_mkl25z4.o
 .debug_loc     0x000001cc       0x6f /usr/local/mcuxpressoide-11.9.0_2144/ide/plugins/com.nxp.mcuxpresso.tools.linux_11.9.0.202307121226/tools/bin/../lib/gcc/arm-none-eabi/12.3.1/../../../../arm-none-eabi/lib/thumb/v6-m/nofp/libcr_c.a(memcpy.o)
 .debug_loc     0x0000023b       0x6f /usr/local/mcuxpressoide-11.9.0_2144/ide/plugins/com.nxp.mcuxpresso.tools.linux_11.9.0.202307121226/tools/bin/../lib/gcc/arm-none-eabi/12.3.1/../../../../arm-none-eabi/lib/thumb/v6-m/nofp/libcr_c.a(memset.o)
 .debug_loc     0x000002aa       0x5a /usr/local/mcuxpressoide-11.9.0_2144/ide/plugins/com.nxp.mcuxpresso.tools.linux_11.9.0.202307121226/tools/bin/../lib/gcc/arm-none-eabi/12.3.1/../../../../arm-none-eabi/lib/thumb/v6-m/nofp/libcr_c.a(initio.o)
 .debug_loc     0x00000304      0x13d /usr/local/mcuxpressoide-11.9.0_2144/ide/plugins/com.nxp.mcuxpresso.tools.linux_11.9.0.202307121226/tools/bin/../lib/gcc/arm-none-eabi/12.3.1/../../../../arm-none-eabi/lib/thumb/v6-m/nofp/libcr_c.a(setvbuf.o)
 .debug_loc     0x00000441      0x10c /usr/local/mcuxpressoide-11.9.0_2144/ide/plugins/com.nxp.mcuxpresso.tools.linux_11.9.0.202307121226/tools/bin/../lib/gcc/arm-none-eabi/12.3.1/../../../../arm-none-eabi/lib/thumb/v6-m/nofp/libcr_c.a(strcpy.o)
 .debug_loc     0x0000054d      0x108 /usr/local/mcuxpressoide-11.9.0_2144/ide/plugins/com.nxp.mcuxpresso.tools.linux_11.9.0.202307121226/tools/bin/../lib/gcc/arm-none-eabi/12.3.1/../../../../arm-none-eabi/lib/thumb/v6-m/nofp/libcr_c.a(strlen.o)
 .debug_loc     0x00000655      0x15a /usr/local/mcuxpressoide-11.9.0_2144/ide/plugins/com.nxp.mcuxpresso.tools.linux_11.9.0.202307121226/tools/bin/../lib/gcc/arm-none-eabi/12.3.1/../../../../arm-none-eabi/lib/thumb/v6-m/nofp/libcr_c.a(_fdopen.o)
 .debug_loc     0x000007af       0xb2 /usr/local/mcuxpressoide-11.9.0_2144/ide/plugins/com.nxp.mcuxpresso.tools.linux_11.9.0.202307121226/tools/bin/../lib/gcc/arm-none-eabi/12.3.1/../../../../arm-none-eabi/lib/thumb/v6-m/nofp/libcr_c.a(fclose.o)
 .debug_loc     0x00000861       0x9f /usr/local/mcuxpressoide-11.9.0_2144/ide/plugins/com.nxp.mcuxpresso.tools.linux_11.9.0.202307121226/tools/bin/../lib/gcc/arm-none-eabi/12.3.1/../../../../arm-none-eabi/lib/thumb/v6-m/nofp/libcr_c.a(fflush.o)
 .debug_loc     0x00000900      0x1a8 /usr/local/mcuxpressoide-11.9.0_2144/ide/plugins/com.nxp.mcuxpresso.tools.linux_11.9.0.202307121226/tools/bin/../lib/gcc/arm-none-eabi/12.3.1/../../../../arm-none-eabi/lib/thumb/v6-m/nofp/libcr_c.a(fseek.o)
 .debug_loc     0x00000aa8       0x8d /usr/local/mcuxpressoide-11.9.0_2144/ide/plugins/com.nxp.mcuxpresso.tools.linux_11.9.0.202307121226/tools/bin/../lib/gcc/arm-none-eabi/12.3.1/../../../../arm-none-eabi/lib/thumb/v6-m/nofp/libcr_c.a(ftell.o)
 .debug_loc     0x00000b35       0xda /usr/local/mcuxpressoide-11.9.0_2144/ide/plugins/com.nxp.mcuxpresso.tools.linux_11.9.0.202307121226/tools/bin/../lib/gcc/arm-none-eabi/12.3.1/../../../../arm-none-eabi/lib/thumb/v6-m/nofp/libcr_c.a(remove.o)
 .debug_loc     0x00000c0f       0x83 /usr/local/mcuxpressoide-11.9.0_2144/ide/plugins/com.nxp.mcuxpresso.tools.linux_11.9.0.202307121226/tools/bin/../lib/gcc/arm-none-eabi/12.3.1/../../../../arm-none-eabi/lib/thumb/v6-m/nofp/libcr_c.a(_do_fflush.o)
 .debug_loc     0x00000c92      0x124 /usr/local/mcuxpressoide-11.9.0_2144/ide/plugins/com.nxp.mcuxpresso.tools.linux_11.9.0.202307121226/tools/bin/../lib/gcc/arm-none-eabi/12.3.1/../../../../arm-none-eabi/lib/thumb/v6-m/nofp/libcr_c.a(_fflush.o)
 .debug_loc     0x00000db6       0xe7 /usr/local/mcuxpressoide-11.9.0_2144/ide/plugins/com.nxp.mcuxpresso.tools.linux_11.9.0.202307121226/tools/bin/../lib/gcc/arm-none-eabi/12.3.1/../../../../arm-none-eabi/lib/thumb/v6-m/nofp/libcr_c.a(_writebuf.o)
 .debug_loc     0x00000e9d      0x762 /usr/local/mcuxpressoide-11.9.0_2144/ide/plugins/com.nxp.mcuxpresso.tools.linux_11.9.0.202307121226/tools/bin/../lib/gcc/arm-none-eabi/12.3.1/../../../../arm-none-eabi/lib/thumb/v6-m/nofp/libcr_c.a(alloc.o)
 .debug_loc     0x000015ff      0x1aa /usr/local/mcuxpressoide-11.9.0_2144/ide/plugins/com.nxp.mcuxpresso.tools.linux_11.9.0.202307121226/tools/bin/../lib/gcc/arm-none-eabi/12.3.1/../../../../arm-none-eabi/lib/thumb/v6-m/nofp/libcr_c.a(_deferredlazyseek.o)
 .debug_loc     0x000017a9       0x25 /usr/local/mcuxpressoide-11.9.0_2144/ide/plugins/com.nxp.mcuxpresso.tools.linux_11.9.0.202307121226/tools/bin/../lib/gcc/arm-none-eabi/12.3.1/../../../../arm-none-eabi/lib/thumb/v6-m/nofp/libcr_nohost_nf.a(__sys_close.o)
 .debug_loc     0x000017ce       0x25 /usr/local/mcuxpressoide-11.9.0_2144/ide/plugins/com.nxp.mcuxpresso.tools.linux_11.9.0.202307121226/tools/bin/../lib/gcc/arm-none-eabi/12.3.1/../../../../arm-none-eabi/lib/thumb/v6-m/nofp/libcr_nohost_nf.a(__sys_flen.o)
 .debug_loc     0x000017f3       0x25 /usr/local/mcuxpressoide-11.9.0_2144/ide/plugins/com.nxp.mcuxpresso.tools.linux_11.9.0.202307121226/tools/bin/../lib/gcc/arm-none-eabi/12.3.1/../../../../arm-none-eabi/lib/thumb/v6-m/nofp/libcr_nohost_nf.a(__sys_istty.o)
 .debug_loc     0x00001818       0x25 /usr/local/mcuxpressoide-11.9.0_2144/ide/plugins/com.nxp.mcuxpresso.tools.linux_11.9.0.202307121226/tools/bin/../lib/gcc/arm-none-eabi/12.3.1/../../../../arm-none-eabi/lib/thumb/v6-m/nofp/libcr_nohost_nf.a(__sys_remove.o)
 .debug_loc     0x0000183d       0x25 /usr/local/mcuxpressoide-11.9.0_2144/ide/plugins/com.nxp.mcuxpresso.tools.linux_11.9.0.202307121226/tools/bin/../lib/gcc/arm-none-eabi/12.3.1/../../../../arm-none-eabi/lib/thumb/v6-m/nofp/libcr_nohost_nf.a(__sys_seek.o)
 .debug_loc     0x00001862       0x25 /usr/local/mcuxpressoide-11.9.0_2144/ide/plugins/com.nxp.mcuxpresso.tools.linux_11.9.0.202307121226/tools/bin/../lib/gcc/arm-none-eabi/12.3.1/../../../../arm-none-eabi/lib/thumb/v6-m/nofp/libcr_nohost_nf.a(__sys_tmpnam.o)
 .debug_loc     0x00001887       0x25 /usr/local/mcuxpressoide-11.9.0_2144/ide/plugins/com.nxp.mcuxpresso.tools.linux_11.9.0.202307121226/tools/bin/../lib/gcc/arm-none-eabi/12.3.1/../../../../arm-none-eabi/lib/thumb/v6-m/nofp/libcr_nohost_nf.a(__sys_write.o)

.debug_aranges  0x00000000     0x1100
 .debug_aranges
                0x00000000      0x160 ./startup/startup_mkl25z4.o
 .debug_aranges
                0x00000160       0x20 ./source/inspectorRTOS.o
 .debug_aranges
                0x00000180       0x18 ./source/mtb.o
 .debug_aranges
                0x00000198       0x20 ./source/semihost_hardfault.o
 .debug_aranges
                0x000001b8       0x20 ./freertos/fsl_tickless_lptmr.o
 .debug_aranges
                0x000001d8       0x50 ./freertos/heap_4.o
 .debug_aranges
                0x00000228       0x40 ./freertos/list.o
 .debug_aranges
                0x00000268       0x80 ./freertos/port.o
 .debug_aranges
                0x000002e8      0x118 ./freertos/queue.o
 .debug_aranges
                0x00000400      0x1e8 ./freertos/tasks.o
 .debug_aranges
                0x000005e8       0xc8 ./freertos/timers.o
 .debug_aranges
                0x000006b0      0x178 ./drivers/fsl_i2c.o
 .debug_aranges
                0x00000828      0x118 ./drivers/fsl_lpsci.o
 .debug_aranges
                0x00000940      0x130 ./drivers/fsl_uart.o
 .debug_aranges
                0x00000a70       0x88 ./board/LCD_8BIT.o
 .debug_aranges
                0x00000af8       0xd0 ./board/RGB.o
 .debug_aranges
                0x00000bc8       0x58 ./board/common.o
 .debug_aranges
                0x00000c20       0xa0 ./board/mainSystem.o
 .debug_aranges
                0x00000cc0       0x90 ./board/stepper.o
 .debug_aranges
                0x00000d50       0x28 ./CMSIS/system_MKL25Z4.o
 .debug_aranges
                0x00000d78       0x20 /usr/local/mcuxpressoide-11.9.0_2144/ide/plugins/com.nxp.mcuxpresso.tools.linux_11.9.0.202307121226/tools/bin/../lib/gcc/arm-none-eabi/12.3.1/../../../../arm-none-eabi/lib/thumb/v6-m/nofp/libcr_nohost_nf.a(_cr__main.o)
 .debug_aranges
                0x00000d98       0x20 /usr/local/mcuxpressoide-11.9.0_2144/ide/plugins/com.nxp.mcuxpresso.tools.linux_11.9.0.202307121226/tools/bin/../lib/gcc/arm-none-eabi/12.3.1/../../../../arm-none-eabi/lib/thumb/v6-m/nofp/libcr_c.a(memcpy.o)
 .debug_aranges
                0x00000db8       0x20 /usr/local/mcuxpressoide-11.9.0_2144/ide/plugins/com.nxp.mcuxpresso.tools.linux_11.9.0.202307121226/tools/bin/../lib/gcc/arm-none-eabi/12.3.1/../../../../arm-none-eabi/lib/thumb/v6-m/nofp/libcr_c.a(memset.o)
 .debug_aranges
                0x00000dd8       0x28 /usr/local/mcuxpressoide-11.9.0_2144/ide/plugins/com.nxp.mcuxpresso.tools.linux_11.9.0.202307121226/tools/bin/../lib/gcc/arm-none-eabi/12.3.1/../../../../arm-none-eabi/lib/thumb/v6-m/nofp/libcr_c.a(initio.o)
 .debug_aranges
                0x00000e00       0x20 /usr/local/mcuxpressoide-11.9.0_2144/ide/plugins/com.nxp.mcuxpresso.tools.linux_11.9.0.202307121226/tools/bin/../lib/gcc/arm-none-eabi/12.3.1/../../../../arm-none-eabi/lib/thumb/v6-m/nofp/libcr_c.a(setvbuf.o)
 .debug_aranges
                0x00000e20       0x20 /usr/local/mcuxpressoide-11.9.0_2144/ide/plugins/com.nxp.mcuxpresso.tools.linux_11.9.0.202307121226/tools/bin/../lib/gcc/arm-none-eabi/12.3.1/../../../../arm-none-eabi/lib/thumb/v6-m/nofp/libcr_c.a(strcpy.o)
 .debug_aranges
                0x00000e40       0x20 /usr/local/mcuxpressoide-11.9.0_2144/ide/plugins/com.nxp.mcuxpresso.tools.linux_11.9.0.202307121226/tools/bin/../lib/gcc/arm-none-eabi/12.3.1/../../../../arm-none-eabi/lib/thumb/v6-m/nofp/libcr_c.a(strlen.o)
 .debug_aranges
                0x00000e60       0x20 /usr/local/mcuxpressoide-11.9.0_2144/ide/plugins/com.nxp.mcuxpresso.tools.linux_11.9.0.202307121226/tools/bin/../lib/gcc/arm-none-eabi/12.3.1/../../../../arm-none-eabi/lib/thumb/v6-m/nofp/libcr_c.a(_fdopen.o)
 .debug_aranges
                0x00000e80       0x20 /usr/local/mcuxpressoide-11.9.0_2144/ide/plugins/com.nxp.mcuxpresso.tools.linux_11.9.0.202307121226/tools/bin/../lib/gcc/arm-none-eabi/12.3.1/../../../../arm-none-eabi/lib/thumb/v6-m/nofp/libcr_c.a(fclose.o)
 .debug_aranges
                0x00000ea0       0x20 /usr/local/mcuxpressoide-11.9.0_2144/ide/plugins/com.nxp.mcuxpresso.tools.linux_11.9.0.202307121226/tools/bin/../lib/gcc/arm-none-eabi/12.3.1/../../../../arm-none-eabi/lib/thumb/v6-m/nofp/libcr_c.a(fflush.o)
 .debug_aranges
                0x00000ec0       0x20 /usr/local/mcuxpressoide-11.9.0_2144/ide/plugins/com.nxp.mcuxpresso.tools.linux_11.9.0.202307121226/tools/bin/../lib/gcc/arm-none-eabi/12.3.1/../../../../arm-none-eabi/lib/thumb/v6-m/nofp/libcr_c.a(fseek.o)
 .debug_aranges
                0x00000ee0       0x20 /usr/local/mcuxpressoide-11.9.0_2144/ide/plugins/com.nxp.mcuxpresso.tools.linux_11.9.0.202307121226/tools/bin/../lib/gcc/arm-none-eabi/12.3.1/../../../../arm-none-eabi/lib/thumb/v6-m/nofp/libcr_c.a(ftell.o)
 .debug_aranges
                0x00000f00       0x28 /usr/local/mcuxpressoide-11.9.0_2144/ide/plugins/com.nxp.mcuxpresso.tools.linux_11.9.0.202307121226/tools/bin/../lib/gcc/arm-none-eabi/12.3.1/../../../../arm-none-eabi/lib/thumb/v6-m/nofp/libcr_c.a(remove.o)
 .debug_aranges
                0x00000f28       0x20 /usr/local/mcuxpressoide-11.9.0_2144/ide/plugins/com.nxp.mcuxpresso.tools.linux_11.9.0.202307121226/tools/bin/../lib/gcc/arm-none-eabi/12.3.1/../../../../arm-none-eabi/lib/thumb/v6-m/nofp/libcr_c.a(_do_fflush.o)
 .debug_aranges
                0x00000f48       0x20 /usr/local/mcuxpressoide-11.9.0_2144/ide/plugins/com.nxp.mcuxpresso.tools.linux_11.9.0.202307121226/tools/bin/../lib/gcc/arm-none-eabi/12.3.1/../../../../arm-none-eabi/lib/thumb/v6-m/nofp/libcr_c.a(_fflush.o)
 .debug_aranges
                0x00000f68       0x20 /usr/local/mcuxpressoide-11.9.0_2144/ide/plugins/com.nxp.mcuxpresso.tools.linux_11.9.0.202307121226/tools/bin/../lib/gcc/arm-none-eabi/12.3.1/../../../../arm-none-eabi/lib/thumb/v6-m/nofp/libcr_c.a(_writebuf.o)
 .debug_aranges
                0x00000f88       0x40 /usr/local/mcuxpressoide-11.9.0_2144/ide/plugins/com.nxp.mcuxpresso.tools.linux_11.9.0.202307121226/tools/bin/../lib/gcc/arm-none-eabi/12.3.1/../../../../arm-none-eabi/lib/thumb/v6-m/nofp/libcr_c.a(alloc.o)
 .debug_aranges
                0x00000fc8       0x18 /usr/local/mcuxpressoide-11.9.0_2144/ide/plugins/com.nxp.mcuxpresso.tools.linux_11.9.0.202307121226/tools/bin/../lib/gcc/arm-none-eabi/12.3.1/../../../../arm-none-eabi/lib/thumb/v6-m/nofp/libcr_c.a(errno.o)
 .debug_aranges
                0x00000fe0       0x28 /usr/local/mcuxpressoide-11.9.0_2144/ide/plugins/com.nxp.mcuxpresso.tools.linux_11.9.0.202307121226/tools/bin/../lib/gcc/arm-none-eabi/12.3.1/../../../../arm-none-eabi/lib/thumb/v6-m/nofp/libcr_c.a(_deferredlazyseek.o)
 .debug_aranges
                0x00001008       0x18 /usr/local/mcuxpressoide-11.9.0_2144/ide/plugins/com.nxp.mcuxpresso.tools.linux_11.9.0.202307121226/tools/bin/../lib/gcc/arm-none-eabi/12.3.1/../../../../arm-none-eabi/lib/thumb/v6-m/nofp/libcr_nohost_nf.a(__ciob.o)
 .debug_aranges
                0x00001020       0x20 /usr/local/mcuxpressoide-11.9.0_2144/ide/plugins/com.nxp.mcuxpresso.tools.linux_11.9.0.202307121226/tools/bin/../lib/gcc/arm-none-eabi/12.3.1/../../../../arm-none-eabi/lib/thumb/v6-m/nofp/libcr_nohost_nf.a(__sys_close.o)
 .debug_aranges
                0x00001040       0x20 /usr/local/mcuxpressoide-11.9.0_2144/ide/plugins/com.nxp.mcuxpresso.tools.linux_11.9.0.202307121226/tools/bin/../lib/gcc/arm-none-eabi/12.3.1/../../../../arm-none-eabi/lib/thumb/v6-m/nofp/libcr_nohost_nf.a(__sys_flen.o)
 .debug_aranges
                0x00001060       0x20 /usr/local/mcuxpressoide-11.9.0_2144/ide/plugins/com.nxp.mcuxpresso.tools.linux_11.9.0.202307121226/tools/bin/../lib/gcc/arm-none-eabi/12.3.1/../../../../arm-none-eabi/lib/thumb/v6-m/nofp/libcr_nohost_nf.a(__sys_istty.o)
 .debug_aranges
                0x00001080       0x20 /usr/local/mcuxpressoide-11.9.0_2144/ide/plugins/com.nxp.mcuxpresso.tools.linux_11.9.0.202307121226/tools/bin/../lib/gcc/arm-none-eabi/12.3.1/../../../../arm-none-eabi/lib/thumb/v6-m/nofp/libcr_nohost_nf.a(__sys_remove.o)
 .debug_aranges
                0x000010a0       0x20 /usr/local/mcuxpressoide-11.9.0_2144/ide/plugins/com.nxp.mcuxpresso.tools.linux_11.9.0.202307121226/tools/bin/../lib/gcc/arm-none-eabi/12.3.1/../../../../arm-none-eabi/lib/thumb/v6-m/nofp/libcr_nohost_nf.a(__sys_seek.o)
 .debug_aranges
                0x000010c0       0x20 /usr/local/mcuxpressoide-11.9.0_2144/ide/plugins/com.nxp.mcuxpresso.tools.linux_11.9.0.202307121226/tools/bin/../lib/gcc/arm-none-eabi/12.3.1/../../../../arm-none-eabi/lib/thumb/v6-m/nofp/libcr_nohost_nf.a(__sys_tmpnam.o)
 .debug_aranges
                0x000010e0       0x20 /usr/local/mcuxpressoide-11.9.0_2144/ide/plugins/com.nxp.mcuxpresso.tools.linux_11.9.0.202307121226/tools/bin/../lib/gcc/arm-none-eabi/12.3.1/../../../../arm-none-eabi/lib/thumb/v6-m/nofp/libcr_nohost_nf.a(__sys_write.o)

.debug_ranges   0x00000000      0xed0
 .debug_ranges  0x00000000      0x150 ./startup/startup_mkl25z4.o
 .debug_ranges  0x00000150       0x10 ./source/inspectorRTOS.o
 .debug_ranges  0x00000160       0x10 ./source/semihost_hardfault.o
 .debug_ranges  0x00000170       0x10 ./freertos/fsl_tickless_lptmr.o
 .debug_ranges  0x00000180       0x40 ./freertos/heap_4.o
 .debug_ranges  0x000001c0       0x30 ./freertos/list.o
 .debug_ranges  0x000001f0       0x70 ./freertos/port.o
 .debug_ranges  0x00000260      0x108 ./freertos/queue.o
 .debug_ranges  0x00000368      0x1d8 ./freertos/tasks.o
 .debug_ranges  0x00000540       0xb8 ./freertos/timers.o
 .debug_ranges  0x000005f8      0x168 ./drivers/fsl_i2c.o
 .debug_ranges  0x00000760      0x108 ./drivers/fsl_lpsci.o
 .debug_ranges  0x00000868      0x120 ./drivers/fsl_uart.o
 .debug_ranges  0x00000988       0x78 ./board/LCD_8BIT.o
 .debug_ranges  0x00000a00       0xc0 ./board/RGB.o
 .debug_ranges  0x00000ac0       0x48 ./board/common.o
 .debug_ranges  0x00000b08       0x90 ./board/mainSystem.o
 .debug_ranges  0x00000b98       0x80 ./board/stepper.o
 .debug_ranges  0x00000c18       0x18 ./CMSIS/system_MKL25Z4.o
 .debug_ranges  0x00000c30       0x10 /usr/local/mcuxpressoide-11.9.0_2144/ide/plugins/com.nxp.mcuxpresso.tools.linux_11.9.0.202307121226/tools/bin/../lib/gcc/arm-none-eabi/12.3.1/../../../../arm-none-eabi/lib/thumb/v6-m/nofp/libcr_nohost_nf.a(_cr__main.o)
 .debug_ranges  0x00000c40       0x10 /usr/local/mcuxpressoide-11.9.0_2144/ide/plugins/com.nxp.mcuxpresso.tools.linux_11.9.0.202307121226/tools/bin/../lib/gcc/arm-none-eabi/12.3.1/../../../../arm-none-eabi/lib/thumb/v6-m/nofp/libcr_c.a(memcpy.o)
 .debug_ranges  0x00000c50       0x10 /usr/local/mcuxpressoide-11.9.0_2144/ide/plugins/com.nxp.mcuxpresso.tools.linux_11.9.0.202307121226/tools/bin/../lib/gcc/arm-none-eabi/12.3.1/../../../../arm-none-eabi/lib/thumb/v6-m/nofp/libcr_c.a(memset.o)
 .debug_ranges  0x00000c60       0x38 /usr/local/mcuxpressoide-11.9.0_2144/ide/plugins/com.nxp.mcuxpresso.tools.linux_11.9.0.202307121226/tools/bin/../lib/gcc/arm-none-eabi/12.3.1/../../../../arm-none-eabi/lib/thumb/v6-m/nofp/libcr_c.a(initio.o)
 .debug_ranges  0x00000c98       0x10 /usr/local/mcuxpressoide-11.9.0_2144/ide/plugins/com.nxp.mcuxpresso.tools.linux_11.9.0.202307121226/tools/bin/../lib/gcc/arm-none-eabi/12.3.1/../../../../arm-none-eabi/lib/thumb/v6-m/nofp/libcr_c.a(setvbuf.o)
 .debug_ranges  0x00000ca8       0x28 /usr/local/mcuxpressoide-11.9.0_2144/ide/plugins/com.nxp.mcuxpresso.tools.linux_11.9.0.202307121226/tools/bin/../lib/gcc/arm-none-eabi/12.3.1/../../../../arm-none-eabi/lib/thumb/v6-m/nofp/libcr_c.a(strcpy.o)
 .debug_ranges  0x00000cd0       0x28 /usr/local/mcuxpressoide-11.9.0_2144/ide/plugins/com.nxp.mcuxpresso.tools.linux_11.9.0.202307121226/tools/bin/../lib/gcc/arm-none-eabi/12.3.1/../../../../arm-none-eabi/lib/thumb/v6-m/nofp/libcr_c.a(strlen.o)
 .debug_ranges  0x00000cf8       0x10 /usr/local/mcuxpressoide-11.9.0_2144/ide/plugins/com.nxp.mcuxpresso.tools.linux_11.9.0.202307121226/tools/bin/../lib/gcc/arm-none-eabi/12.3.1/../../../../arm-none-eabi/lib/thumb/v6-m/nofp/libcr_c.a(_fdopen.o)
 .debug_ranges  0x00000d08       0x10 /usr/local/mcuxpressoide-11.9.0_2144/ide/plugins/com.nxp.mcuxpresso.tools.linux_11.9.0.202307121226/tools/bin/../lib/gcc/arm-none-eabi/12.3.1/../../../../arm-none-eabi/lib/thumb/v6-m/nofp/libcr_c.a(fclose.o)
 .debug_ranges  0x00000d18       0x28 /usr/local/mcuxpressoide-11.9.0_2144/ide/plugins/com.nxp.mcuxpresso.tools.linux_11.9.0.202307121226/tools/bin/../lib/gcc/arm-none-eabi/12.3.1/../../../../arm-none-eabi/lib/thumb/v6-m/nofp/libcr_c.a(fflush.o)
 .debug_ranges  0x00000d40       0x10 /usr/local/mcuxpressoide-11.9.0_2144/ide/plugins/com.nxp.mcuxpresso.tools.linux_11.9.0.202307121226/tools/bin/../lib/gcc/arm-none-eabi/12.3.1/../../../../arm-none-eabi/lib/thumb/v6-m/nofp/libcr_c.a(fseek.o)
 .debug_ranges  0x00000d50       0x10 /usr/local/mcuxpressoide-11.9.0_2144/ide/plugins/com.nxp.mcuxpresso.tools.linux_11.9.0.202307121226/tools/bin/../lib/gcc/arm-none-eabi/12.3.1/../../../../arm-none-eabi/lib/thumb/v6-m/nofp/libcr_c.a(ftell.o)
 .debug_ranges  0x00000d60       0x18 /usr/local/mcuxpressoide-11.9.0_2144/ide/plugins/com.nxp.mcuxpresso.tools.linux_11.9.0.202307121226/tools/bin/../lib/gcc/arm-none-eabi/12.3.1/../../../../arm-none-eabi/lib/thumb/v6-m/nofp/libcr_c.a(remove.o)
 .debug_ranges  0x00000d78       0x28 /usr/local/mcuxpressoide-11.9.0_2144/ide/plugins/com.nxp.mcuxpresso.tools.linux_11.9.0.202307121226/tools/bin/../lib/gcc/arm-none-eabi/12.3.1/../../../../arm-none-eabi/lib/thumb/v6-m/nofp/libcr_c.a(_do_fflush.o)
 .debug_ranges  0x00000da0       0x10 /usr/local/mcuxpressoide-11.9.0_2144/ide/plugins/com.nxp.mcuxpresso.tools.linux_11.9.0.202307121226/tools/bin/../lib/gcc/arm-none-eabi/12.3.1/../../../../arm-none-eabi/lib/thumb/v6-m/nofp/libcr_c.a(_fflush.o)
 .debug_ranges  0x00000db0       0x10 /usr/local/mcuxpressoide-11.9.0_2144/ide/plugins/com.nxp.mcuxpresso.tools.linux_11.9.0.202307121226/tools/bin/../lib/gcc/arm-none-eabi/12.3.1/../../../../arm-none-eabi/lib/thumb/v6-m/nofp/libcr_c.a(_writebuf.o)
 .debug_ranges  0x00000dc0       0x50 /usr/local/mcuxpressoide-11.9.0_2144/ide/plugins/com.nxp.mcuxpresso.tools.linux_11.9.0.202307121226/tools/bin/../lib/gcc/arm-none-eabi/12.3.1/../../../../arm-none-eabi/lib/thumb/v6-m/nofp/libcr_c.a(alloc.o)
 .debug_ranges  0x00000e10       0x50 /usr/local/mcuxpressoide-11.9.0_2144/ide/plugins/com.nxp.mcuxpresso.tools.linux_11.9.0.202307121226/tools/bin/../lib/gcc/arm-none-eabi/12.3.1/../../../../arm-none-eabi/lib/thumb/v6-m/nofp/libcr_c.a(_deferredlazyseek.o)
 .debug_ranges  0x00000e60       0x10 /usr/local/mcuxpressoide-11.9.0_2144/ide/plugins/com.nxp.mcuxpresso.tools.linux_11.9.0.202307121226/tools/bin/../lib/gcc/arm-none-eabi/12.3.1/../../../../arm-none-eabi/lib/thumb/v6-m/nofp/libcr_nohost_nf.a(__sys_close.o)
 .debug_ranges  0x00000e70       0x10 /usr/local/mcuxpressoide-11.9.0_2144/ide/plugins/com.nxp.mcuxpresso.tools.linux_11.9.0.202307121226/tools/bin/../lib/gcc/arm-none-eabi/12.3.1/../../../../arm-none-eabi/lib/thumb/v6-m/nofp/libcr_nohost_nf.a(__sys_flen.o)
 .debug_ranges  0x00000e80       0x10 /usr/local/mcuxpressoide-11.9.0_2144/ide/plugins/com.nxp.mcuxpresso.tools.linux_11.9.0.202307121226/tools/bin/../lib/gcc/arm-none-eabi/12.3.1/../../../../arm-none-eabi/lib/thumb/v6-m/nofp/libcr_nohost_nf.a(__sys_istty.o)
 .debug_ranges  0x00000e90       0x10 /usr/local/mcuxpressoide-11.9.0_2144/ide/plugins/com.nxp.mcuxpresso.tools.linux_11.9.0.202307121226/tools/bin/../lib/gcc/arm-none-eabi/12.3.1/../../../../arm-none-eabi/lib/thumb/v6-m/nofp/libcr_nohost_nf.a(__sys_remove.o)
 .debug_ranges  0x00000ea0       0x10 /usr/local/mcuxpressoide-11.9.0_2144/ide/plugins/com.nxp.mcuxpresso.tools.linux_11.9.0.202307121226/tools/bin/../lib/gcc/arm-none-eabi/12.3.1/../../../../arm-none-eabi/lib/thumb/v6-m/nofp/libcr_nohost_nf.a(__sys_seek.o)
 .debug_ranges  0x00000eb0       0x10 /usr/local/mcuxpressoide-11.9.0_2144/ide/plugins/com.nxp.mcuxpresso.tools.linux_11.9.0.202307121226/tools/bin/../lib/gcc/arm-none-eabi/12.3.1/../../../../arm-none-eabi/lib/thumb/v6-m/nofp/libcr_nohost_nf.a(__sys_tmpnam.o)
 .debug_ranges  0x00000ec0       0x10 /usr/local/mcuxpressoide-11.9.0_2144/ide/plugins/com.nxp.mcuxpresso.tools.linux_11.9.0.202307121226/tools/bin/../lib/gcc/arm-none-eabi/12.3.1/../../../../arm-none-eabi/lib/thumb/v6-m/nofp/libcr_nohost_nf.a(__sys_write.o)

.debug_macro    0x00000000     0x224f
 .debug_macro   0x00000000       0x29 ./startup/startup_mkl25z4.o
 .debug_macro   0x00000029      0x21e ./source/inspectorRTOS.o
 .debug_macro   0x00000247       0x16 ./source/inspectorRTOS.o
 .debug_macro   0x0000025d      0x18b ./source/inspectorRTOS.o
 .debug_macro   0x000003e8      0x168 ./source/inspectorRTOS.o
 .debug_macro   0x00000550       0xb6 ./source/inspectorRTOS.o
 .debug_macro   0x00000606       0x10 ./source/inspectorRTOS.o
 .debug_macro   0x00000616       0x1f ./source/inspectorRTOS.o
 .debug_macro   0x00000635      0x361 ./source/inspectorRTOS.o
 .debug_macro   0x00000996       0x16 ./source/inspectorRTOS.o
 .debug_macro   0x000009ac       0x10 ./source/inspectorRTOS.o
 .debug_macro   0x000009bc      0x112 ./source/inspectorRTOS.o
 .debug_macro   0x00000ace       0x34 ./source/inspectorRTOS.o
 .debug_macro   0x00000b02       0xc0 ./source/inspectorRTOS.o
 .debug_macro   0x00000bc2       0x94 ./source/inspectorRTOS.o
 .debug_macro   0x00000c56       0x78 ./source/inspectorRTOS.o
 .debug_macro   0x00000cce       0x8c ./source/inspectorRTOS.o
 .debug_macro   0x00000d5a       0xd2 ./source/inspectorRTOS.o
 .debug_macro   0x00000e2c       0x3a ./source/inspectorRTOS.o
 .debug_macro   0x00000e66       0x22 ./source/inspectorRTOS.o
 .debug_macro   0x00000e88       0xe8 ./source/inspectorRTOS.o
 .debug_macro   0x00000f70       0x2e ./source/inspectorRTOS.o
 .debug_macro   0x00000f9e       0x58 ./source/inspectorRTOS.o
 .debug_macro   0x00000ff6       0x2f ./source/mtb.o
 .debug_macro   0x00001025       0x82 ./source/mtb.o
 .debug_macro   0x000010a7       0x10 ./source/mtb.o
 .debug_macro   0x000010b7       0x11 ./source/semihost_hardfault.o