Archive member included to satisfy reference by file (symbol)

/usr/local/mcuxpressoide-11.9.0_2144/ide/plugins/com.nxp.mcuxpresso.tools.linux_11.9.0.202307121226/tools/bin/../lib/gcc/arm-none-eabi/12.3.1/../../../../arm-none-eabi/lib/thumb/v6-m/nofp/libcr_nohost_nf.a(_cr__main.o)
                              ./startup/startup_mkl25z4.o (__main)
/usr/local/mcuxpressoide-11.9.0_2144/ide/plugins/com.nxp.mcuxpresso.tools.linux_11.9.0.202307121226/tools/bin/../lib/gcc/arm-none-eabi/12.3.1/../../../../arm-none-eabi/lib/thumb/v6-m/nofp/libcr_c.a(memcpy.o)
                              ./source/inspectorRTOS.o (memcpy)
/usr/local/mcuxpressoide-11.9.0_2144/ide/plugins/com.nxp.mcuxpresso.tools.linux_11.9.0.202307121226/tools/bin/../lib/gcc/arm-none-eabi/12.3.1/../../../../arm-none-eabi/lib/thumb/v6-m/nofp/libcr_c.a(memmove.o)
                              ./utilities/fsl_shell.o (memmove)
/usr/local/mcuxpressoide-11.9.0_2144/ide/plugins/com.nxp.mcuxpresso.tools.linux_11.9.0.202307121226/tools/bin/../lib/gcc/arm-none-eabi/12.3.1/../../../../arm-none-eabi/lib/thumb/v6-m/nofp/libcr_c.a(memset.o)
                              ./utilities/fsl_shell.o (memset)
/usr/local/mcuxpressoide-11.9.0_2144/ide/plugins/com.nxp.mcuxpresso.tools.linux_11.9.0.202307121226/tools/bin/../lib/gcc/arm-none-eabi/12.3.1/../../../../arm-none-eabi/lib/thumb/v6-m/nofp/libcr_c.a(initio.o)
                              /usr/local/mcuxpressoide-11.9.0_2144/ide/plugins/com.nxp.mcuxpresso.tools.linux_11.9.0.202307121226/tools/bin/../lib/gcc/arm-none-eabi/12.3.1/../../../../arm-none-eabi/lib/thumb/v6-m/nofp/libcr_nohost_nf.a(_cr__main.o) (_initio)
/usr/local/mcuxpressoide-11.9.0_2144/ide/plugins/com.nxp.mcuxpresso.tools.linux_11.9.0.202307121226/tools/bin/../lib/gcc/arm-none-eabi/12.3.1/../../../../arm-none-eabi/lib/thumb/v6-m/nofp/libcr_c.a(setvbuf.o)
                              /usr/local/mcuxpressoide-11.9.0_2144/ide/plugins/com.nxp.mcuxpresso.tools.linux_11.9.0.202307121226/tools/bin/../lib/gcc/arm-none-eabi/12.3.1/../../../../arm-none-eabi/lib/thumb/v6-m/nofp/libcr_c.a(initio.o) (setvbuf)
/usr/local/mcuxpressoide-11.9.0_2144/ide/plugins/com.nxp.mcuxpresso.tools.linux_11.9.0.202307121226/tools/bin/../lib/gcc/arm-none-eabi/12.3.1/../../../../arm-none-eabi/lib/thumb/v6-m/nofp/libcr_c.a(strcmp.o)
                              ./board/mainSystem.o (strcmp)
/usr/local/mcuxpressoide-11.9.0_2144/ide/plugins/com.nxp.mcuxpresso.tools.linux_11.9.0.202307121226/tools/bin/../lib/gcc/arm-none-eabi/12.3.1/../../../../arm-none-eabi/lib/thumb/v6-m/nofp/libcr_c.a(strcpy.o)
                              ./board/common.o (strcpy)
/usr/local/mcuxpressoide-11.9.0_2144/ide/plugins/com.nxp.mcuxpresso.tools.linux_11.9.0.202307121226/tools/bin/../lib/gcc/arm-none-eabi/12.3.1/../../../../arm-none-eabi/lib/thumb/v6-m/nofp/libcr_c.a(strlen.o)
                              ./utilities/fsl_debug_console.o (strlen)
/usr/local/mcuxpressoide-11.9.0_2144/ide/plugins/com.nxp.mcuxpresso.tools.linux_11.9.0.202307121226/tools/bin/../lib/gcc/arm-none-eabi/12.3.1/../../../../arm-none-eabi/lib/thumb/v6-m/nofp/libcr_c.a(_fdopen.o)
                              /usr/local/mcuxpressoide-11.9.0_2144/ide/plugins/com.nxp.mcuxpresso.tools.linux_11.9.0.202307121226/tools/bin/../lib/gcc/arm-none-eabi/12.3.1/../../../../arm-none-eabi/lib/thumb/v6-m/nofp/libcr_c.a(initio.o) (_fdopen)
/usr/local/mcuxpressoide-11.9.0_2144/ide/plugins/com.nxp.mcuxpresso.tools.linux_11.9.0.202307121226/tools/bin/../lib/gcc/arm-none-eabi/12.3.1/../../../../arm-none-eabi/lib/thumb/v6-m/nofp/libcr_c.a(fclose.o)
                              /usr/local/mcuxpressoide-11.9.0_2144/ide/plugins/com.nxp.mcuxpresso.tools.linux_11.9.0.202307121226/tools/bin/../lib/gcc/arm-none-eabi/12.3.1/../../../../arm-none-eabi/lib/thumb/v6-m/nofp/libcr_c.a(initio.o) (fclose)
/usr/local/mcuxpressoide-11.9.0_2144/ide/plugins/com.nxp.mcuxpresso.tools.linux_11.9.0.202307121226/tools/bin/../lib/gcc/arm-none-eabi/12.3.1/../../../../arm-none-eabi/lib/thumb/v6-m/nofp/libcr_c.a(fflush.o)
                              /usr/local/mcuxpressoide-11.9.0_2144/ide/plugins/com.nxp.mcuxpresso.tools.linux_11.9.0.202307121226/tools/bin/../lib/gcc/arm-none-eabi/12.3.1/../../../../arm-none-eabi/lib/thumb/v6-m/nofp/libcr_c.a(fclose.o) (fflush)
/usr/local/mcuxpressoide-11.9.0_2144/ide/plugins/com.nxp.mcuxpresso.tools.linux_11.9.0.202307121226/tools/bin/../lib/gcc/arm-none-eabi/12.3.1/../../../../arm-none-eabi/lib/thumb/v6-m/nofp/libcr_c.a(fseek.o)
                              /usr/local/mcuxpressoide-11.9.0_2144/ide/plugins/com.nxp.mcuxpresso.tools.linux_11.9.0.202307121226/tools/bin/../lib/gcc/arm-none-eabi/12.3.1/../../../../arm-none-eabi/lib/thumb/v6-m/nofp/libcr_c.a(_fdopen.o) (fseek)
/usr/local/mcuxpressoide-11.9.0_2144/ide/plugins/com.nxp.mcuxpresso.tools.linux_11.9.0.202307121226/tools/bin/../lib/gcc/arm-none-eabi/12.3.1/../../../../arm-none-eabi/lib/thumb/v6-m/nofp/libcr_c.a(ftell.o)
[...]
Memory Configuration

Name             Origin             Length             Attributes
PROGRAM_FLASH    0x00000000         0x00020000         xr
SRAM             0x1ffff000         0x00004000         xrw
*default*        0x00000000         0xffffffff

Linker script and memory map

LOAD ./utilities/fsl_debug_console.o
LOAD ./utilities/fsl_shell.o
LOAD ./startup/startup_mkl25z4.o
LOAD ./source/inspectorRTOS.o
LOAD ./source/mtb.o
LOAD ./source/semihost_hardfault.o
LOAD ./freertos/croutine.o
LOAD ./freertos/event_groups.o
LOAD ./freertos/fsl_tickless_lptmr.o
LOAD ./freertos/fsl_tickless_systick.o
LOAD ./freertos/heap_4.o
LOAD ./freertos/list.o
LOAD ./freertos/port.o
LOAD ./freertos/queue.o
LOAD ./freertos/tasks.o
LOAD ./freertos/timers.o
LOAD ./drivers/fsl_clock.o
LOAD ./drivers/fsl_common.o
LOAD ./drivers/fsl_flash.o
LOAD ./drivers/fsl_gpio.o
LOAD ./drivers/fsl_i2c.o
LOAD ./drivers/fsl_i2c_freertos.o
LOAD ./drivers/fsl_lpsci.o
LOAD ./drivers/fsl_lpsci_freertos.o
LOAD ./drivers/fsl_smc.o
LOAD ./drivers/fsl_uart.o
LOAD ./drivers/fsl_uart_freertos.o
LOAD ./board/LCD_8BIT.o
LOAD ./board/RGB.o
LOAD ./board/board.o
LOAD ./board/clock_config.o
LOAD ./board/common.o
LOAD ./board/i2cdisplay.o
LOAD ./board/keypad.o
LOAD ./board/mainSystem.o
LOAD ./board/peripherals.o
LOAD ./board/pin_mux.o
LOAD ./board/stepper.o
LOAD ./CMSIS/system_MKL25Z4.o
START GROUP
LOAD /usr/local/mcuxpressoide-11.9.0_2144/ide/plugins/com.nxp.mcuxpresso.tools.linux_11.9.0.202307121226/tools/bin/../lib/gcc/arm-none-eabi/12.3.1/../../../../arm-none-eabi/lib/thumb/v6-m/nofp/libcr_nohost_nf.a
LOAD /usr/local/mcuxpressoide-11.9.0_2144/ide/plugins/com.nxp.mcuxpresso.tools.linux_11.9.0.202307121226/tools/bin/../lib/gcc/arm-none-eabi/12.3.1/../../../../arm-none-eabi/lib/thumb/v6-m/nofp/libcr_c.a
LOAD /usr/local/mcuxpressoide-11.9.0_2144/ide/plugins/com.nxp.mcuxpresso.tools.linux_11.9.0.202307121226/tools/bin/../lib/gcc/arm-none-eabi/12.3.1/thumb/v6-m/nofp/libcr_eabihelpers.a
LOAD /usr/local/mcuxpressoide-11.9.0_2144/ide/plugins/com.nxp.mcuxpresso.tools.linux_11.9.0.202307121226/tools/bin/../lib/gcc/arm-none-eabi/12.3.1/thumb/v6-m/nofp/libgcc.a
END GROUP
                0x00000000                        __base_PROGRAM_FLASH = 0x0
                0x00000000                        __base_Flash = 0x0
                0x00020000                        __top_PROGRAM_FLASH = 0x20000
                0x00020000                        __top_Flash = 0x20000
                0x1ffff000                        __base_SRAM = 0x1ffff000
                0x1ffff000                        __base_RAM = 0x1ffff000
                0x20003000                        __top_SRAM = 0x20003000
                0x20003000                        __top_RAM = 0x20003000

.text           0x00000000     0x3c58
 FILL mask 0xff
                0x00000000                        __vectors_start__ = ABSOLUTE (.)
 *(SORT_BY_ALIGNMENT(.isr_vector))
 .isr_vector    0x00000000       0xc0 ./startup/startup_mkl25z4.o
                0x00000000                __Vectors
                0x00000000                g_pfnVectors
                0x000000c0                        . = ALIGN (0x4)
                0x000000c0                        __section_table_start = .
                0x000000c0                        __data_section_table = .
                0x000000c0        0x4 LONG 0x3c58 LOADADDR (.data)
                0x000000c4        0x4 LONG 0x1ffff080 ADDR (.data)
                0x000000c8        0x4 LONG 0x8 SIZEOF (.data)
                0x000000cc                        __data_section_table_end = .
                0x000000cc                        __bss_section_table = .
                0x000000cc        0x4 LONG 0x1ffff088 ADDR (.bss)
                0x000000d0        0x4 LONG 0x2af0 SIZEOF (.bss)
                0x000000d4                        __bss_section_table_end = .
                0x000000d4                        __section_table_end = .
 *(SORT_BY_ALIGNMENT(.after_vectors*))
 .after_vectors.reset
                0x000000d4       0x4c ./startup/startup_mkl25z4.o
                0x000000d4                ResetISR
 .after_vectors.init_data
                0x00000120       0x12 ./startup/startup_mkl25z4.o
                0x00000120                data_init
 .after_vectors.init_bss
                0x00000132       0x10 ./startup/startup_mkl25z4.o
                0x00000132                bss_init
 .after_vectors
                0x00000142      0x10c ./startup/startup_mkl25z4.o
                0x00000142                NMI_Handler
                0x0000014c                PIT_DriverIRQHandler
                0x0000014c                Reserved39_DriverIRQHandler
                0x0000014c                DMA0_DriverIRQHandler
                0x0000014c                SPI1_DriverIRQHandler
                0x0000014c                LPTMR0_DriverIRQHandler
                0x0000014c                TPM2_DriverIRQHandler
                0x0000014c                TSI0_DriverIRQHandler
                0x0000014c                RTC_Seconds_DriverIRQHandler
                0x0000014c                LLWU_DriverIRQHandler
                0x0000014c                MCG_DriverIRQHandler
                0x0000014c                FTFA_DriverIRQHandler
                0x0000014c                IntDefaultHandler
                0x0000014c                USB0_DriverIRQHandler
                0x0000014c                DAC0_DriverIRQHandler
                0x0000014c                LVD_LVW_DriverIRQHandler
                0x0000014c                TPM0_DriverIRQHandler
                0x0000014c                Reserved20_DriverIRQHandler
                0x0000014c                DMA3_DriverIRQHandler
                0x0000014c                Reserved45_DriverIRQHandler
                0x0000014c                PORTA_DriverIRQHandler
                0x0000014c                TPM1_DriverIRQHandler
                0x0000014c                RTC_DriverIRQHandler
                0x0000014c                DMA1_DriverIRQHandler
                0x0000014c                SPI0_DriverIRQHandler
                0x0000014c                ADC0_DriverIRQHandler
                0x0000014c                CMP0_DriverIRQHandler
                0x0000014c                DMA2_DriverIRQHandler
                0x0000014c                PORTD_DriverIRQHandler
                0x0000014e                DMA0_IRQHandler
                0x00000156                DMA1_IRQHandler
                0x0000015e                DMA2_IRQHandler
                0x00000166                DMA3_IRQHandler
                0x0000016e                Reserved20_IRQHandler
                0x00000176                FTFA_IRQHandler
                0x0000017e                LVD_LVW_IRQHandler
                0x00000186                LLWU_IRQHandler
                0x0000018e                I2C0_IRQHandler
                0x00000196                I2C1_IRQHandler
                0x0000019e                SPI0_IRQHandler
                0x000001a6                SPI1_IRQHandler
                0x000001ae                UART0_IRQHandler
                0x000001b6                UART1_IRQHandler
                0x000001be                UART2_IRQHandler
                0x000001c6                ADC0_IRQHandler
                0x000001ce                CMP0_IRQHandler
                0x000001d6                TPM0_IRQHandler
                0x000001de                TPM1_IRQHandler
                0x000001e6                TPM2_IRQHandler
                0x000001ee                RTC_IRQHandler
                0x000001f6                RTC_Seconds_IRQHandler
                0x000001fe                PIT_IRQHandler
                0x00000206                Reserved39_IRQHandler
                0x0000020e                USB0_IRQHandler
                0x00000216                DAC0_IRQHandler
                0x0000021e                TSI0_IRQHandler
                0x00000226                MCG_IRQHandler
                0x0000022e                LPTMR0_IRQHandler
                0x00000236                Reserved45_IRQHandler
                0x00000246                PORTD_IRQHandler
                0x00000400                        . = 0x400
 *fill*         0x0000024e      0x1b2 ff
                0x00000400                        PROVIDE (__FLASH_CONFIG_START__ = .)
 *(SORT_BY_ALIGNMENT(.FlashConfig))
 .FlashConfig   0x00000400       0x10 ./startup/startup_mkl25z4.o
                0x00000400                Flash_Config
                0x00000410                        PROVIDE (__FLASH_CONFIG_END__ = .)
                0x00000001                        ASSERT (! ((__FLASH_CONFIG_START__ == __FLASH_CONFIG_END__)), Linker Flash Config Support Enabled, but no .FlashConfig section provided within application)
 *(SORT_BY_ALIGNMENT(.text*))
 .text.vPortStartFirstTask
                0x00000410       0x38 ./freertos/port.o
 *fill*         0x00000448        0x8 ff
 .text.PendSV_Handler
                0x00000450       0x48 ./freertos/port.o
                0x00000450                PendSV_Handler
 .text.motorTestSupervisor
                0x00000498       0x54 ./source/inspectorRTOS.o
                0x00000498                motorTestSupervisor
 .text.moveSteppers_test
                0x000004ec      0x128 ./source/inspectorRTOS.o
                0x000004ec                moveSteppers_test
 .text.HardFault_Handler
                0x00000614       0x38 ./source/semihost_hardfault.o
                0x00000614                HardFault_Handler
 .text.prvSetupTimerInterrupt
                0x0000064c       0x40 ./freertos/fsl_tickless_lptmr.o
                0x0000064c                prvSetupTimerInterrupt
 .text.pvPortMalloc
                0x0000068c      0x150 ./freertos/heap_4.o
                0x0000068c                pvPortMalloc
 .text.vPortFree
                0x000007dc       0x94 ./freertos/heap_4.o
                0x000007dc                vPortFree
 .text.prvHeapInit
                0x00000870       0xc0 ./freertos/heap_4.o
 .text.prvInsertBlockIntoFreeList
                0x00000930       0xb0 ./freertos/heap_4.o
 .text.pxPortInitialiseStack
                0x000009e0       0x54 ./freertos/port.o
                0x000009e0                pxPortInitialiseStack
 .text.prvTaskExitError
                0x00000a34       0x1c ./freertos/port.o
 .text.xPortStartScheduler
                0x00000a50       0x44 ./freertos/port.o
                0x00000a50                xPortStartScheduler
 .text.vPortYield
                0x00000a94       0x20 ./freertos/port.o
                0x00000a94                vPortYield
 .text.vPortEnterCritical
                0x00000ab4       0x24 ./freertos/port.o
                0x00000ab4                vPortEnterCritical
 .text.vPortExitCritical
                0x00000ad8       0x30 ./freertos/port.o
                0x00000ad8                vPortExitCritical
 .text.SysTick_Handler
                0x00000b08       0x34 ./freertos/port.o
                0x00000b08                SysTick_Handler
 .text.vQueueAddToRegistry
                0x00000b3c       0x50 ./freertos/queue.o
                0x00000b3c                vQueueAddToRegistry
 .text.prvInitialiseNewTask
                0x00000b8c      0x124 ./freertos/tasks.o
 .text.prvAddNewTaskToReadyList
                0x00000cb0       0xd0 ./freertos/tasks.o
 .text.vTaskDelay
                0x00000d80       0x4c ./freertos/tasks.o
                0x00000d80                vTaskDelay
 .text.vTaskSuspend
                0x00000dcc       0xb8 ./freertos/tasks.o
                0x00000dcc                vTaskSuspend
 .text.vTaskStartScheduler
                0x00000e84       0x7c ./freertos/tasks.o
                0x00000e84                vTaskStartScheduler
 .text.vTaskSuspendAll
                0x00000f00       0x18 ./freertos/tasks.o
                0x00000f00                vTaskSuspendAll
 .text.xTaskResumeAll
                0x00000f18      0x118 ./freertos/tasks.o
                0x00000f18                xTaskResumeAll
 .text.xTaskGetTickCount
                0x00001030       0x1c ./freertos/tasks.o
                0x00001030                xTaskGetTickCount
 .text.xTaskIncrementTick
                0x0000104c      0x16c ./freertos/tasks.o
                0x0000104c                xTaskIncrementTick
 .text.vTaskSwitchContext
                0x000011b8       0xa4 ./freertos/tasks.o
                0x000011b8                vTaskSwitchContext
 .text.vTaskPlaceOnEventList
                0x0000125c       0x40 ./freertos/tasks.o
                0x0000125c                vTaskPlaceOnEventList
 .text.vTaskPlaceOnEventListRestricted
                0x0000129c       0x50 ./freertos/tasks.o
                0x0000129c                vTaskPlaceOnEventListRestricted
 .text.xTaskRemoveFromEventList
                0x000012ec       0xbc ./freertos/tasks.o
                0x000012ec                xTaskRemoveFromEventList
 .text.vTaskSetTimeOutState
                0x000013a8       0x34 ./freertos/tasks.o
                0x000013a8                vTaskSetTimeOutState
 .text.xTaskCheckForTimeOut
                0x000013dc       0xa0 ./freertos/tasks.o
                0x000013dc                xTaskCheckForTimeOut
 .text.vTaskMissedYield
                0x0000147c       0x14 ./freertos/tasks.o
                0x0000147c                vTaskMissedYield
 .text.prvIdleTask
                0x00001490       0x20 ./freertos/tasks.o
 .text.prvInitialiseTaskLists
                0x000014b0       0x88 ./freertos/tasks.o
 .text.prvCheckTasksWaitingTermination
                0x00001538       0x78 ./freertos/tasks.o
 .text.prvResetNextTaskUnblockTime
                0x000015b0       0x48 ./freertos/tasks.o
 .text.xTaskGetSchedulerState
                0x000015f8       0x38 ./freertos/tasks.o
                0x000015f8                xTaskGetSchedulerState
 .text.vTaskPriorityInherit
                0x00001630       0xbc ./freertos/tasks.o
                0x00001630                vTaskPriorityInherit
 .text.xTaskPriorityDisinherit
                0x000016ec       0xbc ./freertos/tasks.o
                0x000016ec                xTaskPriorityDisinherit
 .text.pvTaskIncrementMutexHeldCount
                0x000017a8       0x24 ./freertos/tasks.o
                0x000017a8                pvTaskIncrementMutexHeldCount
 .text.xTaskGenericNotify
                0x000017cc      0x11c ./freertos/tasks.o
                0x000017cc                xTaskGenericNotify
 .text.xTaskGenericNotifyFromISR
                0x000018e8      0x158 ./freertos/tasks.o
                0x000018e8                xTaskGenericNotifyFromISR
 .text.prvAddCurrentTaskToDelayedList
                0x00001a40       0xa8 ./freertos/tasks.o
 .text.xTimerCreateTimerTask
                0x00001ae8       0x54 ./freertos/timers.o
                0x00001ae8                xTimerCreateTimerTask
 .text.xTimerGenericCommand
                0x00001b3c       0x98 ./freertos/timers.o
                0x00001b3c                xTimerGenericCommand
 .text.prvProcessExpiredTimer
                0x00001bd4       0x74 ./freertos/timers.o
 .text.prvProcessTimerOrBlockTask
                0x00001c48       0x8c ./freertos/timers.o
 .text.prvGetNextExpireTime
                0x00001cd4       0x40 ./freertos/timers.o
 .text.prvSampleTimeNow
                0x00001d14       0x40 ./freertos/timers.o
 .text.prvInsertTimerInActiveList
                0x00001d54       0x84 ./freertos/timers.o
 .text.prvProcessReceivedCommands
                0x00001dd8      0x134 ./freertos/timers.o
 .text.prvSwitchTimerLists
                0x00001f0c       0xb8 ./freertos/timers.o
 .text.prvCheckForValidListAndQueue
                0x00001fc4       0x74 ./freertos/timers.o
 .text.I2C_TransferCommonIRQHandler
                0x00002038       0x58 ./drivers/fsl_i2c.o
 .text.I2C0_DriverIRQHandler
                0x00002090       0x20 ./drivers/fsl_i2c.o
                0x00002090                I2C0_DriverIRQHandler
 .text.I2C1_DriverIRQHandler
                0x000020b0       0x20 ./drivers/fsl_i2c.o
                0x000020b0                I2C1_DriverIRQHandler
 .text.UART0_DriverIRQHandler
                0x000020d0       0x24 ./drivers/fsl_lpsci.o
                0x000020d0                UART0_DriverIRQHandler
 .text.UART1_DriverIRQHandler
                0x000020f4       0x24 ./drivers/fsl_uart.o
                0x000020f4                UART1_DriverIRQHandler
 .text.UART2_DriverIRQHandler
                0x00002118       0x24 ./drivers/fsl_uart.o
                0x00002118                UART2_DriverIRQHandler
 .text.RGB_Off  0x0000213c       0x38 ./board/RGB.o
                0x0000213c                RGB_Off
 .text.GreenOn  0x00002174       0x1c ./board/RGB.o
                0x00002174                GreenOn
 .text.RedOn    0x00002190       0x1c ./board/RGB.o
                0x00002190                RedOn
 .text.GreenOff
                0x000021ac       0x1c ./board/RGB.o
                0x000021ac                GreenOff
 .text.RedOff   0x000021c8       0x1c ./board/RGB.o
                0x000021c8                RedOff
 .text.Steppers_Config
                0x000021e4      0x19c ./board/common.o
                0x000021e4                Steppers_Config
 .text.RGB_Config
                0x00002380       0x8c ./board/common.o
                0x00002380                RGB_Config
 .text.moveXStepperMotor
                0x0000240c       0xb4 ./board/mainSystem.o
                0x0000240c                moveXStepperMotor
 .text.moveYStepperMotor
                0x000024c0       0xb4 ./board/mainSystem.o
                0x000024c0                moveYStepperMotor
 .text.loadAllIns
                0x00002574       0xdc ./board/mainSystem.o
                0x00002574                loadAllIns
 .text.PORTA_IRQHandler
                0x00002650       0x44 ./board/mainSystem.o
                0x00002650                PORTA_IRQHandler
 .text.IdentifyGPIO
                0x00002694       0x68 ./board/stepper.o
 .text.GPIO_Configure
                0x000026fc       0xd8 ./board/stepper.o
                0x000026fc                GPIO_Configure
 .text.PortConfigure
                0x000027d4       0xac ./board/stepper.o
                0x000027d4                PortConfigure
 .text.SystemInit
                0x00002880       0x18 ./CMSIS/system_MKL25Z4.o
                0x00002880                SystemInit
 .text._initio  0x00002898       0x7c /usr/local/mcuxpressoide-11.9.0_2144/ide/plugins/com.nxp.mcuxpresso.tools.linux_11.9.0.202307121226/tools/bin/../lib/gcc/arm-none-eabi/12.3.1/../../../../arm-none-eabi/lib/thumb/v6-m/nofp/libcr_c.a(initio.o)
                0x00002898                _initio
 .text.setvbuf  0x00002914       0x4c /usr/local/mcuxpressoide-11.9.0_2144/ide/plugins/com.nxp.mcuxpresso.tools.linux_11.9.0.202307121226/tools/bin/../lib/gcc/arm-none-eabi/12.3.1/../../../../arm-none-eabi/lib/thumb/v6-m/nofp/libcr_c.a(setvbuf.o)
                0x00002914                setvbuf
 .text.strlen   0x00002960       0x5c /usr/local/mcuxpressoide-11.9.0_2144/ide/plugins/com.nxp.mcuxpresso.tools.linux_11.9.0.202307121226/tools/bin/../lib/gcc/arm-none-eabi/12.3.1/../../../../arm-none-eabi/lib/thumb/v6-m/nofp/libcr_c.a(strlen.o)
                0x00002960                strlen
 .text._fdopen  0x000029bc       0x74 /usr/local/mcuxpressoide-11.9.0_2144/ide/plugins/com.nxp.mcuxpresso.tools.linux_11.9.0.202307121226/tools/bin/../lib/gcc/arm-none-eabi/12.3.1/../../../../arm-none-eabi/lib/thumb/v6-m/nofp/libcr_c.a(_fdopen.o)
                0x000029bc                _fdopen
 .text.fclose   0x00002a30       0x5c /usr/local/mcuxpressoide-11.9.0_2144/ide/plugins/com.nxp.mcuxpresso.tools.linux_11.9.0.202307121226/tools/bin/../lib/gcc/arm-none-eabi/12.3.1/../../../../arm-none-eabi/lib/thumb/v6-m/nofp/libcr_c.a(fclose.o)
                0x00002a30                fclose
 .text.fflush   0x00002a8c       0x40 /usr/local/mcuxpressoide-11.9.0_2144/ide/plugins/com.nxp.mcuxpresso.tools.linux_11.9.0.202307121226/tools/bin/../lib/gcc/arm-none-eabi/12.3.1/../../../../arm-none-eabi/lib/thumb/v6-m/nofp/libcr_c.a(fflush.o)
                0x00002a8c                fflush
 .text.fseek    0x00002acc       0xec /usr/local/mcuxpressoide-11.9.0_2144/ide/plugins/com.nxp.mcuxpresso.tools.linux_11.9.0.202307121226/tools/bin/../lib/gcc/arm-none-eabi/12.3.1/../../../../arm-none-eabi/lib/thumb/v6-m/nofp/libcr_c.a(fseek.o)
                0x00002acc                fseek
 .text.ftell    0x00002bb8       0x4c /usr/local/mcuxpressoide-11.9.0_2144/ide/plugins/com.nxp.mcuxpresso.tools.linux_11.9.0.202307121226/tools/bin/../lib/gcc/arm-none-eabi/12.3.1/../../../../arm-none-eabi/lib/thumb/v6-m/nofp/libcr_c.a(ftell.o)
                0x00002bb8                ftell
 .text._do_fflush
                0x00002c04       0x48 /usr/local/mcuxpressoide-11.9.0_2144/ide/plugins/com.nxp.mcuxpresso.tools.linux_11.9.0.202307121226/tools/bin/../lib/gcc/arm-none-eabi/12.3.1/../../../../arm-none-eabi/lib/thumb/v6-m/nofp/libcr_c.a(_do_fflush.o)
                0x00002c04                _do_fflush
 .text._fflush  0x00002c4c       0x5c /usr/local/mcuxpressoide-11.9.0_2144/ide/plugins/com.nxp.mcuxpresso.tools.linux_11.9.0.202307121226/tools/bin/../lib/gcc/arm-none-eabi/12.3.1/../../../../arm-none-eabi/lib/thumb/v6-m/nofp/libcr_c.a(_fflush.o)
                0x00002c4c                _fflush
 .text._Cwritebuf
                0x00002ca8       0x68 /usr/local/mcuxpressoide-11.9.0_2144/ide/plugins/com.nxp.mcuxpresso.tools.linux_11.9.0.202307121226/tools/bin/../lib/gcc/arm-none-eabi/12.3.1/../../../../arm-none-eabi/lib/thumb/v6-m/nofp/libcr_c.a(_writebuf.o)
                0x00002ca8                _Cwritebuf
 .text._deferredlazyseek
                0x00002d10       0x40 /usr/local/mcuxpressoide-11.9.0_2144/ide/plugins/com.nxp.mcuxpresso.tools.linux_11.9.0.202307121226/tools/bin/../lib/gcc/arm-none-eabi/12.3.1/../../../../arm-none-eabi/lib/thumb/v6-m/nofp/libcr_c.a(_deferredlazyseek.o)
                0x00002d10                _deferredlazyseek
 .text.main     0x00002d50       0x10 ./source/inspectorRTOS.o
                0x00002d50                main
 .text.vListInitialise
                0x00002d60       0x3c ./freertos/list.o
                0x00002d60                vListInitialise
 .text.vListInitialiseItem
                0x00002d9c       0x16 ./freertos/list.o
                0x00002d9c                vListInitialiseItem
 .text.vListInsertEnd
                0x00002db2       0x44 ./freertos/list.o
                0x00002db2                vListInsertEnd
 .text.vListInsert
                0x00002df6       0x6c ./freertos/list.o
                0x00002df6                vListInsert
 .text.uxListRemove
                0x00002e62       0x50 ./freertos/list.o
                0x00002e62                uxListRemove
 .text.SVC_Handler
                0x00002eb2        0xa ./freertos/port.o
                0x00002eb2                SVC_Handler
 .text.ulSetInterruptMaskFromISR
                0x00002ebc        0xc ./freertos/port.o
                0x00002ebc                ulSetInterruptMaskFromISR
 .text.vClearInterruptMaskFromISR
                0x00002ec8        0x8 ./freertos/port.o
                0x00002ec8                vClearInterruptMaskFromISR
 .text.xQueueGenericReset
                0x00002ed0       0xaa ./freertos/queue.o
                0x00002ed0                xQueueGenericReset
 .text.xQueueGenericCreate
                0x00002f7a       0x66 ./freertos/queue.o
                0x00002f7a                xQueueGenericCreate
 .text.prvInitialiseNewQueue
                0x00002fe0       0x4e ./freertos/queue.o
 .text.xQueueGenericSend
                0x0000302e      0x190 ./freertos/queue.o
                0x0000302e                xQueueGenericSend
 .text.xQueueGenericSendFromISR
                0x000031be       0xe8 ./freertos/queue.o
                0x000031be                xQueueGenericSendFromISR
 .text.xQueueGenericReceive
                0x000032a6      0x1ce ./freertos/queue.o
                0x000032a6                xQueueGenericReceive
 .text.prvCopyDataToQueue
                0x00003474       0xd6 ./freertos/queue.o
 .text.prvCopyDataFromQueue
                0x0000354a       0x4c ./freertos/queue.o
 .text.prvUnlockQueue
                0x00003596       0xbc ./freertos/queue.o
 .text.prvIsQueueEmpty
                0x00003652       0x2c ./freertos/queue.o
 .text.prvIsQueueFull
                0x0000367e       0x30 ./freertos/queue.o
 .text.vQueueWaitForMessageRestricted
                0x000036ae       0x66 ./freertos/queue.o
                0x000036ae                vQueueWaitForMessageRestricted
 .text.xTaskCreate
                0x00003714       0x90 ./freertos/tasks.o
                0x00003714                xTaskCreate
 .text.prvDeleteTCB
                0x000037a4       0x22 ./freertos/tasks.o
 .text.prvTimerTask
                0x000037c6       0x2a ./freertos/timers.o
 .text.LED_On   0x000037f0       0x20 ./board/RGB.o
                0x000037f0                LED_On
 .text.LED_Off  0x00003810       0x1e ./board/RGB.o
                0x00003810                LED_Off
 .text.CreateStepper
                0x0000382e       0x58 ./board/stepper.o
                0x0000382e                CreateStepper
 .text.SetStepperDirection
                0x00003886       0x62 ./board/stepper.o
                0x00003886                SetStepperDirection
 .text.SetStepperDelay
                0x000038e8       0x18 ./board/stepper.o
                0x000038e8                SetStepperDelay
 .text.StepperInit
                0x00003900       0x58 ./board/stepper.o
                0x00003900                StepperInit
 .text.RunStepper
                0x00003958       0x76 ./board/stepper.o
                0x00003958                RunStepper
 .text.SetPinHigh
                0x000039ce       0x1e ./board/stepper.o
                0x000039ce                SetPinHigh
 .text.SetPinLow
                0x000039ec       0x20 ./board/stepper.o
                0x000039ec                SetPinLow
 .text.ToBinaryGPIO
                0x00003a0c       0x18 ./board/stepper.o
 .text.__main   0x00003a24        0xc /usr/local/mcuxpressoide-11.9.0_2144/ide/plugins/com.nxp.mcuxpresso.tools.linux_11.9.0.202307121226/tools/bin/../lib/gcc/arm-none-eabi/12.3.1/../../../../arm-none-eabi/lib/thumb/v6-m/nofp/libcr_nohost_nf.a(_cr__main.o)
                0x00003a24                __main
 .text.memcpy   0x00003a30        0x8 /usr/local/mcuxpressoide-11.9.0_2144/ide/plugins/com.nxp.mcuxpresso.tools.linux_11.9.0.202307121226/tools/bin/../lib/gcc/arm-none-eabi/12.3.1/../../../../arm-none-eabi/lib/thumb/v6-m/nofp/libcr_c.a(memcpy.o)
                0x00003a30                memcpy
 .text.memset   0x00003a38        0x8 /usr/local/mcuxpressoide-11.9.0_2144/ide/plugins/com.nxp.mcuxpresso.tools.linux_11.9.0.202307121226/tools/bin/../lib/gcc/arm-none-eabi/12.3.1/../../../../arm-none-eabi/lib/thumb/v6-m/nofp/libcr_c.a(memset.o)
                0x00003a38                memset
 .text.remove   0x00003a40       0x12 /usr/local/mcuxpressoide-11.9.0_2144/ide/plugins/com.nxp.mcuxpresso.tools.linux_11.9.0.202307121226/tools/bin/../lib/gcc/arm-none-eabi/12.3.1/../../../../arm-none-eabi/lib/thumb/v6-m/nofp/libcr_c.a(remove.o)
                0x00003a40                remove
 .text.free     0x00003a52       0x2c /usr/local/mcuxpressoide-11.9.0_2144/ide/plugins/com.nxp.mcuxpresso.tools.linux_11.9.0.202307121226/tools/bin/../lib/gcc/arm-none-eabi/12.3.1/../../../../arm-none-eabi/lib/thumb/v6-m/nofp/libcr_c.a(alloc.o)
                0x00003a52                free
 .text.__aeabi_division_idivmod
                0x00003a7e       0x78 /usr/local/mcuxpressoide-11.9.0_2144/ide/plugins/com.nxp.mcuxpresso.tools.linux_11.9.0.202307121226/tools/bin/../lib/gcc/arm-none-eabi/12.3.1/thumb/v6-m/nofp/libcr_eabihelpers.a(division_32.o)
                0x00003a7e                __aeabi_idiv
                0x00003a7e                __aeabi_idivmod
                0x00003a84                __aeabi_uidiv
                0x00003a84                __aeabi_uidivmod
 .text.__aeabi_division_idiv0
                0x00003af6        0x2 /usr/local/mcuxpressoide-11.9.0_2144/ide/plugins/com.nxp.mcuxpresso.tools.linux_11.9.0.202307121226/tools/bin/../lib/gcc/arm-none-eabi/12.3.1/thumb/v6-m/nofp/libcr_eabihelpers.a(division_idiv0.o)
                0x00003af6                __aeabi_idiv0
 .text.__aeabi_memcpy
                0x00003af8       0x2c /usr/local/mcuxpressoide-11.9.0_2144/ide/plugins/com.nxp.mcuxpresso.tools.linux_11.9.0.202307121226/tools/bin/../lib/gcc/arm-none-eabi/12.3.1/thumb/v6-m/nofp/libcr_eabihelpers.a(memcpy.o)
                0x00003af8                __aeabi_memcpy
                0x00003af8                __aeabi_memcpy4
                0x00003af8                __aeabi_memcpy8
 .text.__aeabi_memset_lowlevel
                0x00003b24       0x2a /usr/local/mcuxpressoide-11.9.0_2144/ide/plugins/com.nxp.mcuxpresso.tools.linux_11.9.0.202307121226/tools/bin/../lib/gcc/arm-none-eabi/12.3.1/thumb/v6-m/nofp/libcr_eabihelpers.a(memcpy.o)
                0x00003b24                __aeabi_lowlevel_memset
 .text.__sys_close
                0x00003b4e        0x6 /usr/local/mcuxpressoide-11.9.0_2144/ide/plugins/com.nxp.mcuxpresso.tools.linux_11.9.0.202307121226/tools/bin/../lib/gcc/arm-none-eabi/12.3.1/../../../../arm-none-eabi/lib/thumb/v6-m/nofp/libcr_nohost_nf.a(__sys_close.o)
                0x00003b4e                __sys_close
 .text.__sys_flen
                0x00003b54        0x6 /usr/local/mcuxpressoide-11.9.0_2144/ide/plugins/com.nxp.mcuxpresso.tools.linux_11.9.0.202307121226/tools/bin/../lib/gcc/arm-none-eabi/12.3.1/../../../../arm-none-eabi/lib/thumb/v6-m/nofp/libcr_nohost_nf.a(__sys_flen.o)
                0x00003b54                __sys_flen
 .text.__sys_istty
                0x00003b5a        0x6 /usr/local/mcuxpressoide-11.9.0_2144/ide/plugins/com.nxp.mcuxpresso.tools.linux_11.9.0.202307121226/tools/bin/../lib/gcc/arm-none-eabi/12.3.1/../../../../arm-none-eabi/lib/thumb/v6-m/nofp/libcr_nohost_nf.a(__sys_istty.o)
                0x00003b5a                __sys_istty
 .text.__sys_remove
                0x00003b60        0x6 /usr/local/mcuxpressoide-11.9.0_2144/ide/plugins/com.nxp.mcuxpresso.tools.linux_11.9.0.202307121226/tools/bin/../lib/gcc/arm-none-eabi/12.3.1/../../../../arm-none-eabi/lib/thumb/v6-m/nofp/libcr_nohost_nf.a(__sys_remove.o)
                0x00003b60                __sys_remove
 .text.__sys_seek
                0x00003b66        0x6 /usr/local/mcuxpressoide-11.9.0_2144/ide/plugins/com.nxp.mcuxpresso.tools.linux_11.9.0.202307121226/tools/bin/../lib/gcc/arm-none-eabi/12.3.1/../../../../arm-none-eabi/lib/thumb/v6-m/nofp/libcr_nohost_nf.a(__sys_seek.o)
                0x00003b66                __sys_seek
 .text.__sys_tmpnam
                0x00003b6c        0x6 /usr/local/mcuxpressoide-11.9.0_2144/ide/plugins/com.nxp.mcuxpresso.tools.linux_11.9.0.202307121226/tools/bin/../lib/gcc/arm-none-eabi/12.3.1/../../../../arm-none-eabi/lib/thumb/v6-m/nofp/libcr_nohost_nf.a(__sys_tmpnam.o)
                0x00003b6c                __sys_tmpnam
 .text.__sys_write
                0x00003b72        0x4 /usr/local/mcuxpressoide-11.9.0_2144/ide/plugins/com.nxp.mcuxpresso.tools.linux_11.9.0.202307121226/tools/bin/../lib/gcc/arm-none-eabi/12.3.1/../../../../arm-none-eabi/lib/thumb/v6-m/nofp/libcr_nohost_nf.a(__sys_write.o)
                0x00003b72                __sys_write
 *freertos*/tasks.o(SORT_BY_ALIGNMENT(.rodata*))
 *fill*         0x00003b76        0x2 ff
 .rodata.vTaskStartScheduler.str1.4
                0x00003b78        0x5 ./freertos/tasks.o
 *fill*         0x00003b7d        0x3 ff
 .rodata.xTaskGenericNotify
                0x00003b80       0x14 ./freertos/tasks.o
 .rodata.xTaskGenericNotifyFromISR
                0x00003b94       0x14 ./freertos/tasks.o
 .rodata        0x00003ba8       0x10 ./freertos/tasks.o
                0x00003ba8                FreeRTOSDebugConfig
 *(SORT_BY_ALIGNMENT(.rodata) SORT_BY_ALIGNMENT(.rodata.*) SORT_BY_ALIGNMENT(.constdata) SORT_BY_ALIGNMENT(.constdata.*))
 .rodata.moveSteppers_test.str1.4
                0x00003bb8       0x4b ./source/inspectorRTOS.o
 *fill*         0x00003c03        0x1 ff
 .rodata.xTimerCreateTimerTask.str1.4
                0x00003c04        0x8 ./freertos/timers.o
 .rodata.prvProcessReceivedCommands
                0x00003c0c       0x28 ./freertos/timers.o
 .rodata.prvCheckForValidListAndQueue.str1.4
                0x00003c34        0x5 ./freertos/timers.o
 *fill*         0x00003c39        0x3 ff
 .rodata.stepperQueue_maxLen
                0x00003c3c        0x4 ./board/mainSystem.o
                0x00003c3c                stepperQueue_maxLen
 .rodata.errorTaskStop_priority
                0x00003c40        0x4 ./board/mainSystem.o
                0x00003c40                errorTaskStop_priority
 .rodata.moveStepperMotor_priority
                0x00003c44        0x4 ./board/mainSystem.o
                0x00003c44                moveStepperMotor_priority
 .rodata.__num_Ciob_streams
                0x00003c48        0x4 /usr/local/mcuxpressoide-11.9.0_2144/ide/plugins/com.nxp.mcuxpresso.tools.linux_11.9.0.202307121226/tools/bin/../lib/gcc/arm-none-eabi/12.3.1/../../../../arm-none-eabi/lib/thumb/v6-m/nofp/libcr_nohost_nf.a(__ciob.o)
                0x00003c48                __num_Ciob_streams
 .rodata.stpMovePos
                0x00003c4c        0x2 ./board/mainSystem.o
                0x00003c4c                stpMovePos
 .rodata.stpMoveNone
                0x00003c4e        0x2 ./board/mainSystem.o
                0x00003c4e                stpMoveNone
 .rodata.simpleTasks_stackDepth
                0x00003c50        0x2 ./board/mainSystem.o
                0x00003c50                simpleTasks_stackDepth
 .rodata.complexTasks_stackDepth
                0x00003c52        0x2 ./board/mainSystem.o
                0x00003c52                complexTasks_stackDepth
 .rodata._initio.str1.1
                0x00003c54        0x4 /usr/local/mcuxpressoide-11.9.0_2144/ide/plugins/com.nxp.mcuxpresso.tools.linux_11.9.0.202307121226/tools/bin/../lib/gcc/arm-none-eabi/12.3.1/../../../../arm-none-eabi/lib/thumb/v6-m/nofp/libcr_c.a(initio.o)
                0x00003c58                        . = ALIGN (0x4)

.glue_7         0x00003c58        0x0
 .glue_7        0x00003c58        0x0 linker stubs

.glue_7t        0x00003c58        0x0
 .glue_7t       0x00003c58        0x0 linker stubs

.vfp11_veneer   0x00003c58        0x0
 .vfp11_veneer  0x00003c58        0x0 linker stubs

.v4_bx          0x00003c58        0x0
 .v4_bx         0x00003c58        0x0 linker stubs

.iplt           0x00003c58        0x0
 .iplt          0x00003c58        0x0 ./startup/startup_mkl25z4.o

.rel.dyn        0x00003c58        0x0
 .rel.iplt      0x00003c58        0x0 ./startup/startup_mkl25z4.o

.ARM.extab
 *(SORT_BY_ALIGNMENT(.ARM.extab*) SORT_BY_ALIGNMENT(.gnu.linkonce.armextab.*))

.ARM.exidx      0x00003c58        0x0
                0x00003c58                        __exidx_start = .
 *(SORT_BY_ALIGNMENT(.ARM.exidx*) SORT_BY_ALIGNMENT(.gnu.linkonce.armexidx.*))
                0x00003c58                        __exidx_end = .
                0x00003c58                        _etext = .

.m_usb_data
 *(SORT_BY_ALIGNMENT(m_usb_bdt))

.mtb_buffer_default
                0x1ffff000       0x80
 *(SORT_BY_ALIGNMENT(.mtb*))
 .mtb.$RAM1     0x1ffff000       0x80 ./source/mtb.o
                0x1ffff000                __mtb_buffer__

.uninit_RESERVED
                0x1ffff080        0x0
                0x1ffff080                        _start_uninit_RESERVED = .
 *(SORT_BY_ALIGNMENT(.bss.$RESERVED*))
                0x1ffff080                        . = ALIGN (0x4)
                0x1ffff080                        _end_uninit_RESERVED = .

.data           0x1ffff080        0x8 load address 0x00003c58
 FILL mask 0xff
                0x1ffff080                        _data = .
                [!provide]                        PROVIDE (__start_data_RAM = .)
                [!provide]                        PROVIDE (__start_data_SRAM = .)
 *(SORT_BY_ALIGNMENT(vtable))
 *(SORT_BY_ALIGNMENT(.ramfunc*))
 *(SORT_BY_ALIGNMENT(CodeQuickAccess))
 *(SORT_BY_ALIGNMENT(DataQuickAccess))
 *(SORT_BY_ALIGNMENT(RamFunction))
 *(SORT_BY_ALIGNMENT(.data*))
 .data.uxCriticalNesting
                0x1ffff080        0x4 ./freertos/port.o
 .data.SystemCoreClock
                0x1ffff084        0x4 ./CMSIS/system_MKL25Z4.o
                0x1ffff084                SystemCoreClock
                0x1ffff088                        . = ALIGN (0x4)
                0x1ffff088                        _edata = .
                [!provide]                        PROVIDE (__end_data_RAM = .)
                [!provide]                        PROVIDE (__end_data_SRAM = .)

.igot.plt       0x1ffff088        0x0 load address 0x00003c60
 .igot.plt      0x1ffff088        0x0 ./startup/startup_mkl25z4.o

.bss            0x1ffff088     0x2af0
                0x1ffff088                        _bss = .
                [!provide]                        PROVIDE (__start_bss_RAM = .)
                [!provide]                        PROVIDE (__start_bss_SRAM = .)
 *(SORT_BY_ALIGNMENT(.bss*))
 .bss.motorTestSupervisor_handle
                0x1ffff088        0x4 ./source/inspectorRTOS.o
                0x1ffff088                motorTestSupervisor_handle
 .bss.ucHeap    0x1ffff08c     0x2800 ./freertos/heap_4.o
 .bss.xStart    0x2000188c        0x8 ./freertos/heap_4.o
 .bss.pxEnd     0x20001894        0x4 ./freertos/heap_4.o
 .bss.xFreeBytesRemaining
                0x20001898        0x4 ./freertos/heap_4.o
 .bss.xMinimumEverFreeBytesRemaining
                0x2000189c        0x4 ./freertos/heap_4.o
 .bss.xBlockAllocatedBit
                0x200018a0        0x4 ./freertos/heap_4.o
 .bss.xQueueRegistry
                0x200018a4       0x40 ./freertos/queue.o
                0x200018a4                xQueueRegistry
 .bss.pxCurrentTCB
                0x200018e4        0x4 ./freertos/tasks.o
                0x200018e4                pxCurrentTCB
 .bss.pxReadyTasksLists
                0x200018e8       0x64 ./freertos/tasks.o
 .bss.xDelayedTaskList1
                0x2000194c       0x14 ./freertos/tasks.o
 .bss.xDelayedTaskList2
                0x20001960       0x14 ./freertos/tasks.o
 .bss.pxDelayedTaskList
                0x20001974        0x4 ./freertos/tasks.o
 .bss.pxOverflowDelayedTaskList
                0x20001978        0x4 ./freertos/tasks.o
 .bss.xPendingReadyList
                0x2000197c       0x14 ./freertos/tasks.o
 .bss.xTasksWaitingTermination
                0x20001990       0x14 ./freertos/tasks.o
 .bss.uxDeletedTasksWaitingCleanUp
                0x200019a4        0x4 ./freertos/tasks.o
 .bss.xSuspendedTaskList
                0x200019a8       0x14 ./freertos/tasks.o
 .bss.uxCurrentNumberOfTasks
                0x200019bc        0x4 ./freertos/tasks.o
 .bss.xTickCount
                0x200019c0        0x4 ./freertos/tasks.o
 .bss.uxTopReadyPriority
                0x200019c4        0x4 ./freertos/tasks.o
 .bss.xSchedulerRunning
                0x200019c8        0x4 ./freertos/tasks.o
 .bss.uxPendedTicks
                0x200019cc        0x4 ./freertos/tasks.o
 .bss.xYieldPending
                0x200019d0        0x4 ./freertos/tasks.o
 .bss.xNumOfOverflows
                0x200019d4        0x4 ./freertos/tasks.o
 .bss.uxTaskNumber
                0x200019d8        0x4 ./freertos/tasks.o
 .bss.xNextTaskUnblockTime
                0x200019dc        0x4 ./freertos/tasks.o
 .bss.xIdleTaskHandle
                0x200019e0        0x4 ./freertos/tasks.o
 .bss.uxSchedulerSuspended
                0x200019e4        0x4 ./freertos/tasks.o
 .bss.xActiveTimerList1
                0x200019e8       0x14 ./freertos/timers.o
 .bss.xActiveTimerList2
                0x200019fc       0x14 ./freertos/timers.o
 .bss.pxCurrentTimerList
                0x20001a10        0x4 ./freertos/timers.o
 .bss.pxOverflowTimerList
                0x20001a14        0x4 ./freertos/timers.o
 .bss.xTimerQueue
                0x20001a18        0x4 ./freertos/timers.o
 .bss.xTimerTaskHandle
                0x20001a1c        0x4 ./freertos/timers.o
 .bss.xLastTime.0
                0x20001a20        0x4 ./freertos/timers.o
 .bss.s_i2cHandle
                0x20001a24        0x8 ./drivers/fsl_i2c.o
 .bss.s_i2cMasterIsr
                0x20001a2c        0x4 ./drivers/fsl_i2c.o
 .bss.s_i2cSlaveIsr
                0x20001a30        0x4 ./drivers/fsl_i2c.o
 .bss.s_lpsciHandle
                0x20001a34        0x4 ./drivers/fsl_lpsci.o
 .bss.s_lpsciIsr
                0x20001a38        0x4 ./drivers/fsl_lpsci.o
 .bss.s_uartHandle
                0x20001a3c        0xc ./drivers/fsl_uart.o
 .bss.s_uartIsr
                0x20001a48        0x4 ./drivers/fsl_uart.o
 .bss.stepperMotors
                0x20001a4c       0x54 ./board/mainSystem.o
                0x20001a4c                stepperMotors
 .bss.stepperXQueue
                0x20001aa0        0x4 ./board/mainSystem.o
                0x20001aa0                stepperXQueue
 .bss.stepperYQueue
                0x20001aa4        0x4 ./board/mainSystem.o
                0x20001aa4                stepperYQueue
 .bss.stepperAux_x
                0x20001aa8        0x4 ./board/mainSystem.o
                0x20001aa8                stepperAux_x
 .bss.stepperAux_y
                0x20001aac        0x4 ./board/mainSystem.o
                0x20001aac                stepperAux_y
 .bss.moveXStepperMotor_handle
                0x20001ab0        0x4 ./board/mainSystem.o
                0x20001ab0                moveXStepperMotor_handle
 .bss.moveYStepperMotor_handle
                0x20001ab4        0x4 ./board/mainSystem.o
                0x20001ab4                moveYStepperMotor_handle
 .bss.errorTaskStop_handle
                0x20001ab8        0x4 ./board/mainSystem.o
                0x20001ab8                errorTaskStop_handle
 .bss.loadAllIns_handle
                0x20001abc        0x4 ./board/mainSystem.o
                0x20001abc                loadAllIns_handle
 .bss.errno     0x20001ac0        0x4 /usr/local/mcuxpressoide-11.9.0_2144/ide/plugins/com.nxp.mcuxpresso.tools.linux_11.9.0.202307121226/tools/bin/../lib/gcc/arm-none-eabi/12.3.1/../../../../arm-none-eabi/lib/thumb/v6-m/nofp/libcr_c.a(errno.o)
                0x20001ac0                errno
 .bss.__Ciob    0x20001ac4       0xb4 /usr/local/mcuxpressoide-11.9.0_2144/ide/plugins/com.nxp.mcuxpresso.tools.linux_11.9.0.202307121226/tools/bin/../lib/gcc/arm-none-eabi/12.3.1/../../../../arm-none-eabi/lib/thumb/v6-m/nofp/libcr_nohost_nf.a(__ciob.o)
                0x20001ac4                __Ciob
 *(SORT_BY_ALIGNMENT(COMMON))
                0x20001b78                        . = ALIGN (0x4)
                0x20001b78                        _ebss = .
                [!provide]                        PROVIDE (__end_bss_RAM = .)
                [!provide]                        PROVIDE (__end_bss_SRAM = .)
                [!provide]                        PROVIDE (end = .)

.noinit         0x20001b78        0x0
                0x20001b78                        _noinit = .
                [!provide]                        PROVIDE (__start_noinit_RAM = .)
                [!provide]                        PROVIDE (__start_noinit_SRAM = .)
 *(SORT_BY_ALIGNMENT(.noinit*))
                0x20001b78                        . = ALIGN (0x4)
                0x20001b78                        _end_noinit = .
                [!provide]                        PROVIDE (__end_noinit_RAM = .)
                [!provide]                        PROVIDE (__end_noinit_SRAM = .)
                0x00000400                        _HeapSize = 0x400

.heap           0x20001b78      0x400
                0x20001b78                        _pvHeapStart = .
                0x20001f78                        . = (. + _HeapSize)
 *fill*         0x20001b78      0x400 
                0x20001f78                        . = ALIGN (0x4)
                0x20001f78                        _pvHeapLimit = .
                0x00000400                        _StackSize = 0x400

.heap2stackfill
                0x20001f78      0x400
                0x20002378                        . = (. + _StackSize)
 *fill*         0x20001f78      0x400 

.stack          0x20002c00        0x0
                0x20002c00                        _vStackBase = .
                0x20002c00                        . = ALIGN (0x4)
                0x20003000                        _vStackTop = (. + _StackSize)
                0x00000000                        _image_start = LOADADDR (.text)
                0x00003c60                        _image_end = (LOADADDR (.data) + SIZEOF (.data))
                0x00003c60                        _image_size = (_image_end - _image_start)
OUTPUT(inspectorRTOS.axf elf32-littlearm)
LOAD linker stubs

.debug_info     0x00000000     0xe964
 .debug_info    0x00000000      0x68b ./startup/startup_mkl25z4.o
 .debug_info    0x0000068b      0x876 ./source/inspectorRTOS.o
 .debug_info    0x00000f01       0x53 ./source/mtb.o
 .debug_info    0x00000f54       0x3c ./source/semihost_hardfault.o
 .debug_info    0x00000f90       0xb4 ./freertos/fsl_tickless_lptmr.o
 .debug_info    0x00001044      0x31e ./freertos/heap_4.o
 .debug_info    0x00001362      0x2b3 ./freertos/list.o
 .debug_info    0x00001615      0x24b ./freertos/port.o
 .debug_info    0x00001860     0x1090 ./freertos/queue.o
 .debug_info    0x000028f0     0x19ea ./freertos/tasks.o
 .debug_info    0x000042da      0xd77 ./freertos/timers.o
 .debug_info    0x00005051     0x1a7d ./drivers/fsl_i2c.o
 .debug_info    0x00006ace     0x144c ./drivers/fsl_lpsci.o
 .debug_info    0x00007f1a     0x13ed ./drivers/fsl_uart.o
 .debug_info    0x00009307      0x341 ./board/RGB.o
 .debug_info    0x00009648      0xa59 ./board/common.o
 .debug_info    0x0000a0a1     0x1308 ./board/mainSystem.o
 .debug_info    0x0000b3a9      0x808 ./board/stepper.o
 .debug_info    0x0000bbb1      0x401 ./CMSIS/system_MKL25Z4.o
 .debug_info    0x0000bfb2       0x85 /usr/local/mcuxpressoide-11.9.0_2144/ide/plugins/com.nxp.mcuxpresso.tools.linux_11.9.0.202307121226/tools/bin/../lib/gcc/arm-none-eabi/12.3.1/../../../../arm-none-eabi/lib/thumb/v6-m/nofp/libcr_nohost_nf.a(_cr__main.o)
 .debug_info    0x0000c037      0x119 /usr/local/mcuxpressoide-11.9.0_2144/ide/plugins/com.nxp.mcuxpresso.tools.linux_11.9.0.202307121226/tools/bin/../lib/gcc/arm-none-eabi/12.3.1/../../../../arm-none-eabi/lib/thumb/v6-m/nofp/libcr_c.a(memcpy.o)
 .debug_info    0x0000c150       0xe3 /usr/local/mcuxpressoide-11.9.0_2144/ide/plugins/com.nxp.mcuxpresso.tools.linux_11.9.0.202307121226/tools/bin/../lib/gcc/arm-none-eabi/12.3.1/../../../../arm-none-eabi/lib/thumb/v6-m/nofp/libcr_c.a(memset.o)
 .debug_info    0x0000c233      0x353 /usr/local/mcuxpressoide-11.9.0_2144/ide/plugins/com.nxp.mcuxpresso.tools.linux_11.9.0.202307121226/tools/bin/../lib/gcc/arm-none-eabi/12.3.1/../../../../arm-none-eabi/lib/thumb/v6-m/nofp/libcr_c.a(initio.o)
 .debug_info    0x0000c586      0x1f6 /usr/local/mcuxpressoide-11.9.0_2144/ide/plugins/com.nxp.mcuxpresso.tools.linux_11.9.0.202307121226/tools/bin/../lib/gcc/arm-none-eabi/12.3.1/../../../../arm-none-eabi/lib/thumb/v6-m/nofp/libcr_c.a(setvbuf.o)
 .debug_info    0x0000c77c       0xd6 /usr/local/mcuxpressoide-11.9.0_2144/ide/plugins/com.nxp.mcuxpresso.tools.linux_11.9.0.202307121226/tools/bin/../lib/gcc/arm-none-eabi/12.3.1/../../../../arm-none-eabi/lib/thumb/v6-m/nofp/libcr_c.a(strlen.o)
 .debug_info    0x0000c852      0x244 /usr/local/mcuxpressoide-11.9.0_2144/ide/plugins/com.nxp.mcuxpresso.tools.linux_11.9.0.202307121226/tools/bin/../lib/gcc/arm-none-eabi/12.3.1/../../../../arm-none-eabi/lib/thumb/v6-m/nofp/libcr_c.a(_fdopen.o)
 .debug_info    0x0000ca96      0x31e /usr/local/mcuxpressoide-11.9.0_2144/ide/plugins/com.nxp.mcuxpresso.tools.linux_11.9.0.202307121226/tools/bin/../lib/gcc/arm-none-eabi/12.3.1/../../../../arm-none-eabi/lib/thumb/v6-m/nofp/libcr_c.a(fclose.o)
 .debug_info    0x0000cdb4      0x203 /usr/local/mcuxpressoide-11.9.0_2144/ide/plugins/com.nxp.mcuxpresso.tools.linux_11.9.0.202307121226/tools/bin/../lib/gcc/arm-none-eabi/12.3.1/../../../../arm-none-eabi/lib/thumb/v6-m/nofp/libcr_c.a(fflush.o)
 .debug_info    0x0000cfb7      0x278 /usr/local/mcuxpressoide-11.9.0_2144/ide/plugins/com.nxp.mcuxpresso.tools.linux_11.9.0.202307121226/tools/bin/../lib/gcc/arm-none-eabi/12.3.1/../../../../arm-none-eabi/lib/thumb/v6-m/nofp/libcr_c.a(fseek.o)
 .debug_info    0x0000d22f      0x190 /usr/local/mcuxpressoide-11.9.0_2144/ide/plugins/com.nxp.mcuxpresso.tools.linux_11.9.0.202307121226/tools/bin/../lib/gcc/arm-none-eabi/12.3.1/../../../../arm-none-eabi/lib/thumb/v6-m/nofp/libcr_c.a(ftell.o)
 .debug_info    0x0000d3bf      0x1c9 /usr/local/mcuxpressoide-11.9.0_2144/ide/plugins/com.nxp.mcuxpresso.tools.linux_11.9.0.202307121226/tools/bin/../lib/gcc/arm-none-eabi/12.3.1/../../../../arm-none-eabi/lib/thumb/v6-m/nofp/libcr_c.a(remove.o)
 .debug_info    0x0000d588      0x23a /usr/local/mcuxpressoide-11.9.0_2144/ide/plugins/com.nxp.mcuxpresso.tools.linux_11.9.0.202307121226/tools/bin/../lib/gcc/arm-none-eabi/12.3.1/../../../../arm-none-eabi/lib/thumb/v6-m/nofp/libcr_c.a(_do_fflush.o)
 .debug_info    0x0000d7c2      0x1e3 /usr/local/mcuxpressoide-11.9.0_2144/ide/plugins/com.nxp.mcuxpresso.tools.linux_11.9.0.202307121226/tools/bin/../lib/gcc/arm-none-eabi/12.3.1/../../../../arm-none-eabi/lib/thumb/v6-m/nofp/libcr_c.a(_fflush.o)
 .debug_info    0x0000d9a5      0x283 /usr/local/mcuxpressoide-11.9.0_2144/ide/plugins/com.nxp.mcuxpresso.tools.linux_11.9.0.202307121226/tools/bin/../lib/gcc/arm-none-eabi/12.3.1/../../../../arm-none-eabi/lib/thumb/v6-m/nofp/libcr_c.a(_writebuf.o)
 .debug_info    0x0000dc28      0x50c /usr/local/mcuxpressoide-11.9.0_2144/ide/plugins/com.nxp.mcuxpresso.tools.linux_11.9.0.202307121226/tools/bin/../lib/gcc/arm-none-eabi/12.3.1/../../../../arm-none-eabi/lib/thumb/v6-m/nofp/libcr_c.a(alloc.o)
 .debug_info    0x0000e134       0x44 /usr/local/mcuxpressoide-11.9.0_2144/ide/plugins/com.nxp.mcuxpresso.tools.linux_11.9.0.202307121226/tools/bin/../lib/gcc/arm-none-eabi/12.3.1/../../../../arm-none-eabi/lib/thumb/v6-m/nofp/libcr_c.a(errno.o)
 .debug_info    0x0000e178      0x35d /usr/local/mcuxpressoide-11.9.0_2144/ide/plugins/com.nxp.mcuxpresso.tools.linux_11.9.0.202307121226/tools/bin/../lib/gcc/arm-none-eabi/12.3.1/../../../../arm-none-eabi/lib/thumb/v6-m/nofp/libcr_c.a(_deferredlazyseek.o)
 .debug_info    0x0000e4d5      0x18b /usr/local/mcuxpressoide-11.9.0_2144/ide/plugins/com.nxp.mcuxpresso.tools.linux_11.9.0.202307121226/tools/bin/../lib/gcc/arm-none-eabi/12.3.1/../../../../arm-none-eabi/lib/thumb/v6-m/nofp/libcr_nohost_nf.a(__ciob.o)
 .debug_info    0x0000e660       0x5c /usr/local/mcuxpressoide-11.9.0_2144/ide/plugins/com.nxp.mcuxpresso.tools.linux_11.9.0.202307121226/tools/bin/../lib/gcc/arm-none-eabi/12.3.1/../../../../arm-none-eabi/lib/thumb/v6-m/nofp/libcr_nohost_nf.a(__sys_close.o)
 .debug_info    0x0000e6bc       0x5c /usr/local/mcuxpressoide-11.9.0_2144/ide/plugins/com.nxp.mcuxpresso.tools.linux_11.9.0.202307121226/tools/bin/../lib/gcc/arm-none-eabi/12.3.1/../../../../arm-none-eabi/lib/thumb/v6-m/nofp/libcr_nohost_nf.a(__sys_flen.o)
 .debug_info    0x0000e718       0x5c /usr/local/mcuxpressoide-11.9.0_2144/ide/plugins/com.nxp.mcuxpresso.tools.linux_11.9.0.202307121226/tools/bin/../lib/gcc/arm-none-eabi/12.3.1/../../../../arm-none-eabi/lib/thumb/v6-m/nofp/libcr_nohost_nf.a(__sys_istty.o)
 .debug_info    0x0000e774       0x7c /usr/local/mcuxpressoide-11.9.0_2144/ide/plugins/com.nxp.mcuxpresso.tools.linux_11.9.0.202307121226/tools/bin/../lib/gcc/arm-none-eabi/12.3.1/../../../../arm-none-eabi/lib/thumb/v6-m/nofp/libcr_nohost_nf.a(__sys_remove.o)
 .debug_info    0x0000e7f0       0x6a /usr/local/mcuxpressoide-11.9.0_2144/ide/plugins/com.nxp.mcuxpresso.tools.linux_11.9.0.202307121226/tools/bin/../lib/gcc/arm-none-eabi/12.3.1/../../../../arm-none-eabi/lib/thumb/v6-m/nofp/libcr_nohost_nf.a(__sys_seek.o)
 .debug_info    0x0000e85a       0x85 /usr/local/mcuxpressoide-11.9.0_2144/ide/plugins/com.nxp.mcuxpresso.tools.linux_11.9.0.202307121226/tools/bin/../lib/gcc/arm-none-eabi/12.3.1/../../../../arm-none-eabi/lib/thumb/v6-m/nofp/libcr_nohost_nf.a(__sys_tmpnam.o)
 .debug_info    0x0000e8df       0x85 /usr/local/mcuxpressoide-11.9.0_2144/ide/plugins/com.nxp.mcuxpresso.tools.linux_11.9.0.202307121226/tools/bin/../lib/gcc/arm-none-eabi/12.3.1/../../../../arm-none-eabi/lib/thumb/v6-m/nofp/libcr_nohost_nf.a(__sys_write.o)

.debug_abbrev   0x00000000     0x39f0
 .debug_abbrev  0x00000000      0x17a ./startup/startup_mkl25z4.o
 .debug_abbrev  0x0000017a      0x228 ./source/inspectorRTOS.o
 .debug_abbrev  0x000003a2       0x46 ./source/mtb.o
 .debug_abbrev  0x000003e8       0x31 ./source/semihost_hardfault.o
 .debug_abbrev  0x00000419       0x69 ./freertos/fsl_tickless_lptmr.o
 .debug_abbrev  0x00000482      0x19d ./freertos/heap_4.o
 .debug_abbrev  0x0000061f       0xeb ./freertos/list.o
 .debug_abbrev  0x0000070a      0x1a0 ./freertos/port.o
 .debug_abbrev  0x000008aa      0x298 ./freertos/queue.o
 .debug_abbrev  0x00000b42      0x34d ./freertos/tasks.o
 .debug_abbrev  0x00000e8f      0x282 ./freertos/timers.o
 .debug_abbrev  0x00001111      0x36b ./drivers/fsl_i2c.o
 .debug_abbrev  0x0000147c      0x306 ./drivers/fsl_lpsci.o
 .debug_abbrev  0x00001782      0x320 ./drivers/fsl_uart.o
 .debug_abbrev  0x00001aa2      0x124 ./board/RGB.o
 .debug_abbrev  0x00001bc6      0x271 ./board/common.o
 .debug_abbrev  0x00001e37      0x30f ./board/mainSystem.o
 .debug_abbrev  0x00002146      0x1d8 ./board/stepper.o
 .debug_abbrev  0x0000231e      0x12e ./CMSIS/system_MKL25Z4.o
 .debug_abbrev  0x0000244c       0x62 /usr/local/mcuxpressoide-11.9.0_2144/ide/plugins/com.nxp.mcuxpresso.tools.linux_11.9.0.202307121226/tools/bin/../lib/gcc/arm-none-eabi/12.3.1/../../../../arm-none-eabi/lib/thumb/v6-m/nofp/libcr_nohost_nf.a(_cr__main.o)
 .debug_abbrev  0x000024ae       0xb3 /usr/local/mcuxpressoide-11.9.0_2144/ide/plugins/com.nxp.mcuxpresso.tools.linux_11.9.0.202307121226/tools/bin/../lib/gcc/arm-none-eabi/12.3.1/../../../../arm-none-eabi/lib/thumb/v6-m/nofp/libcr_c.a(memcpy.o)
 .debug_abbrev  0x00002561       0xa5 /usr/local/mcuxpressoide-11.9.0_2144/ide/plugins/com.nxp.mcuxpresso.tools.linux_11.9.0.202307121226/tools/bin/../lib/gcc/arm-none-eabi/12.3.1/../../../../arm-none-eabi/lib/thumb/v6-m/nofp/libcr_c.a(memset.o)
 .debug_abbrev  0x00002606      0x14b /usr/local/mcuxpressoide-11.9.0_2144/ide/plugins/com.nxp.mcuxpresso.tools.linux_11.9.0.202307121226/tools/bin/../lib/gcc/arm-none-eabi/12.3.1/../../../../arm-none-eabi/lib/thumb/v6-m/nofp/libcr_c.a(initio.o)
 .debug_abbrev  0x00002751       0xe1 /usr/local/mcuxpressoide-11.9.0_2144/ide/plugins/com.nxp.mcuxpresso.tools.linux_11.9.0.202307121226/tools/bin/../lib/gcc/arm-none-eabi/12.3.1/../../../../arm-none-eabi/lib/thumb/v6-m/nofp/libcr_c.a(setvbuf.o)
 .debug_abbrev  0x00002832       0xa5 /usr/local/mcuxpressoide-11.9.0_2144/ide/plugins/com.nxp.mcuxpresso.tools.linux_11.9.0.202307121226/tools/bin/../lib/gcc/arm-none-eabi/12.3.1/../../../../arm-none-eabi/lib/thumb/v6-m/nofp/libcr_c.a(strlen.o)
 .debug_abbrev  0x000028d7      0x119 /usr/local/mcuxpressoide-11.9.0_2144/ide/plugins/com.nxp.mcuxpresso.tools.linux_11.9.0.202307121226/tools/bin/../lib/gcc/arm-none-eabi/12.3.1/../../../../arm-none-eabi/lib/thumb/v6-m/nofp/libcr_c.a(_fdopen.o)
 .debug_abbrev  0x000029f0      0x158 /usr/local/mcuxpressoide-11.9.0_2144/ide/plugins/com.nxp.mcuxpresso.tools.linux_11.9.0.202307121226/tools/bin/../lib/gcc/arm-none-eabi/12.3.1/../../../../arm-none-eabi/lib/thumb/v6-m/nofp/libcr_c.a(fclose.o)
 .debug_abbrev  0x00002b48      0x122 /usr/local/mcuxpressoide-11.9.0_2144/ide/plugins/com.nxp.mcuxpresso.tools.linux_11.9.0.202307121226/tools/bin/../lib/gcc/arm-none-eabi/12.3.1/../../../../arm-none-eabi/lib/thumb/v6-m/nofp/libcr_c.a(fflush.o)
 .debug_abbrev  0x00002c6a      0x11b /usr/local/mcuxpressoide-11.9.0_2144/ide/plugins/com.nxp.mcuxpresso.tools.linux_11.9.0.202307121226/tools/bin/../lib/gcc/arm-none-eabi/12.3.1/../../../../arm-none-eabi/lib/thumb/v6-m/nofp/libcr_c.a(fseek.o)
 .debug_abbrev  0x00002d85       0xc2 /usr/local/mcuxpressoide-11.9.0_2144/ide/plugins/com.nxp.mcuxpresso.tools.linux_11.9.0.202307121226/tools/bin/../lib/gcc/arm-none-eabi/12.3.1/../../../../arm-none-eabi/lib/thumb/v6-m/nofp/libcr_c.a(ftell.o)
 .debug_abbrev  0x00002e47       0xed /usr/local/mcuxpressoide-11.9.0_2144/ide/plugins/com.nxp.mcuxpresso.tools.linux_11.9.0.202307121226/tools/bin/../lib/gcc/arm-none-eabi/12.3.1/../../../../arm-none-eabi/lib/thumb/v6-m/nofp/libcr_c.a(remove.o)
 .debug_abbrev  0x00002f34      0x12c /usr/local/mcuxpressoide-11.9.0_2144/ide/plugins/com.nxp.mcuxpresso.tools.linux_11.9.0.202307121226/tools/bin/../lib/gcc/arm-none-eabi/12.3.1/../../../../arm-none-eabi/lib/thumb/v6-m/nofp/libcr_c.a(_do_fflush.o)
 .debug_abbrev  0x00003060       0xf1 /usr/local/mcuxpressoide-11.9.0_2144/ide/plugins/com.nxp.mcuxpresso.tools.linux_11.9.0.202307121226/tools/bin/../lib/gcc/arm-none-eabi/12.3.1/../../../../arm-none-eabi/lib/thumb/v6-m/nofp/libcr_c.a(_fflush.o)
 .debug_abbrev  0x00003151      0x126 /usr/local/mcuxpressoide-11.9.0_2144/ide/plugins/com.nxp.mcuxpresso.tools.linux_11.9.0.202307121226/tools/bin/../lib/gcc/arm-none-eabi/12.3.1/../../../../arm-none-eabi/lib/thumb/v6-m/nofp/libcr_c.a(_writebuf.o)
 .debug_abbrev  0x00003277      0x27b /usr/local/mcuxpressoide-11.9.0_2144/ide/plugins/com.nxp.mcuxpresso.tools.linux_11.9.0.202307121226/tools/bin/../lib/gcc/arm-none-eabi/12.3.1/../../../../arm-none-eabi/lib/thumb/v6-m/nofp/libcr_c.a(alloc.o)
 .debug_abbrev  0x000034f2       0x44 /usr/local/mcuxpressoide-11.9.0_2144/ide/plugins/com.nxp.mcuxpresso.tools.linux_11.9.0.202307121226/tools/bin/../lib/gcc/arm-none-eabi/12.3.1/../../../../arm-none-eabi/lib/thumb/v6-m/nofp/libcr_c.a(errno.o)
 .debug_abbrev  0x00003536      0x147 /usr/local/mcuxpressoide-11.9.0_2144/ide/plugins/com.nxp.mcuxpresso.tools.linux_11.9.0.202307121226/tools/bin/../lib/gcc/arm-none-eabi/12.3.1/../../../../arm-none-eabi/lib/thumb/v6-m/nofp/libcr_c.a(_deferredlazyseek.o)
 .debug_abbrev  0x0000367d       0xb5 /usr/local/mcuxpressoide-11.9.0_2144/ide/plugins/com.nxp.mcuxpresso.tools.linux_11.9.0.202307121226/tools/bin/../lib/gcc/arm-none-eabi/12.3.1/../../../../arm-none-eabi/lib/thumb/v6-m/nofp/libcr_nohost_nf.a(__ciob.o)
 .debug_abbrev  0x00003732       0x51 /usr/local/mcuxpressoide-11.9.0_2144/ide/plugins/com.nxp.mcuxpresso.tools.linux_11.9.0.202307121226/tools/bin/../lib/gcc/arm-none-eabi/12.3.1/../../../../arm-none-eabi/lib/thumb/v6-m/nofp/libcr_nohost_nf.a(__sys_close.o)
 .debug_abbrev  0x00003783       0x51 /usr/local/mcuxpressoide-11.9.0_2144/ide/plugins/com.nxp.mcuxpresso.tools.linux_11.9.0.202307121226/tools/bin/../lib/gcc/arm-none-eabi/12.3.1/../../../../arm-none-eabi/lib/thumb/v6-m/nofp/libcr_nohost_nf.a(__sys_flen.o)
 .debug_abbrev  0x000037d4       0x51 /usr/local/mcuxpressoide-11.9.0_2144/ide/plugins/com.nxp.mcuxpresso.tools.linux_11.9.0.202307121226/tools/bin/../lib/gcc/arm-none-eabi/12.3.1/../../../../arm-none-eabi/lib/thumb/v6-m/nofp/libcr_nohost_nf.a(__sys_istty.o)
 .debug_abbrev  0x00003825       0x7d /usr/local/mcuxpressoide-11.9.0_2144/ide/plugins/com.nxp.mcuxpresso.tools.linux_11.9.0.202307121226/tools/bin/../lib/gcc/arm-none-eabi/12.3.1/../../../../arm-none-eabi/lib/thumb/v6-m/nofp/libcr_nohost_nf.a(__sys_remove.o)
 .debug_abbrev  0x000038a2       0x62 /usr/local/mcuxpressoide-11.9.0_2144/ide/plugins/com.nxp.mcuxpresso.tools.linux_11.9.0.202307121226/tools/bin/../lib/gcc/arm-none-eabi/12.3.1/../../../../arm-none-eabi/lib/thumb/v6-m/nofp/libcr_nohost_nf.a(__sys_seek.o)
 .debug_abbrev  0x00003904       0x76 /usr/local/mcuxpressoide-11.9.0_2144/ide/plugins/com.nxp.mcuxpresso.tools.linux_11.9.0.202307121226/tools/bin/../lib/gcc/arm-none-eabi/12.3.1/../../../../arm-none-eabi/lib/thumb/v6-m/nofp/libcr_nohost_nf.a(__sys_tmpnam.o)
 .debug_abbrev  0x0000397a       0x76 /usr/local/mcuxpressoide-11.9.0_2144/ide/plugins/com.nxp.mcuxpresso.tools.linux_11.9.0.202307121226/tools/bin/../lib/gcc/arm-none-eabi/12.3.1/../../../../arm-none-eabi/lib/thumb/v6-m/nofp/libcr_nohost_nf.a(__sys_write.o)

.debug_loc      0x00000000     0x17a0
 .debug_loc     0x00000000      0x1cc ./startup/startup_mkl25z4.o
 .debug_loc     0x000001cc       0x6f /usr/local/mcuxpressoide-11.9.0_2144/ide/plugins/com.nxp.mcuxpresso.tools.linux_11.9.0.202307121226/tools/bin/../lib/gcc/arm-none-eabi/12.3.1/../../../../arm-none-eabi/lib/thumb/v6-m/nofp/libcr_c.a(memcpy.o)
 .debug_loc     0x0000023b       0x6f /usr/local/mcuxpressoide-11.9.0_2144/ide/plugins/com.nxp.mcuxpresso.tools.linux_11.9.0.202307121226/tools/bin/../lib/gcc/arm-none-eabi/12.3.1/../../../../arm-none-eabi/lib/thumb/v6-m/nofp/libcr_c.a(memset.o)
 .debug_loc     0x000002aa       0x5a /usr/local/mcuxpressoide-11.9.0_2144/ide/plugins/com.nxp.mcuxpresso.tools.linux_11.9.0.202307121226/tools/bin/../lib/gcc/arm-none-eabi/12.3.1/../../../../arm-none-eabi/lib/thumb/v6-m/nofp/libcr_c.a(initio.o)
 .debug_loc     0x00000304      0x13d /usr/local/mcuxpressoide-11.9.0_2144/ide/plugins/com.nxp.mcuxpresso.tools.linux_11.9.0.202307121226/tools/bin/../lib/gcc/arm-none-eabi/12.3.1/../../../../arm-none-eabi/lib/thumb/v6-m/nofp/libcr_c.a(setvbuf.o)
 .debug_loc     0x00000441      0x108 /usr/local/mcuxpressoide-11.9.0_2144/ide/plugins/com.nxp.mcuxpresso.tools.linux_11.9.0.202307121226/tools/bin/../lib/gcc/arm-none-eabi/12.3.1/../../../../arm-none-eabi/lib/thumb/v6-m/nofp/libcr_c.a(strlen.o)
 .debug_loc     0x00000549      0x15a /usr/local/mcuxpressoide-11.9.0_2144/ide/plugins/com.nxp.mcuxpresso.tools.linux_11.9.0.202307121226/tools/bin/../lib/gcc/arm-none-eabi/12.3.1/../../../../arm-none-eabi/lib/thumb/v6-m/nofp/libcr_c.a(_fdopen.o)
 .debug_loc     0x000006a3       0xb2 /usr/local/mcuxpressoide-11.9.0_2144/ide/plugins/com.nxp.mcuxpresso.tools.linux_11.9.0.202307121226/tools/bin/../lib/gcc/arm-none-eabi/12.3.1/../../../../arm-none-eabi/lib/thumb/v6-m/nofp/libcr_c.a(fclose.o)
 .debug_loc     0x00000755       0x9f /usr/local/mcuxpressoide-11.9.0_2144/ide/plugins/com.nxp.mcuxpresso.tools.linux_11.9.0.202307121226/tools/bin/../lib/gcc/arm-none-eabi/12.3.1/../../../../arm-none-eabi/lib/thumb/v6-m/nofp/libcr_c.a(fflush.o)
 .debug_loc     0x000007f4      0x1a8 /usr/local/mcuxpressoide-11.9.0_2144/ide/plugins/com.nxp.mcuxpresso.tools.linux_11.9.0.202307121226/tools/bin/../lib/gcc/arm-none-eabi/12.3.1/../../../../arm-none-eabi/lib/thumb/v6-m/nofp/libcr_c.a(fseek.o)
 .debug_loc     0x0000099c       0x8d /usr/local/mcuxpressoide-11.9.0_2144/ide/plugins/com.nxp.mcuxpresso.tools.linux_11.9.0.202307121226/tools/bin/../lib/gcc/arm-none-eabi/12.3.1/../../../../arm-none-eabi/lib/thumb/v6-m/nofp/libcr_c.a(ftell.o)
 .debug_loc     0x00000a29       0xda /usr/local/mcuxpressoide-11.9.0_2144/ide/plugins/com.nxp.mcuxpresso.tools.linux_11.9.0.202307121226/tools/bin/../lib/gcc/arm-none-eabi/12.3.1/../../../../arm-none-eabi/lib/thumb/v6-m/nofp/libcr_c.a(remove.o)
 .debug_loc     0x00000b03       0x83 /usr/local/mcuxpressoide-11.9.0_2144/ide/plugins/com.nxp.mcuxpresso.tools.linux_11.9.0.202307121226/tools/bin/../lib/gcc/arm-none-eabi/12.3.1/../../../../arm-none-eabi/lib/thumb/v6-m/nofp/libcr_c.a(_do_fflush.o)
 .debug_loc     0x00000b86      0x124 /usr/local/mcuxpressoide-11.9.0_2144/ide/plugins/com.nxp.mcuxpresso.tools.linux_11.9.0.202307121226/tools/bin/../lib/gcc/arm-none-eabi/12.3.1/../../../../arm-none-eabi/lib/thumb/v6-m/nofp/libcr_c.a(_fflush.o)
 .debug_loc     0x00000caa       0xe7 /usr/local/mcuxpressoide-11.9.0_2144/ide/plugins/com.nxp.mcuxpresso.tools.linux_11.9.0.202307121226/tools/bin/../lib/gcc/arm-none-eabi/12.3.1/../../../../arm-none-eabi/lib/thumb/v6-m/nofp/libcr_c.a(_writebuf.o)
 .debug_loc     0x00000d91      0x762 /usr/local/mcuxpressoide-11.9.0_2144/ide/plugins/com.nxp.mcuxpresso.tools.linux_11.9.0.202307121226/tools/bin/../lib/gcc/arm-none-eabi/12.3.1/../../../../arm-none-eabi/lib/thumb/v6-m/nofp/libcr_c.a(alloc.o)
 .debug_loc     0x000014f3      0x1aa /usr/local/mcuxpressoide-11.9.0_2144/ide/plugins/com.nxp.mcuxpresso.tools.linux_11.9.0.202307121226/tools/bin/../lib/gcc/arm-none-eabi/12.3.1/../../../../arm-none-eabi/lib/thumb/v6-m/nofp/libcr_c.a(_deferredlazyseek.o)
 .debug_loc     0x0000169d       0x25 /usr/local/mcuxpressoide-11.9.0_2144/ide/plugins/com.nxp.mcuxpresso.tools.linux_11.9.0.202307121226/tools/bin/../lib/gcc/arm-none-eabi/12.3.1/../../../../arm-none-eabi/lib/thumb/v6-m/nofp/libcr_nohost_nf.a(__sys_close.o)
 .debug_loc     0x000016c2       0x25 /usr/local/mcuxpressoide-11.9.0_2144/ide/plugins/com.nxp.mcuxpresso.tools.linux_11.9.0.202307121226/tools/bin/../lib/gcc/arm-none-eabi/12.3.1/../../../../arm-none-eabi/lib/thumb/v6-m/nofp/libcr_nohost_nf.a(__sys_flen.o)
 .debug_loc     0x000016e7       0x25 /usr/local/mcuxpressoide-11.9.0_2144/ide/plugins/com.nxp.mcuxpresso.tools.linux_11.9.0.202307121226/tools/bin/../lib/gcc/arm-none-eabi/12.3.1/../../../../arm-none-eabi/lib/thumb/v6-m/nofp/libcr_nohost_nf.a(__sys_istty.o)
 .debug_loc     0x0000170c       0x25 /usr/local/mcuxpressoide-11.9.0_2144/ide/plugins/com.nxp.mcuxpresso.tools.linux_11.9.0.202307121226/tools/bin/../lib/gcc/arm-none-eabi/12.3.1/../../../../arm-none-eabi/lib/thumb/v6-m/nofp/libcr_nohost_nf.a(__sys_remove.o)
 .debug_loc     0x00001731       0x25 /usr/local/mcuxpressoide-11.9.0_2144/ide/plugins/com.nxp.mcuxpresso.tools.linux_11.9.0.202307121226/tools/bin/../lib/gcc/arm-none-eabi/12.3.1/../../../../arm-none-eabi/lib/thumb/v6-m/nofp/libcr_nohost_nf.a(__sys_seek.o)
 .debug_loc     0x00001756       0x25 /usr/local/mcuxpressoide-11.9.0_2144/ide/plugins/com.nxp.mcuxpresso.tools.linux_11.9.0.202307121226/tools/bin/../lib/gcc/arm-none-eabi/12.3.1/../../../../arm-none-eabi/lib/thumb/v6-m/nofp/libcr_nohost_nf.a(__sys_tmpnam.o)
 .debug_loc     0x0000177b       0x25 /usr/local/mcuxpressoide-11.9.0_2144/ide/plugins/com.nxp.mcuxpresso.tools.linux_11.9.0.202307121226/tools/bin/../lib/gcc/arm-none-eabi/12.3.1/../../../../arm-none-eabi/lib/thumb/v6-m/nofp/libcr_nohost_nf.a(__sys_write.o)

.debug_aranges  0x00000000     0x1078
 .debug_aranges
                0x00000000      0x160 ./startup/startup_mkl25z4.o
 .debug_aranges
                0x00000160       0x38 ./source/inspectorRTOS.o
 .debug_aranges
                0x00000198       0x18 ./source/mtb.o
 .debug_aranges
                0x000001b0       0x20 ./source/semihost_hardfault.o
 .debug_aranges
                0x000001d0       0x20 ./freertos/fsl_tickless_lptmr.o
 .debug_aranges
                0x000001f0       0x50 ./freertos/heap_4.o
 .debug_aranges
                0x00000240       0x40 ./freertos/list.o
 .debug_aranges
                0x00000280       0x80 ./freertos/port.o
 .debug_aranges
                0x00000300      0x118 ./freertos/queue.o
 .debug_aranges
                0x00000418      0x1e8 ./freertos/tasks.o
 .debug_aranges
                0x00000600       0xc8 ./freertos/timers.o
 .debug_aranges
                0x000006c8      0x178 ./drivers/fsl_i2c.o
 .debug_aranges
                0x00000840      0x118 ./drivers/fsl_lpsci.o
 .debug_aranges
                0x00000958      0x130 ./drivers/fsl_uart.o
 .debug_aranges
                0x00000a88       0xd0 ./board/RGB.o
 .debug_aranges
                0x00000b58       0x60 ./board/common.o
 .debug_aranges
                0x00000bb8       0xa0 ./board/mainSystem.o
 .debug_aranges
                0x00000c58       0x90 ./board/stepper.o
 .debug_aranges
                0x00000ce8       0x28 ./CMSIS/system_MKL25Z4.o
 .debug_aranges
                0x00000d10       0x20 /usr/local/mcuxpressoide-11.9.0_2144/ide/plugins/com.nxp.mcuxpresso.tools.linux_11.9.0.202307121226/tools/bin/../lib/gcc/arm-none-eabi/12.3.1/../../../../arm-none-eabi/lib/thumb/v6-m/nofp/libcr_nohost_nf.a(_cr__main.o)
 .debug_aranges
                0x00000d30       0x20 /usr/local/mcuxpressoide-11.9.0_2144/ide/plugins/com.nxp.mcuxpresso.tools.linux_11.9.0.202307121226/tools/bin/../lib/gcc/arm-none-eabi/12.3.1/../../../../arm-none-eabi/lib/thumb/v6-m/nofp/libcr_c.a(memcpy.o)
 .debug_aranges
                0x00000d50       0x20 /usr/local/mcuxpressoide-11.9.0_2144/ide/plugins/com.nxp.mcuxpresso.tools.linux_11.9.0.202307121226/tools/bin/../lib/gcc/arm-none-eabi/12.3.1/../../../../arm-none-eabi/lib/thumb/v6-m/nofp/libcr_c.a(memset.o)
 .debug_aranges
                0x00000d70       0x28 /usr/local/mcuxpressoide-11.9.0_2144/ide/plugins/com.nxp.mcuxpresso.tools.linux_11.9.0.202307121226/tools/bin/../lib/gcc/arm-none-eabi/12.3.1/../../../../arm-none-eabi/lib/thumb/v6-m/nofp/libcr_c.a(initio.o)
 .debug_aranges
                0x00000d98       0x20 /usr/local/mcuxpressoide-11.9.0_2144/ide/plugins/com.nxp.mcuxpresso.tools.linux_11.9.0.202307121226/tools/bin/../lib/gcc/arm-none-eabi/12.3.1/../../../../arm-none-eabi/lib/thumb/v6-m/nofp/libcr_c.a(setvbuf.o)
 .debug_aranges
                0x00000db8       0x20 /usr/local/mcuxpressoide-11.9.0_2144/ide/plugins/com.nxp.mcuxpresso.tools.linux_11.9.0.202307121226/tools/bin/../lib/gcc/arm-none-eabi/12.3.1/../../../../arm-none-eabi/lib/thumb/v6-m/nofp/libcr_c.a(strlen.o)
 .debug_aranges
                0x00000dd8       0x20 /usr/local/mcuxpressoide-11.9.0_2144/ide/plugins/com.nxp.mcuxpresso.tools.linux_11.9.0.202307121226/tools/bin/../lib/gcc/arm-none-eabi/12.3.1/../../../../arm-none-eabi/lib/thumb/v6-m/nofp/libcr_c.a(_fdopen.o)
 .debug_aranges
                0x00000df8       0x20 /usr/local/mcuxpressoide-11.9.0_2144/ide/plugins/com.nxp.mcuxpresso.tools.linux_11.9.0.202307121226/tools/bin/../lib/gcc/arm-none-eabi/12.3.1/../../../../arm-none-eabi/lib/thumb/v6-m/nofp/libcr_c.a(fclose.o)
 .debug_aranges
                0x00000e18       0x20 /usr/local/mcuxpressoide-11.9.0_2144/ide/plugins/com.nxp.mcuxpresso.tools.linux_11.9.0.202307121226/tools/bin/../lib/gcc/arm-none-eabi/12.3.1/../../../../arm-none-eabi/lib/thumb/v6-m/nofp/libcr_c.a(fflush.o)
 .debug_aranges
                0x00000e38       0x20 /usr/local/mcuxpressoide-11.9.0_2144/ide/plugins/com.nxp.mcuxpresso.tools.linux_11.9.0.202307121226/tools/bin/../lib/gcc/arm-none-eabi/12.3.1/../../../../arm-none-eabi/lib/thumb/v6-m/nofp/libcr_c.a(fseek.o)
 .debug_aranges
                0x00000e58       0x20 /usr/local/mcuxpressoide-11.9.0_2144/ide/plugins/com.nxp.mcuxpresso.tools.linux_11.9.0.202307121226/tools/bin/../lib/gcc/arm-none-eabi/12.3.1/../../../../arm-none-eabi/lib/thumb/v6-m/nofp/libcr_c.a(ftell.o)
 .debug_aranges
                0x00000e78       0x28 /usr/local/mcuxpressoide-11.9.0_2144/ide/plugins/com.nxp.mcuxpresso.tools.linux_11.9.0.202307121226/tools/bin/../lib/gcc/arm-none-eabi/12.3.1/../../../../arm-none-eabi/lib/thumb/v6-m/nofp/libcr_c.a(remove.o)
 .debug_aranges
                0x00000ea0       0x20 /usr/local/mcuxpressoide-11.9.0_2144/ide/plugins/com.nxp.mcuxpresso.tools.linux_11.9.0.202307121226/tools/bin/../lib/gcc/arm-none-eabi/12.3.1/../../../../arm-none-eabi/lib/thumb/v6-m/nofp/libcr_c.a(_do_fflush.o)
 .debug_aranges
                0x00000ec0       0x20 /usr/local/mcuxpressoide-11.9.0_2144/ide/plugins/com.nxp.mcuxpresso.tools.linux_11.9.0.202307121226/tools/bin/../lib/gcc/arm-none-eabi/12.3.1/../../../../arm-none-eabi/lib/thumb/v6-m/nofp/libcr_c.a(_fflush.o)
 .debug_aranges
                0x00000ee0       0x20 /usr/local/mcuxpressoide-11.9.0_2144/ide/plugins/com.nxp.mcuxpresso.tools.linux_11.9.0.202307121226/tools/bin/../lib/gcc/arm-none-eabi/12.3.1/../../../../arm-none-eabi/lib/thumb/v6-m/nofp/libcr_c.a(_writebuf.o)
 .debug_aranges
                0x00000f00       0x40 /usr/local/mcuxpressoide-11.9.0_2144/ide/plugins/com.nxp.mcuxpresso.tools.linux_11.9.0.202307121226/tools/bin/../lib/gcc/arm-none-eabi/12.3.1/../../../../arm-none-eabi/lib/thumb/v6-m/nofp/libcr_c.a(alloc.o)
 .debug_aranges
                0x00000f40       0x18 /usr/local/mcuxpressoide-11.9.0_2144/ide/plugins/com.nxp.mcuxpresso.tools.linux_11.9.0.202307121226/tools/bin/../lib/gcc/arm-none-eabi/12.3.1/../../../../arm-none-eabi/lib/thumb/v6-m/nofp/libcr_c.a(errno.o)
 .debug_aranges
                0x00000f58       0x28 /usr/local/mcuxpressoide-11.9.0_2144/ide/plugins/com.nxp.mcuxpresso.tools.linux_11.9.0.202307121226/tools/bin/../lib/gcc/arm-none-eabi/12.3.1/../../../../arm-none-eabi/lib/thumb/v6-m/nofp/libcr_c.a(_deferredlazyseek.o)
 .debug_aranges
                0x00000f80       0x18 /usr/local/mcuxpressoide-11.9.0_2144/ide/plugins/com.nxp.mcuxpresso.tools.linux_11.9.0.202307121226/tools/bin/../lib/gcc/arm-none-eabi/12.3.1/../../../../arm-none-eabi/lib/thumb/v6-m/nofp/libcr_nohost_nf.a(__ciob.o)
 .debug_aranges
                0x00000f98       0x20 /usr/local/mcuxpressoide-11.9.0_2144/ide/plugins/com.nxp.mcuxpresso.tools.linux_11.9.0.202307121226/tools/bin/../lib/gcc/arm-none-eabi/12.3.1/../../../../arm-none-eabi/lib/thumb/v6-m/nofp/libcr_nohost_nf.a(__sys_close.o)
 .debug_aranges
                0x00000fb8       0x20 /usr/local/mcuxpressoide-11.9.0_2144/ide/plugins/com.nxp.mcuxpresso.tools.linux_11.9.0.202307121226/tools/bin/../lib/gcc/arm-none-eabi/12.3.1/../../../../arm-none-eabi/lib/thumb/v6-m/nofp/libcr_nohost_nf.a(__sys_flen.o)
 .debug_aranges
                0x00000fd8       0x20 /usr/local/mcuxpressoide-11.9.0_2144/ide/plugins/com.nxp.mcuxpresso.tools.linux_11.9.0.202307121226/tools/bin/../lib/gcc/arm-none-eabi/12.3.1/../../../../arm-none-eabi/lib/thumb/v6-m/nofp/libcr_nohost_nf.a(__sys_istty.o)
 .debug_aranges
                0x00000ff8       0x20 /usr/local/mcuxpressoide-11.9.0_2144/ide/plugins/com.nxp.mcuxpresso.tools.linux_11.9.0.202307121226/tools/bin/../lib/gcc/arm-none-eabi/12.3.1/../../../../arm-none-eabi/lib/thumb/v6-m/nofp/libcr_nohost_nf.a(__sys_remove.o)
 .debug_aranges
                0x00001018       0x20 /usr/local/mcuxpressoide-11.9.0_2144/ide/plugins/com.nxp.mcuxpresso.tools.linux_11.9.0.202307121226/tools/bin/../lib/gcc/arm-none-eabi/12.3.1/../../../../arm-none-eabi/lib/thumb/v6-m/nofp/libcr_nohost_nf.a(__sys_seek.o)
 .debug_aranges
                0x00001038       0x20 /usr/local/mcuxpressoide-11.9.0_2144/ide/plugins/com.nxp.mcuxpresso.tools.linux_11.9.0.202307121226/tools/bin/../lib/gcc/arm-none-eabi/12.3.1/../../../../arm-none-eabi/lib/thumb/v6-m/nofp/libcr_nohost_nf.a(__sys_tmpnam.o)
 .debug_aranges
                0x00001058       0x20 /usr/local/mcuxpressoide-11.9.0_2144/ide/plugins/com.nxp.mcuxpresso.tools.linux_11.9.0.202307121226/tools/bin/../lib/gcc/arm-none-eabi/12.3.1/../../../../arm-none-eabi/lib/thumb/v6-m/nofp/libcr_nohost_nf.a(__sys_write.o)

.debug_ranges   0x00000000      0xe50
 .debug_ranges  0x00000000      0x150 ./startup/startup_mkl25z4.o
 .debug_ranges  0x00000150       0x28 ./source/inspectorRTOS.o
 .debug_ranges  0x00000178       0x10 ./source/semihost_hardfault.o
 .debug_ranges  0x00000188       0x10 ./freertos/fsl_tickless_lptmr.o
 .debug_ranges  0x00000198       0x40 ./freertos/heap_4.o
 .debug_ranges  0x000001d8       0x30 ./freertos/list.o
 .debug_ranges  0x00000208       0x70 ./freertos/port.o
 .debug_ranges  0x00000278      0x108 ./freertos/queue.o
 .debug_ranges  0x00000380      0x1d8 ./freertos/tasks.o
 .debug_ranges  0x00000558       0xb8 ./freertos/timers.o
 .debug_ranges  0x00000610      0x168 ./drivers/fsl_i2c.o
 .debug_ranges  0x00000778      0x108 ./drivers/fsl_lpsci.o
 .debug_ranges  0x00000880      0x120 ./drivers/fsl_uart.o
 .debug_ranges  0x000009a0       0xc0 ./board/RGB.o
 .debug_ranges  0x00000a60       0x50 ./board/common.o
 .debug_ranges  0x00000ab0       0x90 ./board/mainSystem.o
 .debug_ranges  0x00000b40       0x80 ./board/stepper.o
 .debug_ranges  0x00000bc0       0x18 ./CMSIS/system_MKL25Z4.o
 .debug_ranges  0x00000bd8       0x10 /usr/local/mcuxpressoide-11.9.0_2144/ide/plugins/com.nxp.mcuxpresso.tools.linux_11.9.0.202307121226/tools/bin/../lib/gcc/arm-none-eabi/12.3.1/../../../../arm-none-eabi/lib/thumb/v6-m/nofp/libcr_nohost_nf.a(_cr__main.o)
 .debug_ranges  0x00000be8       0x10 /usr/local/mcuxpressoide-11.9.0_2144/ide/plugins/com.nxp.mcuxpresso.tools.linux_11.9.0.202307121226/tools/bin/../lib/gcc/arm-none-eabi/12.3.1/../../../../arm-none-eabi/lib/thumb/v6-m/nofp/libcr_c.a(memcpy.o)
 .debug_ranges  0x00000bf8       0x10 /usr/local/mcuxpressoide-11.9.0_2144/ide/plugins/com.nxp.mcuxpresso.tools.linux_11.9.0.202307121226/tools/bin/../lib/gcc/arm-none-eabi/12.3.1/../../../../arm-none-eabi/lib/thumb/v6-m/nofp/libcr_c.a(memset.o)
 .debug_ranges  0x00000c08       0x38 /usr/local/mcuxpressoide-11.9.0_2144/ide/plugins/com.nxp.mcuxpresso.tools.linux_11.9.0.202307121226/tools/bin/../lib/gcc/arm-none-eabi/12.3.1/../../../../arm-none-eabi/lib/thumb/v6-m/nofp/libcr_c.a(initio.o)
 .debug_ranges  0x00000c40       0x10 /usr/local/mcuxpressoide-11.9.0_2144/ide/plugins/com.nxp.mcuxpresso.tools.linux_11.9.0.202307121226/tools/bin/../lib/gcc/arm-none-eabi/12.3.1/../../../../arm-none-eabi/lib/thumb/v6-m/nofp/libcr_c.a(setvbuf.o)
 .debug_ranges  0x00000c50       0x28 /usr/local/mcuxpressoide-11.9.0_2144/ide/plugins/com.nxp.mcuxpresso.tools.linux_11.9.0.202307121226/tools/bin/../lib/gcc/arm-none-eabi/12.3.1/../../../../arm-none-eabi/lib/thumb/v6-m/nofp/libcr_c.a(strlen.o)
 .debug_ranges  0x00000c78       0x10 /usr/local/mcuxpressoide-11.9.0_2144/ide/plugins/com.nxp.mcuxpresso.tools.linux_11.9.0.202307121226/tools/bin/../lib/gcc/arm-none-eabi/12.3.1/../../../../arm-none-eabi/lib/thumb/v6-m/nofp/libcr_c.a(_fdopen.o)
 .debug_ranges  0x00000c88       0x10 /usr/local/mcuxpressoide-11.9.0_2144/ide/plugins/com.nxp.mcuxpresso.tools.linux_11.9.0.202307121226/tools/bin/../lib/gcc/arm-none-eabi/12.3.1/../../../../arm-none-eabi/lib/thumb/v6-m/nofp/libcr_c.a(fclose.o)
 .debug_ranges  0x00000c98       0x28 /usr/local/mcuxpressoide-11.9.0_2144/ide/plugins/com.nxp.mcuxpresso.tools.linux_11.9.0.202307121226/tools/bin/../lib/gcc/arm-none-eabi/12.3.1/../../../../arm-none-eabi/lib/thumb/v6-m/nofp/libcr_c.a(fflush.o)
 .debug_ranges  0x00000cc0       0x10 /usr/local/mcuxpressoide-11.9.0_2144/ide/plugins/com.nxp.mcuxpresso.tools.linux_11.9.0.202307121226/tools/bin/../lib/gcc/arm-none-eabi/12.3.1/../../../../arm-none-eabi/lib/thumb/v6-m/nofp/libcr_c.a(fseek.o)
 .debug_ranges  0x00000cd0       0x10 /usr/local/mcuxpressoide-11.9.0_2144/ide/plugins/com.nxp.mcuxpresso.tools.linux_11.9.0.202307121226/tools/bin/../lib/gcc/arm-none-eabi/12.3.1/../../../../arm-none-eabi/lib/thumb/v6-m/nofp/libcr_c.a(ftell.o)
 .debug_ranges  0x00000ce0       0x18 /usr/local/mcuxpressoide-11.9.0_2144/ide/plugins/com.nxp.mcuxpresso.tools.linux_11.9.0.202307121226/tools/bin/../lib/gcc/arm-none-eabi/12.3.1/../../../../arm-none-eabi/lib/thumb/v6-m/nofp/libcr_c.a(remove.o)
 .debug_ranges  0x00000cf8       0x28 /usr/local/mcuxpressoide-11.9.0_2144/ide/plugins/com.nxp.mcuxpresso.tools.linux_11.9.0.202307121226/tools/bin/../lib/gcc/arm-none-eabi/12.3.1/../../../../arm-none-eabi/lib/thumb/v6-m/nofp/libcr_c.a(_do_fflush.o)
 .debug_ranges  0x00000d20       0x10 /usr/local/mcuxpressoide-11.9.0_2144/ide/plugins/com.nxp.mcuxpresso.tools.linux_11.9.0.202307121226/tools/bin/../lib/gcc/arm-none-eabi/12.3.1/../../../../arm-none-eabi/lib/thumb/v6-m/nofp/libcr_c.a(_fflush.o)
 .debug_ranges  0x00000d30       0x10 /usr/local/mcuxpressoide-11.9.0_2144/ide/plugins/com.nxp.mcuxpresso.tools.linux_11.9.0.202307121226/tools/bin/../lib/gcc/arm-none-eabi/12.3.1/../../../../arm-none-eabi/lib/thumb/v6-m/nofp/libcr_c.a(_writebuf.o)
 .debug_ranges  0x00000d40       0x50 /usr/local/mcuxpressoide-11.9.0_2144/ide/plugins/com.nxp.mcuxpresso.tools.linux_11.9.0.202307121226/tools/bin/../lib/gcc/arm-none-eabi/12.3.1/../../../../arm-none-eabi/lib/thumb/v6-m/nofp/libcr_c.a(alloc.o)
 .debug_ranges  0x00000d90       0x50 /usr/local/mcuxpressoide-11.9.0_2144/ide/plugins/com.nxp.mcuxpresso.tools.linux_11.9.0.202307121226/tools/bin/../lib/gcc/arm-none-eabi/12.3.1/../../../../arm-none-eabi/lib/thumb/v6-m/nofp/libcr_c.a(_deferredlazyseek.o)
 .debug_ranges  0x00000de0       0x10 /usr/local/mcuxpressoide-11.9.0_2144/ide/plugins/com.nxp.mcuxpresso.tools.linux_11.9.0.202307121226/tools/bin/../lib/gcc/arm-none-eabi/12.3.1/../../../../arm-none-eabi/lib/thumb/v6-m/nofp/libcr_nohost_nf.a(__sys_close.o)
 .debug_ranges  0x00000df0       0x10 /usr/local/mcuxpressoide-11.9.0_2144/ide/plugins/com.nxp.mcuxpresso.tools.linux_11.9.0.202307121226/tools/bin/../lib/gcc/arm-none-eabi/12.3.1/../../../../arm-none-eabi/lib/thumb/v6-m/nofp/libcr_nohost_nf.a(__sys_flen.o)
 .debug_ranges  0x00000e00       0x10 /usr/local/mcuxpressoide-11.9.0_2144/ide/plugins/com.nxp.mcuxpresso.tools.linux_11.9.0.202307121226/tools/bin/../lib/gcc/arm-none-eabi/12.3.1/../../../../arm-none-eabi/lib/thumb/v6-m/nofp/libcr_nohost_nf.a(__sys_istty.o)
 .debug_ranges  0x00000e10       0x10 /usr/local/mcuxpressoide-11.9.0_2144/ide/plugins/com.nxp.mcuxpresso.tools.linux_11.9.0.202307121226/tools/bin/../lib/gcc/arm-none-eabi/12.3.1/../../../../arm-none-eabi/lib/thumb/v6-m/nofp/libcr_nohost_nf.a(__sys_remove.o)
 .debug_ranges  0x00000e20       0x10 /usr/local/mcuxpressoide-11.9.0_2144/ide/plugins/com.nxp.mcuxpresso.tools.linux_11.9.0.202307121226/tools/bin/../lib/gcc/arm-none-eabi/12.3.1/../../../../arm-none-eabi/lib/thumb/v6-m/nofp/libcr_nohost_nf.a(__sys_seek.o)
 .debug_ranges  0x00000e30       0x10 /usr/local/mcuxpressoide-11.9.0_2144/ide/plugins/com.nxp.mcuxpresso.tools.linux_11.9.0.202307121226/tools/bin/../lib/gcc/arm-none-eabi/12.3.1/../../../../arm-none-eabi/lib/thumb/v6-m/nofp/libcr_nohost_nf.a(__sys_tmpnam.o)
 .debug_ranges  0x00000e40       0x10 /usr/local/mcuxpressoide-11.9.0_2144/ide/plugins/com.nxp.mcuxpresso.tools.linux_11.9.0.202307121226/tools/bin/../lib/gcc/arm-none-eabi/12.3.1/../../../../arm-none-eabi/lib/thumb/v6-m/nofp/libcr_nohost_nf.a(__sys_write.o)

.debug_macro    0x00000000     0x2112
 .debug_macro   0x00000000       0x29 ./startup/startup_mkl25z4.o
 .debug_macro   0x00000029      0x222 ./source/inspectorRTOS.o
 .debug_macro   0x0000024b       0x16 ./source/inspectorRTOS.o
 .debug_macro   0x00000261      0x193 ./source/inspectorRTOS.o
 .debug_macro   0x000003f4      0x168 ./source/inspectorRTOS.o
 .debug_macro   0x0000055c       0xb6 ./source/inspectorRTOS.o
 .debug_macro   0x00000612       0x10 ./source/inspectorRTOS.o
 .debug_macro   0x00000622       0x1f ./source/inspectorRTOS.o
 .debug_macro   0x00000641      0x361 ./source/inspectorRTOS.o
 .debug_macro   0x000009a2       0x16 ./source/inspectorRTOS.o
 .debug_macro   0x000009b8       0x10 ./source/inspectorRTOS.o
 .debug_macro   0x000009c8      0x112 ./source/inspectorRTOS.o
 .debug_macro   0x00000ada       0x34 ./source/inspectorRTOS.o
 .debug_macro   0x00000b0e       0xc0 ./source/inspectorRTOS.o
 .debug_macro   0x00000bce       0x94 ./source/inspectorRTOS.o
 .debug_macro   0x00000c62       0x78 ./source/inspectorRTOS.o
 .debug_macro   0x00000cda       0x8c ./source/inspectorRTOS.o
 .debug_macro   0x00000d66       0xd2 ./source/inspectorRTOS.o
 .debug_macro   0x00000e38       0x3a ./source/inspectorRTOS.o
 .debug_macro   0x00000e72       0x22 ./source/inspectorRTOS.o
 .debug_macro   0x00000e94       0xe8 ./source/inspectorRTOS.o
 .debug_macro   0x00000f7c       0x2e ./source/inspectorRTOS.o
 .debug_macro   0x00000faa       0x58 ./source/inspectorRTOS.o
 .debug_macro   0x00001002       0x2f ./source/mtb.o
 .debug_macro   0x00001031       0x82 ./source/mtb.o
 .debug_macro   0x000010b3       0x10 ./source/mtb.o
 .debug_macro   0x000010c3       0x11 ./source/semihost_hardfault.o
 .debug_macro   0x000010d4       0xbd ./freertos/fsl_tickless_lptmr.o
 .debug_macro   0x00001191       0x8e ./freertos/fsl_tickless_lptmr.o
 .debug_macro   0x0000121f       0xe0 ./freertos/heap_4.o
 .debug_macro   0x000012ff       0xb9 ./freertos/list.o
 .debug_macro   0x000013b8       0xcf ./freertos/port.o
 .debug_macro   0x00001487      0x122 ./freertos/queue.o
 .debug_macro   0x000015a9      0x18c ./freertos/tasks.o
 .debug_macro   0x00001735       0x11 ./freertos/tasks.o
 .debug_macro   0x00001746       0x1c ./freertos/tasks.o
 .debug_macro   0x00001762       0xec ./freertos/timers.o
 .debug_macro   0x0000184e       0xeb ./drivers/fsl_i2c.o
 .debug_macro   0x00001939       0x10 ./drivers/fsl_i2c.o
 .debug_macro   0x00001949       0xec ./drivers/fsl_lpsci.o
 .debug_macro   0x00001a35       0xf2 ./drivers/fsl_uart.o
 .debug_macro   0x00001b27       0x97 ./board/RGB.o
 .debug_macro   0x00001bbe       0x1c ./board/RGB.o
 .debug_macro   0x00001bda      0x14f ./board/common.o
 .debug_macro   0x00001d29      0x21e ./board/mainSystem.o
 .debug_macro   0x00001f47      0x10f ./board/stepper.o
 .debug_macro   0x00002056       0x28 ./board/stepper.o
 .debug_macro   0x0000207e       0x94 ./CMSIS/system_MKL25Z4.o

.debug_line     0x00000000     0xa672
 .debug_line    0x00000000      0x310 ./startup/startup_mkl25z4.o
 .debug_line    0x00000310      0x67b ./source/inspectorRTOS.o
 .debug_line    0x0000098b       0xd5 ./source/mtb.o
 .debug_line    0x00000a60       0x59 ./source/semihost_hardfault.o
 .debug_line    0x00000ab9      0x25d ./freertos/fsl_tickless_lptmr.o
 .debug_line    0x00000d16      0x49b ./freertos/heap_4.o
 .debug_line    0x000011b1      0x321 ./freertos/list.o
 .debug_line    0x000014d2      0x3d8 ./freertos/port.o
 .debug_line    0x000018aa      0xc98 ./freertos/queue.o
 .debug_line    0x00002542     0x156d ./freertos/tasks.o
 .debug_line    0x00003aaf      0x734 ./freertos/timers.o
 .debug_line    0x000041e3     0x12e6 ./drivers/fsl_i2c.o
 .debug_line    0x000054c9      0xd76 ./drivers/fsl_lpsci.o
 .debug_line    0x0000623f      0xd52 ./drivers/fsl_uart.o
 .debug_line    0x00006f91      0x449 ./board/RGB.o
 .debug_line    0x000073da      0x5d1 ./board/common.o
 .debug_line    0x000079ab      0x95a ./board/mainSystem.o
 .debug_line    0x00008305      0x5e6 ./board/stepper.o
 .debug_line    0x000088eb      0x33b ./CMSIS/system_MKL25Z4.o
 .debug_line    0x00008c26       0xcd /usr/local/mcuxpressoide-11.9.0_2144/ide/plugins/com.nxp.mcuxpresso.tools.linux_11.9.0.202307121226/tools/bin/../lib/gcc/arm-none-eabi/12.3.1/../../../../arm-none-eabi/lib/thumb/v6-m/nofp/libcr_nohost_nf.a(_cr__main.o)
 .debug_line    0x00008cf3       0xa2 /usr/local/mcuxpressoide-11.9.0_2144/ide/plugins/com.nxp.mcuxpresso.tools.linux_11.9.0.202307121226/tools/bin/../lib/gcc/arm-none-eabi/12.3.1/../../../../arm-none-eabi/lib/thumb/v6-m/nofp/libcr_c.a(memcpy.o)
 .debug_line    0x00008d95       0x82 /usr/local/mcuxpressoide-11.9.0_2144/ide/plugins/com.nxp.mcuxpresso.tools.linux_11.9.0.202307121226/tools/bin/../lib/gcc/arm-none-eabi/12.3.1/../../../../arm-none-eabi/lib/thumb/v6-m/nofp/libcr_c.a(memset.o)
 .debug_line    0x00008e17      0x126 /usr/local/mcuxpressoide-11.9.0_2144/ide/plugins/com.nxp.mcuxpresso.tools.linux_11.9.0.202307121226/tools/bin/../lib/gcc/arm-none-eabi/12.3.1/../../../../arm-none-eabi/lib/thumb/v6-m/nofp/libcr_c.a(initio.o)
 .debug_line    0x00008f3d       0xf7 /usr/local/mcuxpressoide-11.9.0_2144/ide/plugins/com.nxp.mcuxpresso.tools.linux_11.9.0.202307121226/tools/bin/../lib/gcc/arm-none-eabi/12.3.1/../../../../arm-none-eabi/lib/thumb/v6-m/nofp/libcr_c.a(setvbuf.o)
 .debug_line    0x00009034      0x11b /usr/local/mcuxpressoide-11.9.0_2144/ide/plugins/com.nxp.mcuxpresso.tools.linux_11.9.0.202307121226/tools/bin/../lib/gcc/arm-none-eabi/12.3.1/../../../../arm-none-eabi/lib/thumb/v6-m/nofp/libcr_c.a(strlen.o)
 .debug_line    0x0000914f      0x15f /usr/local/mcuxpressoide-11.9.0_2144/ide/plugins/com.nxp.mcuxpresso.tools.linux_11.9.0.202307121226/tools/bin/../lib/gcc/arm-none-eabi/12.3.1/../../../../arm-none-eabi/lib/thumb/v6-m/nofp/libcr_c.a(_fdopen.o)
 .debug_line    0x000092ae      0x107 /usr/local/mcuxpressoide-11.9.0_2144/ide/plugins/com.nxp.mcuxpresso.tools.linux_11.9.0.202307121226/tools/bin/../lib/gcc/arm-none-eabi/12.3.1/../../../../arm-none-eabi/lib/thumb/v6-m/nofp/libcr_c.a(fclose.o)
 .debug_line    0x000093b5       0xcf /usr/local/mcuxpressoide-11.9.0_2144/ide/plugins/com.nxp.mcuxpresso.tools.linux_11.9.0.202307121226/tools/bin/../lib/gcc/arm-none-eabi/12.3.1/../../../../arm-none-eabi/lib/thumb/v6-m/nofp/libcr_c.a(fflush.o)
 .debug_line    0x00009484      0x242 /usr/local/mcuxpressoide-11.9.0_2144/ide/plugins/com.nxp.mcuxpresso.tools.linux_11.9.0.202307121226/tools/bin/../lib/gcc/arm-none-eabi/12.3.1/../../../../arm-none-eabi/lib/thumb/v6-m/nofp/libcr_c.a(fseek.o)
 .debug_line    0x000096c6      0x10c /usr/local/mcuxpressoide-11.9.0_2144/ide/plugins/com.nxp.mcuxpresso.tools.linux_11.9.0.202307121226/tools/bin/../lib/gcc/arm-none-eabi/12.3.1/../../../../arm-none-eabi/lib/thumb/v6-m/nofp/libcr_c.a(ftell.o)
 .debug_line    0x000097d2       0xe2 /usr/local/mcuxpressoide-11.9.0_2144/ide/plugins/com.nxp.mcuxpresso.tools.linux_11.9.0.202307121226/tools/bin/../lib/gcc/arm-none-eabi/12.3.1/../../../../arm-none-eabi/lib/thumb/v6-m/nofp/libcr_c.a(remove.o)
 .debug_line    0x000098b4      0x118 /usr/local/mcuxpressoide-11.9.0_2144/ide/plugins/com.nxp.mcuxpresso.tools.linux_11.9.0.202307121226/tools/bin/../lib/gcc/arm-none-eabi/12.3.1/../../../../arm-none-eabi/lib/thumb/v6-m/nofp/libcr_c.a(_do_fflush.o)
 .debug_line    0x000099cc      0x11f /usr/local/mcuxpressoide-11.9.0_2144/ide/plugins/com.nxp.mcuxpresso.tools.linux_11.9.0.202307121226/tools/bin/../lib/gcc/arm-none-eabi/12.3.1/../../../../arm-none-eabi/lib/thumb/v6-m/nofp/libcr_c.a(_fflush.o)
 .debug_line    0x00009aeb      0x139 /usr/local/mcuxpressoide-11.9.0_2144/ide/plugins/com.nxp.mcuxpresso.tools.linux_11.9.0.202307121226/tools/bin/../lib/gcc/arm-none-eabi/12.3.1/../../../../arm-none-eabi/lib/thumb/v6-m/nofp/libcr_c.a(_writebuf.o)
 .debug_line    0x00009c24      0x3db /usr/local/mcuxpressoide-11.9.0_2144/ide/plugins/com.nxp.mcuxpresso.tools.linux_11.9.0.202307121226/tools/bin/../lib/gcc/arm-none-eabi/12.3.1/../../../../arm-none-eabi/lib/thumb/v6-m/nofp/libcr_c.a(alloc.o)
 .debug_line    0x00009fff       0x4e /usr/local/mcuxpressoide-11.9.0_2144/ide/plugins/com.nxp.mcuxpresso.tools.linux_11.9.0.202307121226/tools/bin/../lib/gcc/arm-none-eabi/12.3.1/../../../../arm-none-eabi/lib/thumb/v6-m/nofp/libcr_c.a(errno.o)
 .debug_line    0x0000a04d      0x305 /usr/local/mcuxpressoide-11.9.0_2144/ide/plugins/com.nxp.mcuxpresso.tools.linux_11.9.0.202307121226/tools/bin/../lib/gcc/arm-none-eabi/12.3.1/../../../../arm-none-eabi/lib/thumb/v6-m/nofp/libcr_c.a(_deferredlazyseek.o)
 .debug_line    0x0000a352       0xf2 /usr/local/mcuxpressoide-11.9.0_2144/ide/plugins/com.nxp.mcuxpresso.tools.linux_11.9.0.202307121226/tools/bin/../lib/gcc/arm-none-eabi/12.3.1/../../../../arm-none-eabi/lib/thumb/v6-m/nofp/libcr_nohost_nf.a(__ciob.o)
 .debug_line    0x0000a444       0x50 /usr/local/mcuxpressoide-11.9.0_2144/ide/plugins/com.nxp.mcuxpresso.tools.linux_11.9.0.202307121226/tools/bin/../lib/gcc/arm-none-eabi/12.3.1/../../../../arm-none-eabi/lib/thumb/v6-m/nofp/libcr_nohost_nf.a(__sys_close.o)
 .debug_line    0x0000a494       0x4f /usr/local/mcuxpressoide-11.9.0_2144/ide/plugins/com.nxp.mcuxpresso.tools.linux_11.9.0.202307121226/tools/bin/../lib/gcc/arm-none-eabi/12.3.1/../../../../arm-none-eabi/lib/thumb/v6-m/nofp/libcr_nohost_nf.a(__sys_flen.o)
 .debug_line    0x0000a4e3       0x50 /usr/local/mcuxpressoide-11.9.0_2144/ide/plugins/com.nxp.mcuxpresso.tools.linux_11.9.0.202307121226/tools/bin/../lib/gcc/arm-none-eabi/12.3.1/../../../../arm-none-eabi/lib/thumb/v6-m/nofp/libcr_nohost_nf.a(__sys_istty.o)
 .debug_line    0x0000a533       0x51 /usr/local/mcuxpressoide-11.9.0_2144/ide/plugins/com.nxp.mcuxpresso.tools.linux_11.9.0.202307121226/tools/bin/../lib/gcc/arm-none-eabi/12.3.1/../../../../arm-none-eabi/lib/thumb/v6-m/nofp/libcr_nohost_nf.a(__sys_remove.o)
 .debug_line    0x0000a584       0x4f /usr/local/mcuxpressoide-11.9.0_2144/ide/plugins/com.nxp.mcuxpresso.tools.linux_11.9.0.202307121226/tools/bin/../lib/gcc/arm-none-eabi/12.3.1/../../../../arm-none-eabi/lib/thumb/v6-m/nofp/libcr_nohost_nf.a(__sys_seek.o)
 .debug_line    0x0000a5d3       0x51 /usr/local/mcuxpressoide-11.9.0_2144/ide/plugins/com.nxp.mcuxpresso.tools.linux_11.9.0.202307121226/tools/bin/../lib/gcc/arm-none-eabi/12.3.1/../../../../arm-none-eabi/lib/thumb/v6-m/nofp/libcr_nohost_nf.a(__sys_tmpnam.o)
 .debug_line    0x0000a624       0x4e /usr/local/mcuxpressoide-11.9.0_2144/ide/plugins/com.nxp.mcuxpresso.tools.linux_11.9.0.202307121226/tools/bin/../lib/gcc/arm-none-eabi/12.3.1/../../../../arm-none-eabi/lib/thumb/v6-m/nofp/libcr_nohost_nf.a(__sys_write.o)

.debug_str      0x00000000    0x3cca7
 .debug_str     0x00000000     0x31a6 ./startup/startup_mkl25z4.o
                               0x3228 (size before relaxing)
 .debug_str     0x000031a6    0x33411 ./source/inspectorRTOS.o
                              0x3647a (size before relaxing)
 .debug_str     0x000365b7      0x532 ./source/mtb.o
                               0x332b (size before relaxing)
 .debug_str     0x00036ae9       0x1f ./source/semihost_hardfault.o
                               0x2e18 (size before relaxing)
 .debug_str     0x00036b08      0x44c ./freertos/fsl_tickless_lptmr.o
                               0x7c8a (size before relaxing)
 .debug_str     0x00036f54      0x312 ./freertos/heap_4.o
                               0x7b4f (size before relaxing)
 .debug_str     0x00037266      0x11e ./freertos/list.o
                               0x7442 (size before relaxing)
 .debug_str     0x00037384      0x18e ./freertos/port.o
                               0x7e4b (size before relaxing)
 .debug_str     0x00037512      0x826 ./freertos/queue.o
                               0x8b63 (size before relaxing)
 .debug_str     0x00037d38     0x1a00 ./freertos/tasks.o
                               0x97ca (size before relaxing)
 .debug_str     0x00039738      0x4b0 ./freertos/timers.o
                               0x9067 (size before relaxing)
 .debug_str     0x00039be8     0x10ad ./drivers/fsl_i2c.o
                              0x31ac0 (size before relaxing)
 .debug_str     0x0003ac95      0xa5e ./drivers/fsl_lpsci.o
                              0x318ee (size before relaxing)
 .debug_str     0x0003b6f3      0x93d ./drivers/fsl_uart.o
                              0x31911 (size before relaxing)
 .debug_str     0x0003c030      0x114 ./board/RGB.o
                              0x28ec5 (size before relaxing)
 .debug_str     0x0003c144      0x1e8 ./board/common.o
                              0x2c99a (size before relaxing)
 .debug_str     0x0003c32c      0x1ef ./board/mainSystem.o
                              0x36739 (size before relaxing)
 .debug_str     0x0003c51b      0x117 ./board/stepper.o
                              0x2c41b (size before relaxing)
 .debug_str     0x0003c632       0x59 ./CMSIS/system_MKL25Z4.o
                              0x2fc5a (size before relaxing)